Archive member included to satisfy reference by file (symbol)

/Applications/SEGGER Embedded Studio for ARM 5.66/lib/libc_v7em_fpv4_sp_d16_hard_t_le_eabi.a(libc2.o)
                              Output/Release/Obj/ble_app_blinky_pca10056_s140/nrf_log_str_formatter.o (isprint)
/Applications/SEGGER Embedded Studio for ARM 5.66/lib/libc_v7em_fpv4_sp_d16_hard_t_le_eabi.a(libc2_asm.o)
                              Output/Release/Obj/ble_app_blinky_pca10056_s140/nrf_log_frontend.o (memcpy)
/Applications/SEGGER Embedded Studio for ARM 5.66/lib/libc_v7em_fpv4_sp_d16_hard_t_le_eabi.a(libvfprintf.o)
                              (__vfprintf_long)
/Applications/SEGGER Embedded Studio for ARM 5.66/lib/libc_v7em_fpv4_sp_d16_hard_t_le_eabi.a(libvfscanf.o)
                              (__vfscanf_long)
/Applications/SEGGER Embedded Studio for ARM 5.66/lib/libc_v7em_fpv4_sp_d16_hard_t_le_eabi.a(libc.o)
                              /Applications/SEGGER Embedded Studio for ARM 5.66/lib/libc_v7em_fpv4_sp_d16_hard_t_le_eabi.a(libc2.o) (__heap_lock)
/Applications/SEGGER Embedded Studio for ARM 5.66/lib/libc_v7em_fpv4_sp_d16_hard_t_le_eabi.a(libc_asm.o)
                              /Applications/SEGGER Embedded Studio for ARM 5.66/lib/libc_v7em_fpv4_sp_d16_hard_t_le_eabi.a(libc2.o) (__aeabi_uldivmod)
/Applications/SEGGER Embedded Studio for ARM 5.66/lib/libdebugio_v7em_fpv4_sp_d16_hard_t_le_eabi.a(libdebugio.o)
                              Output/Release/Obj/ble_app_blinky_pca10056_s140/thumb_crt0.o (debug_fopen)
/Applications/SEGGER Embedded Studio for ARM 5.66/lib/libdebugio_v7em_fpv4_sp_d16_hard_t_le_eabi.a(do_nv_debug_operation.o)
                              /Applications/SEGGER Embedded Studio for ARM 5.66/lib/libdebugio_v7em_fpv4_sp_d16_hard_t_le_eabi.a(libdebugio.o) (__do_nvdebug_operation)
/Applications/SEGGER Embedded Studio for ARM 5.66/lib/libdebugio_v7em_fpv4_sp_d16_hard_t_le_eabi.a(mempoll_debug_operations.o)
                              (__do_debug_operation_mempoll)
/Applications/SEGGER Embedded Studio for ARM 5.66/lib/libm_v7em_fpv4_sp_d16_hard_t_le_eabi.a(libm_asm.o)
                              /Applications/SEGGER Embedded Studio for ARM 5.66/lib/libc_v7em_fpv4_sp_d16_hard_t_le_eabi.a(libc2.o) (__aeabi_dadd)
/Applications/SEGGER Embedded Studio for ARM 5.66/lib/libm_v7em_fpv4_sp_d16_hard_t_le_eabi.a(libm2.o)
                              /Applications/SEGGER Embedded Studio for ARM 5.66/lib/libc_v7em_fpv4_sp_d16_hard_t_le_eabi.a(libvfprintf.o) (frexp)

Discarded input sections

 .text          0x0000000000000000        0x0 Output/Release/Obj/ble_app_blinky_pca10056_s140/thumb_crt0.o
 .data          0x0000000000000000        0x0 Output/Release/Obj/ble_app_blinky_pca10056_s140/thumb_crt0.o
 .bss           0x0000000000000000        0x0 Output/Release/Obj/ble_app_blinky_pca10056_s140/thumb_crt0.o
 .text.__aeabi_read_tp
                0x0000000000000000        0x8 Output/Release/Obj/ble_app_blinky_pca10056_s140/thumb_crt0.o
 .text.abort    0x0000000000000000        0x2 Output/Release/Obj/ble_app_blinky_pca10056_s140/thumb_crt0.o
 .text.__assert
                0x0000000000000000        0x2 Output/Release/Obj/ble_app_blinky_pca10056_s140/thumb_crt0.o
 .text.__assert_func
                0x0000000000000000        0x2 Output/Release/Obj/ble_app_blinky_pca10056_s140/thumb_crt0.o
 .text.__aeabi_assert
                0x0000000000000000        0x2 Output/Release/Obj/ble_app_blinky_pca10056_s140/thumb_crt0.o
 .text.__sync_synchronize
                0x0000000000000000        0x2 Output/Release/Obj/ble_app_blinky_pca10056_s140/thumb_crt0.o
 .text.__getchar
                0x0000000000000000        0x4 Output/Release/Obj/ble_app_blinky_pca10056_s140/thumb_crt0.o
 .text.__putchar
                0x0000000000000000        0x4 Output/Release/Obj/ble_app_blinky_pca10056_s140/thumb_crt0.o
 .text.__open   0x0000000000000000        0x4 Output/Release/Obj/ble_app_blinky_pca10056_s140/thumb_crt0.o
 .text.__close  0x0000000000000000        0x4 Output/Release/Obj/ble_app_blinky_pca10056_s140/thumb_crt0.o
 .text.__write  0x0000000000000000        0xa Output/Release/Obj/ble_app_blinky_pca10056_s140/thumb_crt0.o
 .text.__read   0x0000000000000000        0xa Output/Release/Obj/ble_app_blinky_pca10056_s140/thumb_crt0.o
 .text.__seek   0x0000000000000000       0x1a Output/Release/Obj/ble_app_blinky_pca10056_s140/thumb_crt0.o
 .text.remove   0x0000000000000000        0x4 Output/Release/Obj/ble_app_blinky_pca10056_s140/thumb_crt0.o
 .text.rename   0x0000000000000000        0x4 Output/Release/Obj/ble_app_blinky_pca10056_s140/thumb_crt0.o
 .bss.__user_locale_name_buffer
                0x0000000000000000        0x4 Output/Release/Obj/ble_app_blinky_pca10056_s140/thumb_crt0.o
 .stack         0x0000000000000000        0x0 Output/Release/Obj/ble_app_blinky_pca10056_s140/thumb_crt0.o
 .stack_process
                0x0000000000000000        0x0 Output/Release/Obj/ble_app_blinky_pca10056_s140/thumb_crt0.o
[...]
Memory Configuration

Name             Origin             Length             Attributes
UNPLACED_SECTIONS 0x0000000100000000 0x0000000000000000 xw
RAM1             0x0000000020000000 0x0000000000040000 xw
FLASH1           0x0000000000000000 0x0000000000100000 xw
*default*        0x0000000000000000 0xffffffffffffffff

Linker script and memory map

                0x0000000000000000                __do_debug_operation = __do_debug_operation_mempoll
                0x0000000000000000                __vfprintf = __vfprintf_long
                0x0000000000000000                __vfscanf = __vfscanf_long
                0x0000000020000000                __RAM1_segment_start__ = 0x20000000
                0x0000000020040000                __RAM1_segment_end__ = 0x20040000
                0x0000000000040000                __RAM1_segment_size__ = 0x40000
                0x0000000000000000                __FLASH1_segment_start__ = 0x0
                0x0000000000100000                __FLASH1_segment_end__ = 0x100000
                0x0000000000100000                __FLASH1_segment_size__ = 0x100000
                0x0000000000002000                __HEAPSIZE__ = 0x2000
                0x0000000000000000                __STACKSIZE_PROCESS__ = 0x0
                0x0000000000002000                __STACKSIZE__ = 0x2000
                0x0000000020000000                __reserved_ram_load_start__ = 0x20000000

.reserved_ram   0x0000000020000000     0x2300
                0x0000000020000000                __reserved_ram_start__ = .
 *(.reserved_ram .reserved_ram.*)
                0x0000000020002300                . = MAX (((__reserved_ram_start__ + 0x20002300) - 0x20000000), .)
 *fill*         0x0000000020000000     0x2300 
                0x0000000020002300                __reserved_ram_end__ = (__reserved_ram_start__ + SIZEOF (.reserved_ram))
                0x0000000000002300                __reserved_ram_size__ = SIZEOF (.reserved_ram)
                0x0000000020002300                __reserved_ram_load_end__ = __reserved_ram_end__
                0x0000000000000001                . = ASSERT (((__reserved_ram_start__ == __reserved_ram_end__) || ((__reserved_ram_end__ - __RAM1_segment_start__) <= __RAM1_segment_size__)), error: .reserved_ram is too large to fit in RAM1 memory segment)
                0x0000000020002300                __vectors_ram_load_start__ = 0x20002300

.vectors_ram    0x0000000020002300        0x0
                0x0000000020002300                __vectors_ram_start__ = .
                0x0000000020002300                __app_ram_start__ = __vectors_ram_start__
 *(.vectors_ram .vectors_ram.*)
                0x0000000020002300                __vectors_ram_end__ = (__vectors_ram_start__ + SIZEOF (.vectors_ram))
                0x0000000000000000                __vectors_ram_size__ = SIZEOF (.vectors_ram)
                0x0000000020002300                __vectors_ram_load_end__ = __vectors_ram_end__
                0x0000000000000001                . = ASSERT (((__vectors_ram_start__ == __vectors_ram_end__) || ((__vectors_ram_end__ - __RAM1_segment_start__) <= __RAM1_segment_size__)), error: .vectors_ram is too large to fit in RAM1 memory segment)
                0x0000000000000001                . = ASSERT ((__reserved_ram_end__ <= __vectors_ram_start__), error: section .reserved_ram overlaps absolute placed section .vectors_ram)
                0x0000000020002300                __nrf_sections_run_load_start__ = ALIGN (__vectors_ram_end__, 0x4)

.nrf_sections_run
                0x0000000020002300        0x0
                0x0000000020002300                __nrf_sections_run_start__ = .
                0x0000000020002300                __start_nrf_sections_run = __nrf_sections_run_start__
 *(.nrf_sections_run .nrf_sections_run.*)
                0x0000000020002300                __nrf_sections_run_end__ = (__nrf_sections_run_start__ + SIZEOF (.nrf_sections_run))
                0x0000000000000000                __nrf_sections_run_size__ = SIZEOF (.nrf_sections_run)
                0x0000000020002300                __nrf_sections_run_load_end__ = __nrf_sections_run_end__
                0x0000000000000001                . = ASSERT (((__nrf_sections_run_start__ == __nrf_sections_run_end__) || ((__nrf_sections_run_end__ - __RAM1_segment_start__) <= __RAM1_segment_size__)), error: .nrf_sections_run is too large to fit in RAM1 memory segment)
                0x0000000000000000                __reserved_flash_load_start__ = 0x0

.reserved_flash
                0x0000000000000000    0x27000
                0x0000000000000000                __reserved_flash_start__ = .
 *(.reserved_flash .reserved_flash.*)
                0x0000000000027000                . = MAX (((__reserved_flash_start__ + 0x27000) - 0x0), .)
 *fill*         0x0000000000000000    0x27000 
                0x0000000000027000                __reserved_flash_end__ = (__reserved_flash_start__ + SIZEOF (.reserved_flash))
                0x0000000000027000                __reserved_flash_size__ = SIZEOF (.reserved_flash)
                0x0000000000027000                __reserved_flash_load_end__ = __reserved_flash_end__
                0x0000000000000001                . = ASSERT (((__reserved_flash_start__ == __reserved_flash_end__) || ((__reserved_flash_end__ - __FLASH1_segment_start__) <= __FLASH1_segment_size__)), error: .reserved_flash is too large to fit in FLASH1 memory segment)
                0x0000000000027000                __vectors_load_start__ = 0x27000

.vectors        0x0000000000027000      0x200
                0x0000000000027000                __vectors_start__ = .
 *(.vectors .vectors.*)
 .vectors       0x0000000000027000      0x200 Output/Release/Obj/ble_app_blinky_pca10056_s140/ses_startup_nrf52840.o
                0x0000000000027000                _vectors
                0x0000000000027200                __vectors_end__ = (__vectors_start__ + SIZEOF (.vectors))
                0x0000000000000200                __vectors_size__ = SIZEOF (.vectors)
                0x0000000000027200                __vectors_load_end__ = __vectors_end__
                0x0000000000000001                . = ASSERT (((__vectors_start__ == __vectors_end__) || ((__vectors_end__ - __FLASH1_segment_start__) <= __FLASH1_segment_size__)), error: .vectors is too large to fit in FLASH1 memory segment)
                0x0000000000000001                . = ASSERT ((__reserved_flash_end__ <= __vectors_start__), error: section .reserved_flash overlaps absolute placed section .vectors)
                0x0000000000027200                __init_load_start__ = ALIGN (__vectors_end__, 0x4)

.init           0x0000000000027200      0x1d0
                0x0000000000027200                __init_start__ = .
 *(.init .init.*)
 .init          0x0000000000027200      0x15c Output/Release/Obj/ble_app_blinky_pca10056_s140/thumb_crt0.o
                0x0000000000027200                _start
                0x00000000000272b4                exit
 .init          0x000000000002735c       0x18 Output/Release/Obj/ble_app_blinky_pca10056_s140/ses_startup_nrf52840.o
                0x000000000002735c                NMI_Handler
                0x000000000002735e                HardFault_Handler
                0x0000000000027360                MemoryManagement_Handler
                0x0000000000027362                BusFault_Handler
                0x0000000000027364                UsageFault_Handler
                0x0000000000027366                SVC_Handler
                0x0000000000027368                DebugMon_Handler
                0x000000000002736a                PendSV_Handler
                0x000000000002736c                SysTick_Handler
                0x000000000002736e                PWM3_IRQHandler
                0x000000000002736e                FPU_IRQHandler
                0x000000000002736e                USBD_IRQHandler
                0x000000000002736e                SPIM0_SPIS0_TWIM0_TWIS0_SPI0_TWI0_IRQHandler
                0x000000000002736e                TIMER4_IRQHandler
                0x000000000002736e                CRYPTOCELL_IRQHandler
                0x000000000002736e                I2S_IRQHandler
                0x000000000002736e                SWI4_EGU4_IRQHandler
                0x000000000002736e                TIMER0_IRQHandler
                0x000000000002736e                UARTE1_IRQHandler
                0x000000000002736e                Dummy_Handler
                0x000000000002736e                TIMER1_IRQHandler
                0x000000000002736e                SPIM3_IRQHandler
                0x000000000002736e                PWM2_IRQHandler
                0x000000000002736e                ECB_IRQHandler
                0x000000000002736e                SPIM1_SPIS1_TWIM1_TWIS1_SPI1_TWI1_IRQHandler
                0x000000000002736e                SAADC_IRQHandler
                0x000000000002736e                CCM_AAR_IRQHandler
                0x000000000002736e                WDT_IRQHandler
                0x000000000002736e                SWI5_EGU5_IRQHandler
                0x000000000002736e                RNG_IRQHandler
                0x000000000002736e                RTC2_IRQHandler
                0x000000000002736e                PWM0_IRQHandler
                0x000000000002736e                SWI3_EGU3_IRQHandler
                0x000000000002736e                SWI1_EGU1_IRQHandler
                0x000000000002736e                SPIM2_SPIS2_SPI2_IRQHandler
                0x000000000002736e                NFCT_IRQHandler
                0x000000000002736e                MWU_IRQHandler
                0x000000000002736e                COMP_LPCOMP_IRQHandler
                0x000000000002736e                RTC0_IRQHandler
                0x000000000002736e                SWI0_EGU0_IRQHandler
                0x000000000002736e                PWM1_IRQHandler
                0x000000000002736e                RADIO_IRQHandler
                0x000000000002736e                PDM_IRQHandler
                0x000000000002736e                TEMP_IRQHandler
                0x000000000002736e                QDEC_IRQHandler
                0x000000000002736e                TIMER3_IRQHandler
                0x000000000002736e                TIMER2_IRQHandler
                0x000000000002736e                QSPI_IRQHandler
                0x0000000000027370                nRFInitialize
 .init          0x0000000000027374       0x5c Output/Release/Obj/ble_app_blinky_pca10056_s140/ses_startup_nrf_common.o
                0x0000000000027374                Reset_Handler
                0x0000000000027378                afterInitialize
                0x000000000002739c                InitializeUserMemorySections
                0x00000000000273d0                __init_end__ = (__init_start__ + SIZEOF (.init))
                0x00000000000001d0                __init_size__ = SIZEOF (.init)
                0x00000000000273d0                __init_load_end__ = __init_end__
                0x0000000000000001                . = ASSERT (((__init_start__ == __init_end__) || ((__init_end__ - __FLASH1_segment_start__) <= __FLASH1_segment_size__)), error: .init is too large to fit in FLASH1 memory segment)
                0x00000000000273d0                __init_rodata_load_start__ = ALIGN (__init_end__, 0x4)

.init_rodata    0x00000000000273d0        0x0
                0x00000000000273d0                __init_rodata_start__ = .
 *(.init_rodata .init_rodata.*)
                0x00000000000273d0                __init_rodata_end__ = (__init_rodata_start__ + SIZEOF (.init_rodata))
                0x0000000000000000                __init_rodata_size__ = SIZEOF (.init_rodata)
                0x00000000000273d0                __init_rodata_load_end__ = __init_rodata_end__
                0x0000000000000001                . = ASSERT (((__init_rodata_start__ == __init_rodata_end__) || ((__init_rodata_end__ - __FLASH1_segment_start__) <= __FLASH1_segment_size__)), error: .init_rodata is too large to fit in FLASH1 memory segment)
                0x00000000000273d0                __text_load_start__ = ALIGN (__init_rodata_end__, 0x4)

.text           0x00000000000273d0     0x4c1c
                0x00000000000273d0                __text_start__ = .
 *(.text .text.* .glue_7t .glue_7 .gnu.linkonce.t.* .gcc_except_table .ARM.extab* .gnu.linkonce.armextab.*)
 .glue_7        0x00000000000273d0        0x0 linker stubs
 .glue_7t       0x00000000000273d0        0x0 linker stubs
 .text.nrf_log_backend_serial_put
                0x00000000000273d0       0xc2 Output/Release/Obj/ble_app_blinky_pca10056_s140/nrf_log_backend_serial.o
                0x00000000000273d0                nrf_log_backend_serial_put
 *fill*         0x0000000000027492        0x2 
 .text.uart_evt_handler
                0x0000000000027494        0xc Output/Release/Obj/ble_app_blinky_pca10056_s140/nrf_log_backend_uart.o
 .text.nrf_log_backend_uart_flush
                0x00000000000274a0        0x2 Output/Release/Obj/ble_app_blinky_pca10056_s140/nrf_log_backend_uart.o
 *fill*         0x00000000000274a2        0x2 
 .text.uart_init
                0x00000000000274a4       0x4c Output/Release/Obj/ble_app_blinky_pca10056_s140/nrf_log_backend_uart.o
 .text.nrf_log_backend_uart_put
                0x00000000000274f0       0x1c Output/Release/Obj/ble_app_blinky_pca10056_s140/nrf_log_backend_uart.o
 .text.serial_tx
                0x000000000002750c       0x48 Output/Release/Obj/ble_app_blinky_pca10056_s140/nrf_log_backend_uart.o
 .text.nrf_log_backend_uart_panic_set
                0x0000000000027554       0x2c Output/Release/Obj/ble_app_blinky_pca10056_s140/nrf_log_backend_uart.o
 .text.nrf_log_backend_uart_init
                0x0000000000027580        0x6 Output/Release/Obj/ble_app_blinky_pca10056_s140/nrf_log_backend_uart.o
                0x0000000000027580                nrf_log_backend_uart_init
 *fill*         0x0000000000027586        0x2 
 .text.nrf_log_default_backends_init
                0x0000000000027588       0x20 Output/Release/Obj/ble_app_blinky_pca10056_s140/nrf_log_default_backends.o
                0x0000000000027588                nrf_log_default_backends_init
 .text.invalid_packets_omit
                0x00000000000275a8       0x3a Output/Release/Obj/ble_app_blinky_pca10056_s140/nrf_log_frontend.o
 *fill*         0x00000000000275e2        0x2 
 .text.buf_prealloc
                0x00000000000275e4      0x128 Output/Release/Obj/ble_app_blinky_pca10056_s140/nrf_log_frontend.o
 .text.nrf_log_init
                0x000000000002770c       0x28 Output/Release/Obj/ble_app_blinky_pca10056_s140/nrf_log_frontend.o
                0x000000000002770c                nrf_log_init
 .text.nrf_log_module_name_get
                0x0000000000027734       0x38 Output/Release/Obj/ble_app_blinky_pca10056_s140/nrf_log_frontend.o
                0x0000000000027734                nrf_log_module_name_get
 .text.nrf_log_color_id_get
                0x000000000002776c       0x2c Output/Release/Obj/ble_app_blinky_pca10056_s140/nrf_log_frontend.o
                0x000000000002776c                nrf_log_color_id_get
 .text.log_pending_hook
                0x0000000000027798        0x2 Output/Release/Obj/ble_app_blinky_pca10056_s140/nrf_log_frontend.o
                0x0000000000027798                log_pending_hook
 *fill*         0x000000000002779a        0x2 
 .text.buffer_is_empty
                0x000000000002779c       0x14 Output/Release/Obj/ble_app_blinky_pca10056_s140/nrf_log_frontend.o
                0x000000000002779c                buffer_is_empty
 .text.nrf_log_frontend_dequeue
                0x00000000000277b0      0x208 Output/Release/Obj/ble_app_blinky_pca10056_s140/nrf_log_frontend.o
                0x00000000000277b0                nrf_log_frontend_dequeue
 .text.std_n    0x00000000000279b8       0x90 Output/Release/Obj/ble_app_blinky_pca10056_s140/nrf_log_frontend.o
 .text.nrf_log_frontend_std_0
                0x0000000000027a48        0x8 Output/Release/Obj/ble_app_blinky_pca10056_s140/nrf_log_frontend.o
                0x0000000000027a48                nrf_log_frontend_std_0
 .text.nrf_log_frontend_std_1
                0x0000000000027a50       0x12 Output/Release/Obj/ble_app_blinky_pca10056_s140/nrf_log_frontend.o
                0x0000000000027a50                nrf_log_frontend_std_1
 .text.nrf_log_frontend_std_2
                0x0000000000027a62       0x14 Output/Release/Obj/ble_app_blinky_pca10056_s140/nrf_log_frontend.o
                0x0000000000027a62                nrf_log_frontend_std_2
 *fill*         0x0000000000027a76        0x2 
 .text.nrf_log_backend_add
                0x0000000000027a78       0x44 Output/Release/Obj/ble_app_blinky_pca10056_s140/nrf_log_frontend.o
                0x0000000000027a78                nrf_log_backend_add
 .text.nrf_log_panic
                0x0000000000027abc       0x28 Output/Release/Obj/ble_app_blinky_pca10056_s140/nrf_log_frontend.o
                0x0000000000027abc                nrf_log_panic
 .text.prefix_process
                0x0000000000027ae4       0x7c Output/Release/Obj/ble_app_blinky_pca10056_s140/nrf_log_str_formatter.o
 .text.postfix_process
                0x0000000000027b60       0x44 Output/Release/Obj/ble_app_blinky_pca10056_s140/nrf_log_str_formatter.o
 .text.nrf_log_std_entry_process
                0x0000000000027ba4       0xc8 Output/Release/Obj/ble_app_blinky_pca10056_s140/nrf_log_str_formatter.o
                0x0000000000027ba4                nrf_log_std_entry_process
 .text.nrf_log_hexdump_entry_process
                0x0000000000027c6c       0xc0 Output/Release/Obj/ble_app_blinky_pca10056_s140/nrf_log_str_formatter.o
                0x0000000000027c6c                nrf_log_hexdump_entry_process
 .text.state_set
                0x0000000000027d2c       0x24 Output/Release/Obj/ble_app_blinky_pca10056_s140/app_button.o
 .text.button_get
                0x0000000000027d50       0x30 Output/Release/Obj/ble_app_blinky_pca10056_s140/app_button.o
 .text.usr_event
                0x0000000000027d80       0x20 Output/Release/Obj/ble_app_blinky_pca10056_s140/app_button.o
 .text.timer_start
                0x0000000000027da0       0x18 Output/Release/Obj/ble_app_blinky_pca10056_s140/app_button.o
 .text.gpiote_event_handler
                0x0000000000027db8       0x34 Output/Release/Obj/ble_app_blinky_pca10056_s140/app_button.o
 .text.evt_handle
                0x0000000000027dec       0xec Output/Release/Obj/ble_app_blinky_pca10056_s140/app_button.o
                0x0000000000027dec                evt_handle
 .text.detection_delay_timeout_handler
                0x0000000000027ed8       0x5c Output/Release/Obj/ble_app_blinky_pca10056_s140/app_button.o
 .text.app_button_init
                0x0000000000027f34       0xb0 Output/Release/Obj/ble_app_blinky_pca10056_s140/app_button.o
                0x0000000000027f34                app_button_init
 .text.app_button_enable
                0x0000000000027fe4       0x2c Output/Release/Obj/ble_app_blinky_pca10056_s140/app_button.o
                0x0000000000027fe4                app_button_enable
 .text.app_button_disable
                0x0000000000028010       0x58 Output/Release/Obj/ble_app_blinky_pca10056_s140/app_button.o
                0x0000000000028010                app_button_disable
 .text.app_error_handler_bare
                0x0000000000028068       0x1a Output/Release/Obj/ble_app_blinky_pca10056_s140/app_error.o
                0x0000000000028068                app_error_handler_bare
 *fill*         0x0000000000028082        0x2 
 .text.app_error_fault_handler
                0x0000000000028084       0x6c Output/Release/Obj/ble_app_blinky_pca10056_s140/app_error_weak.o
                0x0000000000028084                app_error_fault_handler
 .text.compare_func
                0x00000000000280f0       0x18 Output/Release/Obj/ble_app_blinky_pca10056_s140/app_timer2.o
 .text.get_now  0x0000000000028108       0x38 Output/Release/Obj/ble_app_blinky_pca10056_s140/app_timer2.o
 .text.timer_req_schedule
                0x0000000000028140       0x38 Output/Release/Obj/ble_app_blinky_pca10056_s140/app_timer2.o
 .text.timer_expire
                0x0000000000028178       0xb0 Output/Release/Obj/ble_app_blinky_pca10056_s140/app_timer2.o
 .text.app_timer_init
                0x0000000000028228       0x64 Output/Release/Obj/ble_app_blinky_pca10056_s140/app_timer2.o
                0x0000000000028228                app_timer_init
 .text.app_timer_create
                0x000000000002828c       0x24 Output/Release/Obj/ble_app_blinky_pca10056_s140/app_timer2.o
                0x000000000002828c                app_timer_create
 .text.app_timer_start
                0x00000000000282b0       0x5c Output/Release/Obj/ble_app_blinky_pca10056_s140/app_timer2.o
                0x00000000000282b0                app_timer_start
 .text.app_timer_stop
                0x000000000002830c       0x4e Output/Release/Obj/ble_app_blinky_pca10056_s140/app_timer2.o
                0x000000000002830c                app_timer_stop
 *fill*         0x000000000002835a        0x2 
 .text.app_timer_cnt_get
                0x000000000002835c        0xc Output/Release/Obj/ble_app_blinky_pca10056_s140/app_timer2.o
                0x000000000002835c                app_timer_cnt_get
 .text.rtc_irq  0x0000000000028368      0x1b8 Output/Release/Obj/ble_app_blinky_pca10056_s140/app_timer2.o
 .text.app_util_critical_region_enter
                0x0000000000028520       0x48 Output/Release/Obj/ble_app_blinky_pca10056_s140/app_util_platform.o
                0x0000000000028520                app_util_critical_region_enter
 .text.app_util_critical_region_exit
                0x0000000000028568       0x2c Output/Release/Obj/ble_app_blinky_pca10056_s140/app_util_platform.o
                0x0000000000028568                app_util_critical_region_exit
 .text.evt_pending.isra.0
                0x0000000000028594       0x1a Output/Release/Obj/ble_app_blinky_pca10056_s140/drv_rtc.o
 *fill*         0x00000000000285ae        0x2 
 .text.drv_rtc_init
                0x00000000000285b0       0xa4 Output/Release/Obj/ble_app_blinky_pca10056_s140/drv_rtc.o
                0x00000000000285b0                drv_rtc_init
 .text.drv_rtc_start
                0x0000000000028654        0x8 Output/Release/Obj/ble_app_blinky_pca10056_s140/drv_rtc.o
                0x0000000000028654                drv_rtc_start
 .text.drv_rtc_stop
                0x000000000002865c        0x8 Output/Release/Obj/ble_app_blinky_pca10056_s140/drv_rtc.o
                0x000000000002865c                drv_rtc_stop
 .text.drv_rtc_compare_set
                0x0000000000028664       0x3e Output/Release/Obj/ble_app_blinky_pca10056_s140/drv_rtc.o
                0x0000000000028664                drv_rtc_compare_set
 *fill*         0x00000000000286a2        0x2 
 .text.drv_rtc_windowed_compare_set
                0x00000000000286a4       0xf0 Output/Release/Obj/ble_app_blinky_pca10056_s140/drv_rtc.o
                0x00000000000286a4                drv_rtc_windowed_compare_set
 .text.drv_rtc_overflow_enable
                0x0000000000028794       0x10 Output/Release/Obj/ble_app_blinky_pca10056_s140/drv_rtc.o
                0x0000000000028794                drv_rtc_overflow_enable
 .text.drv_rtc_overflow_pending
                0x00000000000287a4        0xa Output/Release/Obj/ble_app_blinky_pca10056_s140/drv_rtc.o
                0x00000000000287a4                drv_rtc_overflow_pending
 .text.drv_rtc_compare_disable
                0x00000000000287ae       0x14 Output/Release/Obj/ble_app_blinky_pca10056_s140/drv_rtc.o
                0x00000000000287ae                drv_rtc_compare_disable
 .text.drv_rtc_compare_pending
                0x00000000000287c2        0xc Output/Release/Obj/ble_app_blinky_pca10056_s140/drv_rtc.o
                0x00000000000287c2                drv_rtc_compare_pending
 .text.drv_rtc_counter_get
                0x00000000000287ce        0x8 Output/Release/Obj/ble_app_blinky_pca10056_s140/drv_rtc.o
                0x00000000000287ce                drv_rtc_counter_get
 *fill*         0x00000000000287d6        0x2 
 .text.drv_rtc_irq_trigger
                0x00000000000287d8       0x24 Output/Release/Obj/ble_app_blinky_pca10056_s140/drv_rtc.o
                0x00000000000287d8                drv_rtc_irq_trigger
 .text.RTC1_IRQHandler
                0x00000000000287fc       0x14 Output/Release/Obj/ble_app_blinky_pca10056_s140/drv_rtc.o
                0x00000000000287fc                RTC1_IRQHandler
 .text.nrf_atfifo_init
                0x0000000000028810       0x26 Output/Release/Obj/ble_app_blinky_pca10056_s140/nrf_atfifo.o
                0x0000000000028810                nrf_atfifo_init
 .text.nrf_atfifo_item_alloc
                0x0000000000028836       0x54 Output/Release/Obj/ble_app_blinky_pca10056_s140/nrf_atfifo.o
                0x0000000000028836                nrf_atfifo_item_alloc
 .text.nrf_atfifo_item_put
                0x000000000002888a       0x20 Output/Release/Obj/ble_app_blinky_pca10056_s140/nrf_atfifo.o
                0x000000000002888a                nrf_atfifo_item_put
 .text.nrf_atfifo_item_get
                0x00000000000288aa       0x56 Output/Release/Obj/ble_app_blinky_pca10056_s140/nrf_atfifo.o
                0x00000000000288aa                nrf_atfifo_item_get
 .text.nrf_atfifo_item_free
                0x0000000000028900       0x20 Output/Release/Obj/ble_app_blinky_pca10056_s140/nrf_atfifo.o
                0x0000000000028900                nrf_atfifo_item_free
 .text.nrf_atflags_set
                0x0000000000028920       0x12 Output/Release/Obj/ble_app_blinky_pca10056_s140/nrf_atflags.o
                0x0000000000028920                nrf_atflags_set
 .text.nrf_atflags_clear
                0x0000000000028932       0x14 Output/Release/Obj/ble_app_blinky_pca10056_s140/nrf_atflags.o
                0x0000000000028932                nrf_atflags_clear
 .text.nrf_atflags_get
                0x0000000000028946       0x12 Output/Release/Obj/ble_app_blinky_pca10056_s140/nrf_atflags.o
                0x0000000000028946                nrf_atflags_get
 .text.nrf_atomic_u32_fetch_store
                0x0000000000028958       0x16 Output/Release/Obj/ble_app_blinky_pca10056_s140/nrf_atomic.o
                0x0000000000028958                nrf_atomic_u32_fetch_store
 .text.nrf_atomic_u32_or
                0x000000000002896e       0x18 Output/Release/Obj/ble_app_blinky_pca10056_s140/nrf_atomic.o
                0x000000000002896e                nrf_atomic_u32_or
 .text.nrf_atomic_u32_fetch_and
                0x0000000000028986       0x18 Output/Release/Obj/ble_app_blinky_pca10056_s140/nrf_atomic.o
                0x0000000000028986                nrf_atomic_u32_fetch_and
 .text.nrf_atomic_u32_and
                0x000000000002899e       0x18 Output/Release/Obj/ble_app_blinky_pca10056_s140/nrf_atomic.o
                0x000000000002899e                nrf_atomic_u32_and
 .text.nrf_atomic_u32_add
                0x00000000000289b6       0x18 Output/Release/Obj/ble_app_blinky_pca10056_s140/nrf_atomic.o
                0x00000000000289b6                nrf_atomic_u32_add
 .text.nrf_atomic_u32_sub
                0x00000000000289ce       0x18 Output/Release/Obj/ble_app_blinky_pca10056_s140/nrf_atomic.o
                0x00000000000289ce                nrf_atomic_u32_sub
 .text.nrf_atomic_flag_set
                0x00000000000289e6        0x6 Output/Release/Obj/ble_app_blinky_pca10056_s140/nrf_atomic.o
                0x00000000000289e6                nrf_atomic_flag_set
 .text.nrf_atomic_flag_clear_fetch
                0x00000000000289ec        0x6 Output/Release/Obj/ble_app_blinky_pca10056_s140/nrf_atomic.o
                0x00000000000289ec                nrf_atomic_flag_clear_fetch
 .text.nrf_balloc_init
                0x00000000000289f2       0x2e Output/Release/Obj/ble_app_blinky_pca10056_s140/nrf_balloc.o
                0x00000000000289f2                nrf_balloc_init
 .text.nrf_balloc_alloc
                0x0000000000028a20       0x48 Output/Release/Obj/ble_app_blinky_pca10056_s140/nrf_balloc.o
                0x0000000000028a20                nrf_balloc_alloc
 .text.nrf_balloc_free
                0x0000000000028a68       0x34 Output/Release/Obj/ble_app_blinky_pca10056_s140/nrf_balloc.o
                0x0000000000028a68                nrf_balloc_free
 .text.nrf_fprintf_buffer_flush
                0x0000000000028a9c       0x16 Output/Release/Obj/ble_app_blinky_pca10056_s140/nrf_fprintf.o
                0x0000000000028a9c                nrf_fprintf_buffer_flush
 .text.nrf_fprintf
                0x0000000000028ab2       0x1c Output/Release/Obj/ble_app_blinky_pca10056_s140/nrf_fprintf.o
                0x0000000000028ab2                nrf_fprintf
 .text.buffer_add
                0x0000000000028ace       0x2e Output/Release/Obj/ble_app_blinky_pca10056_s140/nrf_fprintf_format.o
 .text.unsigned_print
                0x0000000000028afc       0xb4 Output/Release/Obj/ble_app_blinky_pca10056_s140/nrf_fprintf_format.o
 .text.nrf_fprintf_fmt
                0x0000000000028bb0      0x294 Output/Release/Obj/ble_app_blinky_pca10056_s140/nrf_fprintf_format.o
                0x0000000000028bb0                nrf_fprintf_fmt
 .text.memobj_op
                0x0000000000028e44       0x86 Output/Release/Obj/ble_app_blinky_pca10056_s140/nrf_memobj.o
 .text.nrf_memobj_pool_init
                0x0000000000028eca        0x4 Output/Release/Obj/ble_app_blinky_pca10056_s140/nrf_memobj.o
                0x0000000000028eca                nrf_memobj_pool_init
 .text.nrf_memobj_free
                0x0000000000028ece       0x2c Output/Release/Obj/ble_app_blinky_pca10056_s140/nrf_memobj.o
                0x0000000000028ece                nrf_memobj_free
 .text.nrf_memobj_alloc
                0x0000000000028efa       0x5e Output/Release/Obj/ble_app_blinky_pca10056_s140/nrf_memobj.o
                0x0000000000028efa                nrf_memobj_alloc
 .text.nrf_memobj_get
                0x0000000000028f58        0x8 Output/Release/Obj/ble_app_blinky_pca10056_s140/nrf_memobj.o
                0x0000000000028f58                nrf_memobj_get
 .text.nrf_memobj_put
                0x0000000000028f60       0x1c Output/Release/Obj/ble_app_blinky_pca10056_s140/nrf_memobj.o
                0x0000000000028f60                nrf_memobj_put
 .text.nrf_memobj_write
                0x0000000000028f7c       0x14 Output/Release/Obj/ble_app_blinky_pca10056_s140/nrf_memobj.o
                0x0000000000028f7c                nrf_memobj_write
 .text.nrf_memobj_read
                0x0000000000028f90       0x14 Output/Release/Obj/ble_app_blinky_pca10056_s140/nrf_memobj.o
                0x0000000000028f90                nrf_memobj_read
 .text.sd_app_evt_wait
                0x0000000000028fa4        0x4 Output/Release/Obj/ble_app_blinky_pca10056_s140/nrf_pwr_mgmt.o
 .text.nrf_pwr_mgmt_init
                0x0000000000028fa8       0x2c Output/Release/Obj/ble_app_blinky_pca10056_s140/nrf_pwr_mgmt.o
                0x0000000000028fa8                nrf_pwr_mgmt_init
 .text.nrf_pwr_mgmt_run
                0x0000000000028fd4       0x50 Output/Release/Obj/ble_app_blinky_pca10056_s140/nrf_pwr_mgmt.o
                0x0000000000028fd4                nrf_pwr_mgmt_run
 .text.nrf_ringbuf_init
                0x0000000000029024       0x12 Output/Release/Obj/ble_app_blinky_pca10056_s140/nrf_ringbuf.o
                0x0000000000029024                nrf_ringbuf_init
 .text.nrf_section_iter_init
                0x0000000000029036       0x14 Output/Release/Obj/ble_app_blinky_pca10056_s140/nrf_section_iter.o
                0x0000000000029036                nrf_section_iter_init
 .text.nrf_section_iter_next
                0x000000000002904a       0x18 Output/Release/Obj/ble_app_blinky_pca10056_s140/nrf_section_iter.o
                0x000000000002904a                nrf_section_iter_next
 .text.nrf_sortlist_add
                0x0000000000029062       0x20 Output/Release/Obj/ble_app_blinky_pca10056_s140/nrf_sortlist.o
                0x0000000000029062                nrf_sortlist_add
 .text.nrf_sortlist_pop
                0x0000000000029082        0xc Output/Release/Obj/ble_app_blinky_pca10056_s140/nrf_sortlist.o
                0x0000000000029082                nrf_sortlist_pop
 .text.nrf_sortlist_peek
                0x000000000002908e        0x6 Output/Release/Obj/ble_app_blinky_pca10056_s140/nrf_sortlist.o
                0x000000000002908e                nrf_sortlist_peek
 .text.nrf_sortlist_remove
                0x0000000000029094       0x1a Output/Release/Obj/ble_app_blinky_pca10056_s140/nrf_sortlist.o
                0x0000000000029094                nrf_sortlist_remove
 *fill*         0x00000000000290ae        0x2 
 .text.nrf_strerror_find
                0x00000000000290b0       0x3c Output/Release/Obj/ble_app_blinky_pca10056_s140/nrf_strerror.o
                0x00000000000290b0                nrf_strerror_find
 .text.nrf_strerror_get
                0x00000000000290ec       0x14 Output/Release/Obj/ble_app_blinky_pca10056_s140/nrf_strerror.o
                0x00000000000290ec                nrf_strerror_get
 .text.nrf52_errata_36
                0x0000000000029100       0x12 Output/Release/Obj/ble_app_blinky_pca10056_s140/system_nrf52840.o
 *fill*         0x0000000000029112        0x2 
 .text.nrf52_errata_98
                0x0000000000029114       0x24 Output/Release/Obj/ble_app_blinky_pca10056_s140/system_nrf52840.o
 .text.nvmc_wait
                0x0000000000029138       0x10 Output/Release/Obj/ble_app_blinky_pca10056_s140/system_nrf52840.o
                0x0000000000029138                nvmc_wait
 .text.SystemInit
                0x0000000000029148      0x1e8 Output/Release/Obj/ble_app_blinky_pca10056_s140/system_nrf52840.o
                0x0000000000029148                SystemInit
 .text.bsp_board_led_on
                0x0000000000029330       0x28 Output/Release/Obj/ble_app_blinky_pca10056_s140/boards.o
                0x0000000000029330                bsp_board_led_on
 .text.bsp_board_led_off
                0x0000000000029358       0x28 Output/Release/Obj/ble_app_blinky_pca10056_s140/boards.o
                0x0000000000029358                bsp_board_led_off
 .text.bsp_board_leds_off
                0x0000000000029380       0x1e Output/Release/Obj/ble_app_blinky_pca10056_s140/boards.o
                0x0000000000029380                bsp_board_leds_off
 .text.bsp_board_init
                0x000000000002939e       0x3e Output/Release/Obj/ble_app_blinky_pca10056_s140/boards.o
                0x000000000002939e                bsp_board_init
 .text.clock_clk_started_notify
                0x00000000000293dc       0x24 Output/Release/Obj/ble_app_blinky_pca10056_s140/nrf_drv_clock.o
 .text.clock_irq_handler
                0x0000000000029400       0x1c Output/Release/Obj/ble_app_blinky_pca10056_s140/nrf_drv_clock.o
 .text.soc_evt_handler
                0x000000000002941c       0x14 Output/Release/Obj/ble_app_blinky_pca10056_s140/nrf_drv_clock.o
 .text.nrf_drv_clock_init
                0x0000000000029430       0x48 Output/Release/Obj/ble_app_blinky_pca10056_s140/nrf_drv_clock.o
                0x0000000000029430                nrf_drv_clock_init
 .text.nrf_drv_clock_lfclk_release
                0x0000000000029478       0x40 Output/Release/Obj/ble_app_blinky_pca10056_s140/nrf_drv_clock.o
                0x0000000000029478                nrf_drv_clock_lfclk_release
 .text.sd_state_evt_handler
                0x00000000000294b8       0x64 Output/Release/Obj/ble_app_blinky_pca10056_s140/nrf_drv_clock.o
 .text.uarte_evt_handler
                0x000000000002951c       0x34 Output/Release/Obj/ble_app_blinky_pca10056_s140/nrf_drv_uart.o
 .text.uart_evt_handler
                0x0000000000029550       0x34 Output/Release/Obj/ble_app_blinky_pca10056_s140/nrf_drv_uart.o
 .text.nrf_drv_uart_init
                0x0000000000029584       0x7c Output/Release/Obj/ble_app_blinky_pca10056_s140/nrf_drv_uart.o
                0x0000000000029584                nrf_drv_uart_init
 .text.nrf_clock_event_clear
                0x0000000000029600       0x14 Output/Release/Obj/ble_app_blinky_pca10056_s140/nrfx_clock.o
 .text.nrfx_clock_init
                0x0000000000029614       0x18 Output/Release/Obj/ble_app_blinky_pca10056_s140/nrfx_clock.o
                0x0000000000029614                nrfx_clock_init
 .text.nrfx_clock_enable
                0x000000000002962c       0x24 Output/Release/Obj/ble_app_blinky_pca10056_s140/nrfx_clock.o
                0x000000000002962c                nrfx_clock_enable
 .text.nrfx_clock_lfclk_stop
                0x0000000000029650       0x22 Output/Release/Obj/ble_app_blinky_pca10056_s140/nrfx_clock.o
                0x0000000000029650                nrfx_clock_lfclk_stop
 *fill*         0x0000000000029672        0x2 
 .text.POWER_CLOCK_IRQHandler
                0x0000000000029674       0x50 Output/Release/Obj/ble_app_blinky_pca10056_s140/nrfx_clock.o
                0x0000000000029674                POWER_CLOCK_IRQHandler
 .text.nrf_gpiote_event_clear
                0x00000000000296c4       0x18 Output/Release/Obj/ble_app_blinky_pca10056_s140/nrfx_gpiote.o
 .text.nrf_gpio_pin_port_decode
                0x00000000000296dc       0x18 Output/Release/Obj/ble_app_blinky_pca10056_s140/nrfx_gpiote.o
 .text.nrf_gpio_cfg_sense_set
                0x00000000000296f4       0x2e Output/Release/Obj/ble_app_blinky_pca10056_s140/nrfx_gpiote.o
 *fill*         0x0000000000029722        0x2 
 .text.channel_free
                0x0000000000029724       0x1c Output/Release/Obj/ble_app_blinky_pca10056_s140/nrfx_gpiote.o
 .text.nrfx_gpiote_init
                0x0000000000029740       0x88 Output/Release/Obj/ble_app_blinky_pca10056_s140/nrfx_gpiote.o
                0x0000000000029740                nrfx_gpiote_init
 .text.nrfx_gpiote_is_init
                0x00000000000297c8       0x14 Output/Release/Obj/ble_app_blinky_pca10056_s140/nrfx_gpiote.o
                0x00000000000297c8                nrfx_gpiote_is_init
 .text.nrfx_gpiote_in_init
                0x00000000000297dc      0x100 Output/Release/Obj/ble_app_blinky_pca10056_s140/nrfx_gpiote.o
                0x00000000000297dc                nrfx_gpiote_in_init
 .text.nrfx_gpiote_in_event_enable
                0x00000000000298dc       0x9c Output/Release/Obj/ble_app_blinky_pca10056_s140/nrfx_gpiote.o
                0x00000000000298dc                nrfx_gpiote_in_event_enable
 .text.nrfx_gpiote_in_event_disable
                0x0000000000029978       0x44 Output/Release/Obj/ble_app_blinky_pca10056_s140/nrfx_gpiote.o
                0x0000000000029978                nrfx_gpiote_in_event_disable
 .text.nrfx_gpiote_in_is_set
                0x00000000000299bc       0x1c Output/Release/Obj/ble_app_blinky_pca10056_s140/nrfx_gpiote.o
                0x00000000000299bc                nrfx_gpiote_in_is_set
 .text.GPIOTE_IRQHandler
                0x00000000000299d8      0x17c Output/Release/Obj/ble_app_blinky_pca10056_s140/nrfx_gpiote.o
                0x00000000000299d8                GPIOTE_IRQHandler
 .text.UARTE0_UART0_IRQHandler
                0x0000000000029b54        0xc Output/Release/Obj/ble_app_blinky_pca10056_s140/nrfx_prs.o
                0x0000000000029b54                UARTE0_UART0_IRQHandler
 .text.nrfx_prs_acquire
                0x0000000000029b60       0x44 Output/Release/Obj/ble_app_blinky_pca10056_s140/nrfx_prs.o
                0x0000000000029b60                nrfx_prs_acquire
 .text.nrfx_prs_release
                0x0000000000029ba4       0x18 Output/Release/Obj/ble_app_blinky_pca10056_s140/nrfx_prs.o
                0x0000000000029ba4                nrfx_prs_release
 .text.nrf_uart_event_clear
                0x0000000000029bbc       0x10 Output/Release/Obj/ble_app_blinky_pca10056_s140/nrfx_uart.o
 .text.tx_byte  0x0000000000029bcc       0x1e Output/Release/Obj/ble_app_blinky_pca10056_s140/nrfx_uart.o
 .text.rx_byte  0x0000000000029bea       0x2c Output/Release/Obj/ble_app_blinky_pca10056_s140/nrfx_uart.o
 *fill*         0x0000000000029c16        0x2 
 .text.rx_done_event.constprop.0
                0x0000000000029c18       0x20 Output/Release/Obj/ble_app_blinky_pca10056_s140/nrfx_uart.o
 .text.nrfx_uart_0_irq_handler
                0x0000000000029c38      0x140 Output/Release/Obj/ble_app_blinky_pca10056_s140/nrfx_uart.o
                0x0000000000029c38                nrfx_uart_0_irq_handler
 .text.nrf_gpio_cfg_default
                0x0000000000029d78       0x20 Output/Release/Obj/ble_app_blinky_pca10056_s140/nrfx_uart.o
 .text.nrfx_uart_init
                0x0000000000029d98      0x1a0 Output/Release/Obj/ble_app_blinky_pca10056_s140/nrfx_uart.o
                0x0000000000029d98                nrfx_uart_init
 .text.nrfx_uart_uninit
                0x0000000000029f38       0xb8 Output/Release/Obj/ble_app_blinky_pca10056_s140/nrfx_uart.o
                0x0000000000029f38                nrfx_uart_uninit
 .text.nrfx_uart_tx_in_progress
                0x0000000000029ff0       0x18 Output/Release/Obj/ble_app_blinky_pca10056_s140/nrfx_uart.o
                0x0000000000029ff0                nrfx_uart_tx_in_progress
 .text.nrfx_uart_tx
                0x000000000002a008       0xa0 Output/Release/Obj/ble_app_blinky_pca10056_s140/nrfx_uart.o
                0x000000000002a008                nrfx_uart_tx
 .text.nrf_uarte_event_clear
                0x000000000002a0a8       0x10 Output/Release/Obj/ble_app_blinky_pca10056_s140/nrfx_uarte.o
 .text.rx_done_event.constprop.0
                0x000000000002a0b8       0x20 Output/Release/Obj/ble_app_blinky_pca10056_s140/nrfx_uarte.o
 .text.nrfx_uarte_0_irq_handler
                0x000000000002a0d8      0x118 Output/Release/Obj/ble_app_blinky_pca10056_s140/nrfx_uarte.o
                0x000000000002a0d8                nrfx_uarte_0_irq_handler
 .text.nrf_gpio_cfg_default
                0x000000000002a1f0       0x20 Output/Release/Obj/ble_app_blinky_pca10056_s140/nrfx_uarte.o
 .text.nrfx_uarte_init
                0x000000000002a210      0x1b8 Output/Release/Obj/ble_app_blinky_pca10056_s140/nrfx_uarte.o
                0x000000000002a210                nrfx_uarte_init
 .text.nrfx_uarte_uninit
                0x000000000002a3c8      0x108 Output/Release/Obj/ble_app_blinky_pca10056_s140/nrfx_uarte.o
                0x000000000002a3c8                nrfx_uarte_uninit
 .text.nrfx_uarte_tx_in_progress
                0x000000000002a4d0       0x18 Output/Release/Obj/ble_app_blinky_pca10056_s140/nrfx_uarte.o
                0x000000000002a4d0                nrfx_uarte_tx_in_progress
 .text.nrfx_uarte_tx
                0x000000000002a4e8       0x9c Output/Release/Obj/ble_app_blinky_pca10056_s140/nrfx_uarte.o
                0x000000000002a4e8                nrfx_uarte_tx
 .text.sd_ble_gap_adv_set_configure
                0x000000000002a584        0x4 Output/Release/Obj/ble_app_blinky_pca10056_s140/main.o
 .text.sd_ble_gap_adv_start
                0x000000000002a588        0x4 Output/Release/Obj/ble_app_blinky_pca10056_s140/main.o
 .text.sd_ble_gap_disconnect
                0x000000000002a58c        0x4 Output/Release/Obj/ble_app_blinky_pca10056_s140/main.o
 .text.sd_ble_gap_ppcp_set
                0x000000000002a590        0x4 Output/Release/Obj/ble_app_blinky_pca10056_s140/main.o
 .text.sd_ble_gap_device_name_set
                0x000000000002a594        0x4 Output/Release/Obj/ble_app_blinky_pca10056_s140/main.o
 .text.sd_ble_gap_sec_params_reply
                0x000000000002a598        0x4 Output/Release/Obj/ble_app_blinky_pca10056_s140/main.o
 .text.sd_ble_gap_phy_update
                0x000000000002a59c        0x4 Output/Release/Obj/ble_app_blinky_pca10056_s140/main.o
 .text.sd_ble_gatts_sys_attr_set
                0x000000000002a5a0        0x4 Output/Release/Obj/ble_app_blinky_pca10056_s140/main.o
 .text.nrf_qwr_error_handler
                0x000000000002a5a4        0x4 Output/Release/Obj/ble_app_blinky_pca10056_s140/main.o
 .text.advertising_start
                0x000000000002a5a8       0x20 Output/Release/Obj/ble_app_blinky_pca10056_s140/main.o
 .text.ble_evt_handler
                0x000000000002a5c8      0x100 Output/Release/Obj/ble_app_blinky_pca10056_s140/main.o
 .text.hx711_callback
                0x000000000002a6c8       0x5c Output/Release/Obj/ble_app_blinky_pca10056_s140/main.o
                0x000000000002a6c8                hx711_callback
 .text.button_event_handler
                0x000000000002a724       0x5c Output/Release/Obj/ble_app_blinky_pca10056_s140/main.o
 .text.on_conn_params_evt
                0x000000000002a780       0x20 Output/Release/Obj/ble_app_blinky_pca10056_s140/main.o
 .text.led_write_handler
                0x000000000002a7a0       0x3c Output/Release/Obj/ble_app_blinky_pca10056_s140/main.o
 .text.conn_params_error_handler
                0x000000000002a7dc        0x4 Output/Release/Obj/ble_app_blinky_pca10056_s140/main.o
 .text.startup.main
                0x000000000002a7e0      0x20c Output/Release/Obj/ble_app_blinky_pca10056_s140/main.o
                0x000000000002a7e0                main
 .text.gpiote_evt_handler
                0x000000000002a9ec       0xa4 Output/Release/Obj/ble_app_blinky_pca10056_s140/hx711.o
 .text.hx711_init
                0x000000000002aa90      0x108 Output/Release/Obj/ble_app_blinky_pca10056_s140/hx711.o
                0x000000000002aa90                hx711_init
 .text.hx711_start
                0x000000000002ab98       0x1c Output/Release/Obj/ble_app_blinky_pca10056_s140/hx711.o
                0x000000000002ab98                hx711_start
 .text.sd_ble_gap_addr_get
                0x000000000002abb4        0x4 Output/Release/Obj/ble_app_blinky_pca10056_s140/ble_advdata.o
 .text.sd_ble_gap_appearance_get
                0x000000000002abb8        0x4 Output/Release/Obj/ble_app_blinky_pca10056_s140/ble_advdata.o
 .text.sd_ble_gap_device_name_get
                0x000000000002abbc        0x4 Output/Release/Obj/ble_app_blinky_pca10056_s140/ble_advdata.o
 .text.sd_ble_uuid_encode
                0x000000000002abc0        0x4 Output/Release/Obj/ble_app_blinky_pca10056_s140/ble_advdata.o
 .text.uuid_list_sized_encode
                0x000000000002abc4       0xac Output/Release/Obj/ble_app_blinky_pca10056_s140/ble_advdata.o
 .text.uuid_list_encode
                0x000000000002ac70       0x38 Output/Release/Obj/ble_app_blinky_pca10056_s140/ble_advdata.o
 .text.ble_advdata_encode
                0x000000000002aca8      0x394 Output/Release/Obj/ble_app_blinky_pca10056_s140/ble_advdata.o
                0x000000000002aca8                ble_advdata_encode
 .text.sd_ble_gap_conn_param_update
                0x000000000002b03c        0x4 Output/Release/Obj/ble_app_blinky_pca10056_s140/ble_conn_params.o
 .text.sd_ble_gap_disconnect
                0x000000000002b040        0x4 Output/Release/Obj/ble_app_blinky_pca10056_s140/ble_conn_params.o
 .text.sd_ble_gap_ppcp_set
                0x000000000002b044        0x4 Output/Release/Obj/ble_app_blinky_pca10056_s140/ble_conn_params.o
 .text.sd_ble_gap_ppcp_get
                0x000000000002b048        0x4 Output/Release/Obj/ble_app_blinky_pca10056_s140/ble_conn_params.o
 .text.instance_get
                0x000000000002b04c       0x14 Output/Release/Obj/ble_app_blinky_pca10056_s140/ble_conn_params.o
 .text.send_error_evt
                0x000000000002b060       0x10 Output/Release/Obj/ble_app_blinky_pca10056_s140/ble_conn_params.o
 .text.update_timeout_handler
                0x000000000002b070       0x70 Output/Release/Obj/ble_app_blinky_pca10056_s140/ble_conn_params.o
 .text.conn_params_negotiation
                0x000000000002b0e0       0x48 Output/Release/Obj/ble_app_blinky_pca10056_s140/ble_conn_params.o
 .text.is_conn_params_ok.constprop.0
                0x000000000002b128       0x32 Output/Release/Obj/ble_app_blinky_pca10056_s140/ble_conn_params.o
 *fill*         0x000000000002b15a        0x2 
 .text.ble_evt_handler
                0x000000000002b15c       0xe0 Output/Release/Obj/ble_app_blinky_pca10056_s140/ble_conn_params.o
 .text.ble_conn_params_init
                0x000000000002b23c       0x74 Output/Release/Obj/ble_app_blinky_pca10056_s140/ble_conn_params.o
                0x000000000002b23c                ble_conn_params_init
 .text.flag_toggle
                0x000000000002b2b0        0xa Output/Release/Obj/ble_app_blinky_pca10056_s140/ble_conn_state.o
 .text.conn_handle_list_get
                0x000000000002b2ba       0x2e Output/Release/Obj/ble_app_blinky_pca10056_s140/ble_conn_state.o
                0x000000000002b2ba                conn_handle_list_get
 .text.ble_evt_handler
                0x000000000002b2e8      0x110 Output/Release/Obj/ble_app_blinky_pca10056_s140/ble_conn_state.o
 .text.sd_ble_gatts_characteristic_add
                0x000000000002b3f8        0x4 Output/Release/Obj/ble_app_blinky_pca10056_s140/ble_srv_common.o
 .text.set_security_req
                0x000000000002b3fc       0x2a Output/Release/Obj/ble_app_blinky_pca10056_s140/ble_srv_common.o
 .text.ble_srv_is_notification_enabled
                0x000000000002b426        0x8 Output/Release/Obj/ble_app_blinky_pca10056_s140/ble_srv_common.o
                0x000000000002b426                ble_srv_is_notification_enabled
 .text.characteristic_add
                0x000000000002b42e      0x148 Output/Release/Obj/ble_app_blinky_pca10056_s140/ble_srv_common.o
                0x000000000002b42e                characteristic_add
 .text.sd_ble_gap_data_length_update
                0x000000000002b576        0x4 Output/Release/Obj/ble_app_blinky_pca10056_s140/nrf_ble_gatt.o
 .text.sd_ble_gattc_exchange_mtu_request
                0x000000000002b57a        0x4 Output/Release/Obj/ble_app_blinky_pca10056_s140/nrf_ble_gatt.o
 .text.sd_ble_gatts_exchange_mtu_reply
                0x000000000002b57e        0x4 Output/Release/Obj/ble_app_blinky_pca10056_s140/nrf_ble_gatt.o
 *fill*         0x000000000002b582        0x2 
 .text.data_length_update
                0x000000000002b584       0x84 Output/Release/Obj/ble_app_blinky_pca10056_s140/nrf_ble_gatt.o
 .text.nrf_ble_gatt_init
                0x000000000002b608       0x26 Output/Release/Obj/ble_app_blinky_pca10056_s140/nrf_ble_gatt.o
                0x000000000002b608                nrf_ble_gatt_init
 *fill*         0x000000000002b62e        0x2 
 .text.nrf_ble_gatt_on_ble_evt
                0x000000000002b630      0x1ac Output/Release/Obj/ble_app_blinky_pca10056_s140/nrf_ble_gatt.o
                0x000000000002b630                nrf_ble_gatt_on_ble_evt
 .text.sd_ble_gatts_rw_authorize_reply
                0x000000000002b7dc        0x4 Output/Release/Obj/ble_app_blinky_pca10056_s140/nrf_ble_qwr.o
 .text.sd_ble_user_mem_reply
                0x000000000002b7e0        0x4 Output/Release/Obj/ble_app_blinky_pca10056_s140/nrf_ble_qwr.o
 .text.user_mem_reply.part.0
                0x000000000002b7e4       0x24 Output/Release/Obj/ble_app_blinky_pca10056_s140/nrf_ble_qwr.o
 .text.nrf_ble_qwr_init
                0x000000000002b808       0x24 Output/Release/Obj/ble_app_blinky_pca10056_s140/nrf_ble_qwr.o
                0x000000000002b808                nrf_ble_qwr_init
 .text.nrf_ble_qwr_conn_handle_assign
                0x000000000002b82c       0x16 Output/Release/Obj/ble_app_blinky_pca10056_s140/nrf_ble_qwr.o
                0x000000000002b82c                nrf_ble_qwr_conn_handle_assign
 .text.nrf_ble_qwr_on_ble_evt
                0x000000000002b842       0xa6 Output/Release/Obj/ble_app_blinky_pca10056_s140/nrf_ble_qwr.o
                0x000000000002b842                nrf_ble_qwr_on_ble_evt
 .text.sd_ble_gatts_service_add
                0x000000000002b8e8        0x4 Output/Release/Obj/ble_app_blinky_pca10056_s140/ble_lbs.o
 .text.sd_ble_gatts_hvx
                0x000000000002b8ec        0x4 Output/Release/Obj/ble_app_blinky_pca10056_s140/ble_lbs.o
 .text.sd_ble_uuid_vs_add
                0x000000000002b8f0        0x4 Output/Release/Obj/ble_app_blinky_pca10056_s140/ble_lbs.o
 .text.ble_lbs_on_ble_evt
                0x000000000002b8f4       0x2a Output/Release/Obj/ble_app_blinky_pca10056_s140/ble_lbs.o
                0x000000000002b8f4                ble_lbs_on_ble_evt
 *fill*         0x000000000002b91e        0x2 
 .text.ble_lbs_init
                0x000000000002b920       0xdc Output/Release/Obj/ble_app_blinky_pca10056_s140/ble_lbs.o
                0x000000000002b920                ble_lbs_init
 .text.ble_lbs_on_button_change
                0x000000000002b9fc       0x60 Output/Release/Obj/ble_app_blinky_pca10056_s140/ble_lbs.o
                0x000000000002b9fc                ble_lbs_on_button_change
 .text.sd_softdevice_enable
                0x000000000002ba5c        0x4 Output/Release/Obj/ble_app_blinky_pca10056_s140/nrf_sdh.o
 .text.sdh_request_observer_notify
                0x000000000002ba60       0x30 Output/Release/Obj/ble_app_blinky_pca10056_s140/nrf_sdh.o
 .text.sdh_state_observer_notify
                0x000000000002ba90       0x28 Output/Release/Obj/ble_app_blinky_pca10056_s140/nrf_sdh.o
 .text.softdevices_evt_irq_enable
                0x000000000002bab8       0x38 Output/Release/Obj/ble_app_blinky_pca10056_s140/nrf_sdh.o
 .text.nrf_sdh_enable_request
                0x000000000002baf0       0x7c Output/Release/Obj/ble_app_blinky_pca10056_s140/nrf_sdh.o
                0x000000000002baf0                nrf_sdh_enable_request
 .text.nrf_sdh_is_enabled
                0x000000000002bb6c        0xc Output/Release/Obj/ble_app_blinky_pca10056_s140/nrf_sdh.o
                0x000000000002bb6c                nrf_sdh_is_enabled
 .text.nrf_sdh_evts_poll
                0x000000000002bb78       0x28 Output/Release/Obj/ble_app_blinky_pca10056_s140/nrf_sdh.o
                0x000000000002bb78                nrf_sdh_evts_poll
 .text.SWI2_EGU2_IRQHandler
                0x000000000002bba0        0x4 Output/Release/Obj/ble_app_blinky_pca10056_s140/nrf_sdh.o
                0x000000000002bba0                SWI2_EGU2_IRQHandler
 .text.sd_ble_enable
                0x000000000002bba4        0x4 Output/Release/Obj/ble_app_blinky_pca10056_s140/nrf_sdh_ble.o
 .text.sd_ble_cfg_set
                0x000000000002bba8        0x4 Output/Release/Obj/ble_app_blinky_pca10056_s140/nrf_sdh_ble.o
 .text.sd_ble_evt_get
                0x000000000002bbac        0x4 Output/Release/Obj/ble_app_blinky_pca10056_s140/nrf_sdh_ble.o
 .text.nrf_sdh_ble_evts_poll
                0x000000000002bbb0       0x58 Output/Release/Obj/ble_app_blinky_pca10056_s140/nrf_sdh_ble.o
 .text.nrf_sdh_ble_default_cfg_set
                0x000000000002bc08      0x144 Output/Release/Obj/ble_app_blinky_pca10056_s140/nrf_sdh_ble.o
                0x000000000002bc08                nrf_sdh_ble_default_cfg_set
 .text.nrf_sdh_ble_enable
                0x000000000002bd4c       0x98 Output/Release/Obj/ble_app_blinky_pca10056_s140/nrf_sdh_ble.o
                0x000000000002bd4c                nrf_sdh_ble_enable
 .text.sd_evt_get
                0x000000000002bde4        0x4 Output/Release/Obj/ble_app_blinky_pca10056_s140/nrf_sdh_soc.o
 .text.nrf_sdh_soc_evts_poll
                0x000000000002bde8       0x40 Output/Release/Obj/ble_app_blinky_pca10056_s140/nrf_sdh_soc.o
 .text.libc.__RAL_ascii_isctype
                0x000000000002be28       0x1c /Applications/SEGGER Embedded Studio for ARM 5.66/lib/libc_v7em_fpv4_sp_d16_hard_t_le_eabi.a(libc2.o)
 .text.libc.__RAL_ascii_toupper
                0x000000000002be44        0xc /Applications/SEGGER Embedded Studio for ARM 5.66/lib/libc_v7em_fpv4_sp_d16_hard_t_le_eabi.a(libc2.o)
 .text.libc.__RAL_ascii_tolower
                0x000000000002be50        0xc /Applications/SEGGER Embedded Studio for ARM 5.66/lib/libc_v7em_fpv4_sp_d16_hard_t_le_eabi.a(libc2.o)
 .text.libc.__RAL_ascii_wctomb
                0x000000000002be5c       0x10 /Applications/SEGGER Embedded Studio for ARM 5.66/lib/libc_v7em_fpv4_sp_d16_hard_t_le_eabi.a(libc2.o)
                0x000000000002be5c                __RAL_ascii_wctomb
 .text.libc.__RAL_ascii_mbtowc
                0x000000000002be6c       0x24 /Applications/SEGGER Embedded Studio for ARM 5.66/lib/libc_v7em_fpv4_sp_d16_hard_t_le_eabi.a(libc2.o)
                0x000000000002be6c                __RAL_ascii_mbtowc
 .text.libc.__RAL_ascii_towupper
                0x000000000002be90        0xc /Applications/SEGGER Embedded Studio for ARM 5.66/lib/libc_v7em_fpv4_sp_d16_hard_t_le_eabi.a(libc2.o)
 .text.libc.__RAL_ascii_towlower
                0x000000000002be9c        0xc /Applications/SEGGER Embedded Studio for ARM 5.66/lib/libc_v7em_fpv4_sp_d16_hard_t_le_eabi.a(libc2.o)
 .text.libc.__RAL_ascii_iswctype
                0x000000000002bea8       0x1c /Applications/SEGGER Embedded Studio for ARM 5.66/lib/libc_v7em_fpv4_sp_d16_hard_t_le_eabi.a(libc2.o)
 .text.libc.isprint
                0x000000000002bec4       0x10 /Applications/SEGGER Embedded Studio for ARM 5.66/lib/libc_v7em_fpv4_sp_d16_hard_t_le_eabi.a(libc2.o)
                0x000000000002bec4                isprint
 .text.libc.memcpy
                0x000000000002bed4       0x52 /Applications/SEGGER Embedded Studio for ARM 5.66/lib/libc_v7em_fpv4_sp_d16_hard_t_le_eabi.a(libc2_asm.o)
                0x000000000002bed4                memcpy
                0x000000000002bed4                __aeabi_memcpy
                0x000000000002bee0                __aeabi_memcpy4
                0x000000000002bee0                __aeabi_memcpy8
 .text.libc.memset
                0x000000000002bf26       0x66 /Applications/SEGGER Embedded Studio for ARM 5.66/lib/libc_v7em_fpv4_sp_d16_hard_t_le_eabi.a(libc2_asm.o)
                0x000000000002bf26                memset
 .text.libc.strlen
                0x000000000002bf8c       0x60 /Applications/SEGGER Embedded Studio for ARM 5.66/lib/libc_v7em_fpv4_sp_d16_hard_t_le_eabi.a(libc2_asm.o)
                0x000000000002bf8c                strlen
                0x000000000002bfec                . = ALIGN (MAX ((__text_start__ + 0x4), .), 0x4)
                0x000000000002bfec                __text_end__ = (__text_start__ + SIZEOF (.text))
                0x0000000000004c1c                __text_size__ = SIZEOF (.text)
                0x000000000002bfec                __text_load_end__ = __text_end__

.vfp11_veneer   0x0000000100000000        0x0
 .vfp11_veneer  0x0000000100000000        0x0 linker stubs

.v4_bx          0x0000000100000000        0x0
 .v4_bx         0x0000000100000000        0x0 linker stubs

.iplt           0x0000000100000000        0x0
 .iplt          0x0000000100000000        0x0 Output/Release/Obj/ble_app_blinky_pca10056_s140/thumb_crt0.o
                0x0000000000000001                . = ASSERT (((__text_start__ == __text_end__) || ((__text_end__ - __FLASH1_segment_start__) <= __FLASH1_segment_size__)), error: .text is too large to fit in FLASH1 memory segment)
                0x000000000002bfec                __sdh_soc_observers_load_start__ = ALIGN (__text_end__, 0x4)

.sdh_soc_observers
                0x000000000002bfec        0x8
                0x000000000002bfec                __sdh_soc_observers_start__ = .
                0x000000000002bfec                __start_sdh_soc_observers = __sdh_soc_observers_start__
 *(SORT_BY_NAME(.sdh_soc_observers*))
 .sdh_soc_observers0
                0x000000000002bfec        0x8 Output/Release/Obj/ble_app_blinky_pca10056_s140/nrf_drv_clock.o
                0x000000000002bff4                __sdh_soc_observers_end__ = (__sdh_soc_observers_start__ + SIZEOF (.sdh_soc_observers))
                0x0000000000000008                __sdh_soc_observers_size__ = SIZEOF (.sdh_soc_observers)
                0x000000000002bff4                __stop_sdh_soc_observers = __sdh_soc_observers_end__
                0x000000000002bff4                __sdh_soc_observers_load_end__ = __sdh_soc_observers_end__
                0x0000000000000001                . = ASSERT (((__sdh_soc_observers_start__ == __sdh_soc_observers_end__) || ((__sdh_soc_observers_end__ - __FLASH1_segment_start__) <= __FLASH1_segment_size__)), error: .sdh_soc_observers is too large to fit in FLASH1 memory segment)
                0x000000000002bff4                __pwr_mgmt_data_load_start__ = ALIGN (__sdh_soc_observers_end__, 0x4)

.pwr_mgmt_data  0x000000000002bff4        0x0
                0x000000000002bff4                __pwr_mgmt_data_start__ = .
                0x000000000002bff4                __start_pwr_mgmt_data = __pwr_mgmt_data_start__
 *(SORT_BY_NAME(.pwr_mgmt_data*))
                0x000000000002bff4                __pwr_mgmt_data_end__ = (__pwr_mgmt_data_start__ + SIZEOF (.pwr_mgmt_data))
                0x0000000000000000                __pwr_mgmt_data_size__ = SIZEOF (.pwr_mgmt_data)
                0x000000000002bff4                __stop_pwr_mgmt_data = __pwr_mgmt_data_end__
                0x000000000002bff4                __pwr_mgmt_data_load_end__ = __pwr_mgmt_data_end__
                0x0000000000000001                . = ASSERT (((__pwr_mgmt_data_start__ == __pwr_mgmt_data_end__) || ((__pwr_mgmt_data_end__ - __FLASH1_segment_start__) <= __FLASH1_segment_size__)), error: .pwr_mgmt_data is too large to fit in FLASH1 memory segment)
                0x000000000002bff4                __sdh_ble_observers_load_start__ = ALIGN (__pwr_mgmt_data_end__, 0x4)

.sdh_ble_observers
                0x000000000002bff4       0x30
                0x000000000002bff4                __sdh_ble_observers_start__ = .
                0x000000000002bff4                __start_sdh_ble_observers = __sdh_ble_observers_start__
 *(SORT_BY_NAME(.sdh_ble_observers*))
 .sdh_ble_observers0
                0x000000000002bff4        0x8 Output/Release/Obj/ble_app_blinky_pca10056_s140/ble_conn_state.o
 .sdh_ble_observers1
                0x000000000002bffc        0x8 Output/Release/Obj/ble_app_blinky_pca10056_s140/main.o
 .sdh_ble_observers1
                0x000000000002c004        0x8 Output/Release/Obj/ble_app_blinky_pca10056_s140/ble_conn_params.o
 .sdh_ble_observers2
                0x000000000002c00c       0x10 Output/Release/Obj/ble_app_blinky_pca10056_s140/main.o
 .sdh_ble_observers3
                0x000000000002c01c        0x8 Output/Release/Obj/ble_app_blinky_pca10056_s140/main.o
                0x000000000002c024                __sdh_ble_observers_end__ = (__sdh_ble_observers_start__ + SIZEOF (.sdh_ble_observers))
                0x0000000000000030                __sdh_ble_observers_size__ = SIZEOF (.sdh_ble_observers)
                0x000000000002c024                __stop_sdh_ble_observers = __sdh_ble_observers_end__
                0x000000000002c024                __sdh_ble_observers_load_end__ = __sdh_ble_observers_end__
                0x0000000000000001                . = ASSERT (((__sdh_ble_observers_start__ == __sdh_ble_observers_end__) || ((__sdh_ble_observers_end__ - __FLASH1_segment_start__) <= __FLASH1_segment_size__)), error: .sdh_ble_observers is too large to fit in FLASH1 memory segment)
                0x000000000002c024                __sdh_req_observers_load_start__ = ALIGN (__sdh_ble_observers_end__, 0x4)

.sdh_req_observers
                0x000000000002c024        0x0
                0x000000000002c024                __sdh_req_observers_start__ = .
                0x000000000002c024                __start_sdh_req_observers = __sdh_req_observers_start__
 *(SORT_BY_NAME(.sdh_req_observers*))
                0x000000000002c024                __sdh_req_observers_end__ = (__sdh_req_observers_start__ + SIZEOF (.sdh_req_observers))
                0x0000000000000000                __sdh_req_observers_size__ = SIZEOF (.sdh_req_observers)
                0x000000000002c024                __stop_sdh_req_observers = __sdh_req_observers_end__
                0x000000000002c024                __sdh_req_observers_load_end__ = __sdh_req_observers_end__
                0x0000000000000001                . = ASSERT (((__sdh_req_observers_start__ == __sdh_req_observers_end__) || ((__sdh_req_observers_end__ - __FLASH1_segment_start__) <= __FLASH1_segment_size__)), error: .sdh_req_observers is too large to fit in FLASH1 memory segment)
                0x000000000002c024                __sdh_state_observers_load_start__ = ALIGN (__sdh_req_observers_end__, 0x4)

.sdh_state_observers
                0x000000000002c024        0x8
                0x000000000002c024                __sdh_state_observers_start__ = .
                0x000000000002c024                __start_sdh_state_observers = __sdh_state_observers_start__
 *(SORT_BY_NAME(.sdh_state_observers*))
 .sdh_state_observers0
                0x000000000002c024        0x8 Output/Release/Obj/ble_app_blinky_pca10056_s140/nrf_drv_clock.o
                0x000000000002c02c                __sdh_state_observers_end__ = (__sdh_state_observers_start__ + SIZEOF (.sdh_state_observers))
                0x0000000000000008                __sdh_state_observers_size__ = SIZEOF (.sdh_state_observers)
                0x000000000002c02c                __stop_sdh_state_observers = __sdh_state_observers_end__
                0x000000000002c02c                __sdh_state_observers_load_end__ = __sdh_state_observers_end__
                0x0000000000000001                . = ASSERT (((__sdh_state_observers_start__ == __sdh_state_observers_end__) || ((__sdh_state_observers_end__ - __FLASH1_segment_start__) <= __FLASH1_segment_size__)), error: .sdh_state_observers is too large to fit in FLASH1 memory segment)
                0x000000000002c02c                __sdh_stack_observers_load_start__ = ALIGN (__sdh_state_observers_end__, 0x4)

.sdh_stack_observers
                0x000000000002c02c       0x10
                0x000000000002c02c                __sdh_stack_observers_start__ = .
                0x000000000002c02c                __start_sdh_stack_observers = __sdh_stack_observers_start__
 *(SORT_BY_NAME(.sdh_stack_observers*))
 .sdh_stack_observers0
                0x000000000002c02c        0x8 Output/Release/Obj/ble_app_blinky_pca10056_s140/nrf_sdh_ble.o
 .sdh_stack_observers0
                0x000000000002c034        0x8 Output/Release/Obj/ble_app_blinky_pca10056_s140/nrf_sdh_soc.o
                0x000000000002c03c                __sdh_stack_observers_end__ = (__sdh_stack_observers_start__ + SIZEOF (.sdh_stack_observers))
                0x0000000000000010                __sdh_stack_observers_size__ = SIZEOF (.sdh_stack_observers)
                0x000000000002c03c                __stop_sdh_stack_observers = __sdh_stack_observers_end__
                0x000000000002c03c                __sdh_stack_observers_load_end__ = __sdh_stack_observers_end__
                0x0000000000000001                . = ASSERT (((__sdh_stack_observers_start__ == __sdh_stack_observers_end__) || ((__sdh_stack_observers_end__ - __FLASH1_segment_start__) <= __FLASH1_segment_size__)), error: .sdh_stack_observers is too large to fit in FLASH1 memory segment)
                0x000000000002c03c                __nrf_queue_load_start__ = ALIGN (__sdh_stack_observers_end__, 0x4)

.nrf_queue      0x000000000002c03c        0x0
                0x000000000002c03c                __nrf_queue_start__ = .
                0x000000000002c03c                __start_nrf_queue = __nrf_queue_start__
 *(.nrf_queue*)
                0x000000000002c03c                __nrf_queue_end__ = (__nrf_queue_start__ + SIZEOF (.nrf_queue))
                0x0000000000000000                __nrf_queue_size__ = SIZEOF (.nrf_queue)
                0x000000000002c03c                __stop_nrf_queue = __nrf_queue_end__
                0x000000000002c03c                __nrf_queue_load_end__ = __nrf_queue_end__
                0x0000000000000001                . = ASSERT (((__nrf_queue_start__ == __nrf_queue_end__) || ((__nrf_queue_end__ - __FLASH1_segment_start__) <= __FLASH1_segment_size__)), error: .nrf_queue is too large to fit in FLASH1 memory segment)
                0x000000000002c03c                __nrf_balloc_load_start__ = ALIGN (__nrf_queue_end__, 0x4)

.nrf_balloc     0x000000000002c03c       0x14
                0x000000000002c03c                __nrf_balloc_start__ = .
                0x000000000002c03c                __start_nrf_balloc = __nrf_balloc_start__
 *(.nrf_balloc*)
 .nrf_balloc    0x000000000002c03c       0x14 Output/Release/Obj/ble_app_blinky_pca10056_s140/nrf_log_frontend.o
                0x000000000002c03c                log_mempool
                0x000000000002c050                __nrf_balloc_end__ = (__nrf_balloc_start__ + SIZEOF (.nrf_balloc))
                0x0000000000000014                __nrf_balloc_size__ = SIZEOF (.nrf_balloc)
                0x000000000002c050                __stop_nrf_balloc = __nrf_balloc_end__
                0x000000000002c050                __nrf_balloc_load_end__ = __nrf_balloc_end__
                0x0000000000000001                . = ASSERT (((__nrf_balloc_start__ == __nrf_balloc_end__) || ((__nrf_balloc_end__ - __FLASH1_segment_start__) <= __FLASH1_segment_size__)), error: .nrf_balloc is too large to fit in FLASH1 memory segment)
                0x000000000002c050                __cli_command_load_start__ = ALIGN (__nrf_balloc_end__, 0x4)

.cli_command    0x000000000002c050        0x0
                0x000000000002c050                __cli_command_start__ = .
                0x000000000002c050                __start_cli_command = __cli_command_start__
 *(.cli_command*)
                0x000000000002c050                __cli_command_end__ = (__cli_command_start__ + SIZEOF (.cli_command))
                0x0000000000000000                __cli_command_size__ = SIZEOF (.cli_command)
                0x000000000002c050                __stop_cli_command = __cli_command_end__
                0x000000000002c050                __cli_command_load_end__ = __cli_command_end__
                0x0000000000000001                . = ASSERT (((__cli_command_start__ == __cli_command_end__) || ((__cli_command_end__ - __FLASH1_segment_start__) <= __FLASH1_segment_size__)), error: .cli_command is too large to fit in FLASH1 memory segment)
                0x000000000002c050                __crypto_data_load_start__ = ALIGN (__cli_command_end__, 0x4)

.crypto_data    0x000000000002c050        0x0
                0x000000000002c050                __crypto_data_start__ = .
                0x000000000002c050                __start_crypto_data = __crypto_data_start__
 *(SORT_BY_NAME(.crypto_data*))
                0x000000000002c050                __crypto_data_end__ = (__crypto_data_start__ + SIZEOF (.crypto_data))
                0x0000000000000000                __crypto_data_size__ = SIZEOF (.crypto_data)
                0x000000000002c050                __stop_crypto_data = __crypto_data_end__
                0x000000000002c050                __crypto_data_load_end__ = __crypto_data_end__
                0x0000000000000001                . = ASSERT (((__crypto_data_start__ == __crypto_data_end__) || ((__crypto_data_end__ - __FLASH1_segment_start__) <= __FLASH1_segment_size__)), error: .crypto_data is too large to fit in FLASH1 memory segment)
                0x000000000002c050                __log_const_data_load_start__ = ALIGN (__crypto_data_end__, 0x4)

.log_const_data
                0x000000000002c050       0x88
                0x000000000002c050                __log_const_data_start__ = .
                0x000000000002c050                __start_log_const_data = __log_const_data_start__
 *(SORT_BY_NAME(.log_const_data*))
 .log_const_data_CLOCK
                0x000000000002c050        0x8 Output/Release/Obj/ble_app_blinky_pca10056_s140/nrfx_clock.o
                0x000000000002c050                m_nrf_log_CLOCK_logs_data_const
 .log_const_data_GPIOTE
                0x000000000002c058        0x8 Output/Release/Obj/ble_app_blinky_pca10056_s140/nrfx_gpiote.o
                0x000000000002c058                m_nrf_log_GPIOTE_logs_data_const
 .log_const_data_LBS
                0x000000000002c060        0x8 Output/Release/Obj/ble_app_blinky_pca10056_s140/ble_lbs.o
                0x000000000002c060                m_nrf_log_LBS_logs_data_const
 .log_const_data_PRS
                0x000000000002c068        0x8 Output/Release/Obj/ble_app_blinky_pca10056_s140/nrfx_prs.o
                0x000000000002c068                m_nrf_log_PRS_logs_data_const
 .log_const_data_UART
                0x000000000002c070        0x8 Output/Release/Obj/ble_app_blinky_pca10056_s140/nrfx_uart.o
                0x000000000002c070                m_nrf_log_UART_logs_data_const
 .log_const_data_UARTE
                0x000000000002c078        0x8 Output/Release/Obj/ble_app_blinky_pca10056_s140/nrfx_uarte.o
                0x000000000002c078                m_nrf_log_UARTE_logs_data_const
 .log_const_data_app
                0x000000000002c080        0x8 Output/Release/Obj/ble_app_blinky_pca10056_s140/nrf_log_frontend.o
                0x000000000002c080                m_nrf_log_app_logs_data_const
 .log_const_data_app_button
                0x000000000002c088        0x8 Output/Release/Obj/ble_app_blinky_pca10056_s140/app_button.o
                0x000000000002c088                m_nrf_log_app_button_logs_data_const
 .log_const_data_app_timer
                0x000000000002c090        0x8 Output/Release/Obj/ble_app_blinky_pca10056_s140/app_timer2.o
                0x000000000002c090                m_nrf_log_app_timer_logs_data_const
 .log_const_data_clock
                0x000000000002c098        0x8 Output/Release/Obj/ble_app_blinky_pca10056_s140/nrf_drv_clock.o
                0x000000000002c098                m_nrf_log_clock_logs_data_const
 .log_const_data_hx711
                0x000000000002c0a0        0x8 Output/Release/Obj/ble_app_blinky_pca10056_s140/hx711.o
                0x000000000002c0a0                m_nrf_log_hx711_logs_data_const
 .log_const_data_nrf_ble_gatt
                0x000000000002c0a8        0x8 Output/Release/Obj/ble_app_blinky_pca10056_s140/nrf_ble_gatt.o
                0x000000000002c0a8                m_nrf_log_nrf_ble_gatt_logs_data_const
 .log_const_data_nrf_sdh
                0x000000000002c0b0        0x8 Output/Release/Obj/ble_app_blinky_pca10056_s140/nrf_sdh.o
                0x000000000002c0b0                m_nrf_log_nrf_sdh_logs_data_const
 .log_const_data_nrf_sdh_ble
                0x000000000002c0b8        0x8 Output/Release/Obj/ble_app_blinky_pca10056_s140/nrf_sdh_ble.o
                0x000000000002c0b8                m_nrf_log_nrf_sdh_ble_logs_data_const
 .log_const_data_nrf_sdh_soc
                0x000000000002c0c0        0x8 Output/Release/Obj/ble_app_blinky_pca10056_s140/nrf_sdh_soc.o
                0x000000000002c0c0                m_nrf_log_nrf_sdh_soc_logs_data_const
 .log_const_data_pwr_mgmt
                0x000000000002c0c8        0x8 Output/Release/Obj/ble_app_blinky_pca10056_s140/nrf_pwr_mgmt.o
                0x000000000002c0c8                m_nrf_log_pwr_mgmt_logs_data_const
 .log_const_data_sortlist
                0x000000000002c0d0        0x8 Output/Release/Obj/ble_app_blinky_pca10056_s140/nrf_sortlist.o
                0x000000000002c0d0                m_nrf_log_sortlist_logs_data_const
                0x000000000002c0d8                __log_const_data_end__ = (__log_const_data_start__ + SIZEOF (.log_const_data))
                0x0000000000000088                __log_const_data_size__ = SIZEOF (.log_const_data)
                0x000000000002c0d8                __stop_log_const_data = __log_const_data_end__
                0x000000000002c0d8                __log_const_data_load_end__ = __log_const_data_end__
                0x0000000000000001                . = ASSERT (((__log_const_data_start__ == __log_const_data_end__) || ((__log_const_data_end__ - __FLASH1_segment_start__) <= __FLASH1_segment_size__)), error: .log_const_data is too large to fit in FLASH1 memory segment)
                0x000000000002c0d8                __log_backends_load_start__ = ALIGN (__log_const_data_end__, 0x4)

.log_backends   0x000000000002c0d8       0x10
                0x000000000002c0d8                __log_backends_start__ = .
                0x000000000002c0d8                __start_log_backends = __log_backends_start__
 *(SORT_BY_NAME(.log_backends*))
 .log_backends  0x000000000002c0d8       0x10 Output/Release/Obj/ble_app_blinky_pca10056_s140/nrf_log_default_backends.o
                0x000000000002c0e8                __log_backends_end__ = (__log_backends_start__ + SIZEOF (.log_backends))
                0x0000000000000010                __log_backends_size__ = SIZEOF (.log_backends)
                0x000000000002c0e8                __stop_log_backends = __log_backends_end__
                0x000000000002c0e8                __log_backends_load_end__ = __log_backends_end__
                0x0000000000000001                . = ASSERT (((__log_backends_start__ == __log_backends_end__) || ((__log_backends_end__ - __FLASH1_segment_start__) <= __FLASH1_segment_size__)), error: .log_backends is too large to fit in FLASH1 memory segment)
                0x000000000002c0e8                __nrf_sections_load_start__ = ALIGN (__log_backends_end__, 0x4)

.nrf_sections   0x000000000002c0e8        0x0
                0x000000000002c0e8                __nrf_sections_start__ = .
                0x000000000002c0e8                __start_nrf_sections = __nrf_sections_start__
 *(.nrf_sections .nrf_sections.*)
                0x000000000002c0e8                __nrf_sections_end__ = (__nrf_sections_start__ + SIZEOF (.nrf_sections))
                0x0000000000000000                __nrf_sections_size__ = SIZEOF (.nrf_sections)
                0x000000000002c0e8                __nrf_sections_load_end__ = __nrf_sections_end__
                0x0000000000000001                . = ASSERT (((__nrf_sections_start__ == __nrf_sections_end__) || ((__nrf_sections_end__ - __FLASH1_segment_start__) <= __FLASH1_segment_size__)), error: .nrf_sections is too large to fit in FLASH1 memory segment)
                0x000000000002c0e8                __cli_sorted_cmd_ptrs_load_start__ = ALIGN (__nrf_sections_end__, 0x4)

.cli_sorted_cmd_ptrs
                0x0000000020002300        0x0 load address 0x000000000002c0e8
                0x0000000020002300                __cli_sorted_cmd_ptrs_start__ = .
 *(.cli_sorted_cmd_ptrs*)
                0x0000000020002300                __cli_sorted_cmd_ptrs_end__ = (__cli_sorted_cmd_ptrs_start__ + SIZEOF (.cli_sorted_cmd_ptrs))
                0x0000000000000000                __cli_sorted_cmd_ptrs_size__ = SIZEOF (.cli_sorted_cmd_ptrs)
                0x000000000002c0e8                __cli_sorted_cmd_ptrs_load_end__ = (__cli_sorted_cmd_ptrs_load_start__ + SIZEOF (.cli_sorted_cmd_ptrs))
                0x0000000000000001                . = ASSERT (((__cli_sorted_cmd_ptrs_load_start__ == __cli_sorted_cmd_ptrs_load_end__) || ((__cli_sorted_cmd_ptrs_load_end__ - __FLASH1_segment_start__) <= __FLASH1_segment_size__)), error: .cli_sorted_cmd_ptrs is too large to fit in FLASH1 memory segment)

.cli_sorted_cmd_ptrs_run
                0x0000000020002300        0x0
                0x0000000020002300                __cli_sorted_cmd_ptrs_run_start__ = .
                0x0000000020002300                __start_cli_sorted_cmd_ptrs = __cli_sorted_cmd_ptrs_run_start__
                0x0000000020002300                __cli_sorted_cmd_ptrs_run_end__ = (__cli_sorted_cmd_ptrs_run_start__ + SIZEOF (.cli_sorted_cmd_ptrs))
                0x0000000000000000                __cli_sorted_cmd_ptrs_run_size__ = (__cli_sorted_cmd_ptrs_run_end__ - __cli_sorted_cmd_ptrs_run_start__)
                0x0000000020002300                __stop_cli_sorted_cmd_ptrs = __cli_sorted_cmd_ptrs_run_end__
                0x0000000020002300                __cli_sorted_cmd_ptrs_run_load_end__ = __cli_sorted_cmd_ptrs_run_end__
                0x0000000000000001                . = ASSERT (((__cli_sorted_cmd_ptrs_run_start__ == __cli_sorted_cmd_ptrs_run_end__) || ((__cli_sorted_cmd_ptrs_run_end__ - __RAM1_segment_start__) <= __RAM1_segment_size__)), error: .cli_sorted_cmd_ptrs_run is too large to fit in RAM1 memory segment)
                0x000000000002c0e8                __fs_data_load_start__ = ALIGN ((__cli_sorted_cmd_ptrs_load_start__ + SIZEOF (.cli_sorted_cmd_ptrs)), 0x4)

.fs_data        0x0000000020002300        0x0 load address 0x000000000002c0e8
                0x0000000020002300                __fs_data_start__ = .
 *(.fs_data*)
                0x0000000020002300                __fs_data_end__ = (__fs_data_start__ + SIZEOF (.fs_data))
                0x0000000000000000                __fs_data_size__ = SIZEOF (.fs_data)
                0x000000000002c0e8                __fs_data_load_end__ = (__fs_data_load_start__ + SIZEOF (.fs_data))
                0x0000000000000001                . = ASSERT (((__fs_data_load_start__ == __fs_data_load_end__) || ((__fs_data_load_end__ - __FLASH1_segment_start__) <= __FLASH1_segment_size__)), error: .fs_data is too large to fit in FLASH1 memory segment)

.fs_data_run    0x0000000020002300        0x0
                0x0000000020002300                __fs_data_run_start__ = .
                0x0000000020002300                __start_fs_data = __fs_data_run_start__
                0x0000000020002300                __fs_data_run_end__ = (__fs_data_run_start__ + SIZEOF (.fs_data))
                0x0000000000000000                __fs_data_run_size__ = (__fs_data_run_end__ - __fs_data_run_start__)
                0x0000000020002300                __stop_fs_data = __fs_data_run_end__
                0x0000000020002300                __fs_data_run_load_end__ = __fs_data_run_end__
                0x0000000000000001                . = ASSERT (((__fs_data_run_start__ == __fs_data_run_end__) || ((__fs_data_run_end__ - __RAM1_segment_start__) <= __RAM1_segment_size__)), error: .fs_data_run is too large to fit in RAM1 memory segment)
                0x000000000002c0e8                __log_dynamic_data_load_start__ = ALIGN ((__fs_data_load_start__ + SIZEOF (.fs_data)), 0x4)

.log_dynamic_data
                0x0000000020002300        0x0 load address 0x000000000002c0e8
                0x0000000020002300                __log_dynamic_data_start__ = .
 *(SORT_BY_NAME(.log_dynamic_data*))
                0x0000000020002300                __log_dynamic_data_end__ = (__log_dynamic_data_start__ + SIZEOF (.log_dynamic_data))
                0x0000000000000000                __log_dynamic_data_size__ = SIZEOF (.log_dynamic_data)
                0x000000000002c0e8                __log_dynamic_data_load_end__ = (__log_dynamic_data_load_start__ + SIZEOF (.log_dynamic_data))
                0x0000000000000001                . = ASSERT (((__log_dynamic_data_load_start__ == __log_dynamic_data_load_end__) || ((__log_dynamic_data_load_end__ - __FLASH1_segment_start__) <= __FLASH1_segment_size__)), error: .log_dynamic_data is too large to fit in FLASH1 memory segment)

.log_dynamic_data_run
                0x0000000020002300        0x0
                0x0000000020002300                __log_dynamic_data_run_start__ = .
                0x0000000020002300                __start_log_dynamic_data = __log_dynamic_data_run_start__
                0x0000000020002300                __log_dynamic_data_run_end__ = (__log_dynamic_data_run_start__ + SIZEOF (.log_dynamic_data))
                0x0000000000000000                __log_dynamic_data_run_size__ = (__log_dynamic_data_run_end__ - __log_dynamic_data_run_start__)
                0x0000000020002300                __stop_log_dynamic_data = __log_dynamic_data_run_end__
                0x0000000020002300                __log_dynamic_data_run_load_end__ = __log_dynamic_data_run_end__
                0x0000000000000001                . = ASSERT (((__log_dynamic_data_run_start__ == __log_dynamic_data_run_end__) || ((__log_dynamic_data_run_end__ - __RAM1_segment_start__) <= __RAM1_segment_size__)), error: .log_dynamic_data_run is too large to fit in RAM1 memory segment)
                0x000000000002c0e8                __log_filter_data_load_start__ = ALIGN ((__log_dynamic_data_load_start__ + SIZEOF (.log_dynamic_data)), 0x4)

.log_filter_data
                0x0000000020002300        0x0 load address 0x000000000002c0e8
                0x0000000020002300                __log_filter_data_start__ = .
 *(SORT_BY_NAME(.log_filter_data*))
                0x0000000020002300                __log_filter_data_end__ = (__log_filter_data_start__ + SIZEOF (.log_filter_data))
                0x0000000000000000                __log_filter_data_size__ = SIZEOF (.log_filter_data)
                0x000000000002c0e8                __log_filter_data_load_end__ = (__log_filter_data_load_start__ + SIZEOF (.log_filter_data))
                0x0000000000000001                . = ASSERT (((__log_filter_data_load_start__ == __log_filter_data_load_end__) || ((__log_filter_data_load_end__ - __FLASH1_segment_start__) <= __FLASH1_segment_size__)), error: .log_filter_data is too large to fit in FLASH1 memory segment)

.log_filter_data_run
                0x0000000020002300        0x0
                0x0000000020002300                __log_filter_data_run_start__ = .
                0x0000000020002300                __start_log_filter_data = __log_filter_data_run_start__
                0x0000000020002300                __log_filter_data_run_end__ = (__log_filter_data_run_start__ + SIZEOF (.log_filter_data))
                0x0000000000000000                __log_filter_data_run_size__ = (__log_filter_data_run_end__ - __log_filter_data_run_start__)
                0x0000000020002300                __stop_log_filter_data = __log_filter_data_run_end__
                0x0000000020002300                __log_filter_data_run_load_end__ = __log_filter_data_run_end__
                0x0000000000000001                . = ASSERT (((__log_filter_data_run_start__ == __log_filter_data_run_end__) || ((__log_filter_data_run_end__ - __RAM1_segment_start__) <= __RAM1_segment_size__)), error: .log_filter_data_run is too large to fit in RAM1 memory segment)
                0x0000000020002300                __nrf_sections_run_end_load_start__ = ALIGN (__log_filter_data_run_end__, 0x4)

.nrf_sections_run_end
                0x0000000020002300        0x0
                0x0000000020002300                __nrf_sections_run_end_start__ = .
                0x0000000020002300                __end_nrf_sections_run = __nrf_sections_run_end_start__
 *(.nrf_sections_run_end .nrf_sections_run_end.*)
                0x0000000020002300                __nrf_sections_run_end_end__ = (__nrf_sections_run_end_start__ + SIZEOF (.nrf_sections_run_end))
                0x0000000000000000                __nrf_sections_run_end_size__ = SIZEOF (.nrf_sections_run_end)
                0x0000000020002300                __nrf_sections_run_end_load_end__ = __nrf_sections_run_end_end__
                0x0000000000000001                . = ASSERT (((__nrf_sections_run_end_start__ == __nrf_sections_run_end_end__) || ((__nrf_sections_run_end_end__ - __RAM1_segment_start__) <= __RAM1_segment_size__)), error: .nrf_sections_run_end is too large to fit in RAM1 memory segment)
                0x000000000002c0e8                __dtors_load_start__ = ALIGN ((__log_filter_data_load_start__ + SIZEOF (.log_filter_data)), 0x4)

.dtors          0x000000000002c0e8        0x0
                0x000000000002c0e8                __dtors_start__ = .
 *(SORT_BY_NAME(.dtors.*))
 *(.dtors)
 *(.fini_array)
 *(SORT_BY_NAME(.fini_array.*))
                0x000000000002c0e8                __dtors_end__ = (__dtors_start__ + SIZEOF (.dtors))
                0x0000000000000000                __dtors_size__ = SIZEOF (.dtors)
                0x000000000002c0e8                __dtors_load_end__ = __dtors_end__
                0x0000000000000001                . = ASSERT (((__dtors_start__ == __dtors_end__) || ((__dtors_end__ - __FLASH1_segment_start__) <= __FLASH1_segment_size__)), error: .dtors is too large to fit in FLASH1 memory segment)
                0x000000000002c0e8                __ctors_load_start__ = ALIGN (__dtors_end__, 0x4)

.ctors          0x000000000002c0e8        0x0
                0x000000000002c0e8                __ctors_start__ = .
 *(SORT_BY_NAME(.ctors.*))
 *(.ctors)
 *(.init_array)
 *(SORT_BY_NAME(.init_array.*))
                0x000000000002c0e8                __ctors_end__ = (__ctors_start__ + SIZEOF (.ctors))
                0x0000000000000000                __ctors_size__ = SIZEOF (.ctors)
                0x000000000002c0e8                __ctors_load_end__ = __ctors_end__
                0x0000000000000001                . = ASSERT (((__ctors_start__ == __ctors_end__) || ((__ctors_end__ - __FLASH1_segment_start__) <= __FLASH1_segment_size__)), error: .ctors is too large to fit in FLASH1 memory segment)
                0x000000000002c0e8                __rodata_load_start__ = ALIGN (__ctors_end__, 0x4)

.rodata         0x000000000002c0e8      0xdf0
                0x000000000002c0e8                __rodata_start__ = .
 *(.rodata .rodata.* .gnu.linkonce.r.*)
 .rodata        0x000000000002c0e8       0x20 Output/Release/Obj/ble_app_blinky_pca10056_s140/nrf_log_backend_uart.o
 .rodata.nrf_log_backend_uart_api
                0x000000000002c108        0xc Output/Release/Obj/ble_app_blinky_pca10056_s140/nrf_log_backend_uart.o
                0x000000000002c108                nrf_log_backend_uart_api
 .rodata.str1.1
                0x000000000002c114       0x11 Output/Release/Obj/ble_app_blinky_pca10056_s140/nrf_log_default_backends.o
 .rodata.nrf_log_frontend_dequeue.str1.1
                0x000000000002c125       0x11 Output/Release/Obj/ble_app_blinky_pca10056_s140/nrf_log_frontend.o
 .rodata.str1.1
                0x000000000002c136        0x4 Output/Release/Obj/ble_app_blinky_pca10056_s140/nrf_log_frontend.o
 *fill*         0x000000000002c13a        0x2 
 .rodata.m_log_push_ringbuf
                0x000000000002c13c        0xc Output/Release/Obj/ble_app_blinky_pca10056_s140/nrf_log_frontend.o
 .rodata.prefix_process.str1.1
                0x000000000002c148       0x32 Output/Release/Obj/ble_app_blinky_pca10056_s140/nrf_log_str_formatter.o
 .rodata.postfix_process.str1.1
                0x000000000002c17a       0x32 Output/Release/Obj/ble_app_blinky_pca10056_s140/nrf_log_str_formatter.o
                                          0x3 (size before relaxing)
 .rodata.nrf_log_hexdump_entry_process.str1.1
                0x000000000002c17a        0xf Output/Release/Obj/ble_app_blinky_pca10056_s140/nrf_log_str_formatter.o
                                         0x11 (size before relaxing)
 .rodata.str1.1
                0x000000000002c189       0x4b Output/Release/Obj/ble_app_blinky_pca10056_s140/nrf_log_str_formatter.o
                                         0x51 (size before relaxing)
 .rodata.m_colors
                0x000000000002c1d4       0x24 Output/Release/Obj/ble_app_blinky_pca10056_s140/nrf_log_str_formatter.o
 .rodata.severity_names
                0x000000000002c1f8       0x14 Output/Release/Obj/ble_app_blinky_pca10056_s140/nrf_log_str_formatter.o
 .rodata.str1.1
                0x000000000002c20c        0xb Output/Release/Obj/ble_app_blinky_pca10056_s140/app_button.o
 *fill*         0x000000000002c217        0x1 
 .rodata.m_detection_delay_timer_id
                0x000000000002c218        0x4 Output/Release/Obj/ble_app_blinky_pca10056_s140/app_button.o
 .rodata.app_error_fault_handler.str1.1
                0x000000000002c21c       0x19 Output/Release/Obj/ble_app_blinky_pca10056_s140/app_error_weak.o
 .rodata.str1.1
                0x000000000002c235        0xa Output/Release/Obj/ble_app_blinky_pca10056_s140/app_timer2.o
 *fill*         0x000000000002c23f        0x1 
 .rodata        0x000000000002c240        0x4 Output/Release/Obj/ble_app_blinky_pca10056_s140/app_timer2.o
 .rodata.m_app_timer_sortlist
                0x000000000002c244        0xc Output/Release/Obj/ble_app_blinky_pca10056_s140/app_timer2.o
 .rodata.drv_rtc_init.str1.1
                0x000000000002c250       0x34 Output/Release/Obj/ble_app_blinky_pca10056_s140/drv_rtc.o
 *fill*         0x000000000002c284        0xc 
 .rodata.delay_machine_code.0
                0x000000000002c290        0x6 Output/Release/Obj/ble_app_blinky_pca10056_s140/drv_rtc.o
 .rodata._aV2C.0
                0x000000000002c296       0x10 Output/Release/Obj/ble_app_blinky_pca10056_s140/nrf_fprintf_format.o
 .rodata.str1.1
                0x000000000002c2a6        0x9 Output/Release/Obj/ble_app_blinky_pca10056_s140/nrf_pwr_mgmt.o
 *fill*         0x000000000002c2af        0x1 
 .rodata.pwr_mgmt_data
                0x000000000002c2b0        0xc Output/Release/Obj/ble_app_blinky_pca10056_s140/nrf_pwr_mgmt.o
 .rodata.str1.1
                0x000000000002c2bc        0x9 Output/Release/Obj/ble_app_blinky_pca10056_s140/nrf_sortlist.o
 .rodata.str1.1
                0x000000000002c2c5      0x3ba Output/Release/Obj/ble_app_blinky_pca10056_s140/nrf_strerror.o
 .rodata.m_unknown_str
                0x000000000002c67f       0x13 Output/Release/Obj/ble_app_blinky_pca10056_s140/nrf_strerror.o
 *fill*         0x000000000002c692        0x2 
 .rodata.nrf_strerror_array
                0x000000000002c694      0x128 Output/Release/Obj/ble_app_blinky_pca10056_s140/nrf_strerror.o
 .rodata.CSWTCH.15
                0x000000000002c7bc        0x6 Output/Release/Obj/ble_app_blinky_pca10056_s140/system_nrf52840.o
 .rodata.CSWTCH.6
                0x000000000002c7c2        0x6 Output/Release/Obj/ble_app_blinky_pca10056_s140/system_nrf52840.o
 .rodata.m_board_led_list
                0x000000000002c7c8        0x4 Output/Release/Obj/ble_app_blinky_pca10056_s140/boards.o
 .rodata.str1.1
                0x000000000002c7cc        0x6 Output/Release/Obj/ble_app_blinky_pca10056_s140/nrf_drv_clock.o
 .rodata.str1.1
                0x000000000002c7d2        0x6 Output/Release/Obj/ble_app_blinky_pca10056_s140/nrfx_clock.o
 .rodata.str1.1
                0x000000000002c7d8        0x7 Output/Release/Obj/ble_app_blinky_pca10056_s140/nrfx_gpiote.o
 .rodata.str1.1
                0x000000000002c7df        0x4 Output/Release/Obj/ble_app_blinky_pca10056_s140/nrfx_prs.o
 .rodata.str1.1
                0x000000000002c7e3        0x5 Output/Release/Obj/ble_app_blinky_pca10056_s140/nrfx_uart.o
 .rodata.str1.1
                0x000000000002c7e8        0x6 Output/Release/Obj/ble_app_blinky_pca10056_s140/nrfx_uarte.o
 .rodata.ble_evt_handler.str1.1
                0x000000000002c7ee       0x17 Output/Release/Obj/ble_app_blinky_pca10056_s140/main.o
 .rodata.hx711_callback.str1.1
                0x000000000002c805       0x30 Output/Release/Obj/ble_app_blinky_pca10056_s140/main.o