Archive member included to satisfy reference by file (symbol)

/Applications/SEGGER Embedded Studio for ARM 5.66/lib/libc_v7em_fpv4_sp_d16_hard_t_le_eabi.a(libc2.o)
                              Output/Release/Obj/flash_fds_s140_pca10056/fnmatch.o (isupper)
/Applications/SEGGER Embedded Studio for ARM 5.66/lib/libc_v7em_fpv4_sp_d16_hard_t_le_eabi.a(libc2_asm.o)
                              Output/Release/Obj/flash_fds_s140_pca10056/nrf_log_frontend.o (memcpy)
/Applications/SEGGER Embedded Studio for ARM 5.66/lib/libc_v7em_fpv4_sp_d16_hard_t_le_eabi.a(libvfprintf.o)
                              (__vfprintf_long)
/Applications/SEGGER Embedded Studio for ARM 5.66/lib/libc_v7em_fpv4_sp_d16_hard_t_le_eabi.a(libvfscanf.o)
                              (__vfscanf_long)
/Applications/SEGGER Embedded Studio for ARM 5.66/lib/libc_v7em_fpv4_sp_d16_hard_t_le_eabi.a(libc.o)
                              /Applications/SEGGER Embedded Studio for ARM 5.66/lib/libc_v7em_fpv4_sp_d16_hard_t_le_eabi.a(libc2.o) (__heap_lock)
/Applications/SEGGER Embedded Studio for ARM 5.66/lib/libc_v7em_fpv4_sp_d16_hard_t_le_eabi.a(libc_asm.o)
                              /Applications/SEGGER Embedded Studio for ARM 5.66/lib/libc_v7em_fpv4_sp_d16_hard_t_le_eabi.a(libc2.o) (__aeabi_uldivmod)
/Applications/SEGGER Embedded Studio for ARM 5.66/lib/libdebugio_v7em_fpv4_sp_d16_hard_t_le_eabi.a(libdebugio.o)
                              Output/Release/Obj/flash_fds_s140_pca10056/thumb_crt0.o (debug_fopen)
/Applications/SEGGER Embedded Studio for ARM 5.66/lib/libdebugio_v7em_fpv4_sp_d16_hard_t_le_eabi.a(do_nv_debug_operation.o)
                              /Applications/SEGGER Embedded Studio for ARM 5.66/lib/libdebugio_v7em_fpv4_sp_d16_hard_t_le_eabi.a(libdebugio.o) (__do_nvdebug_operation)
/Applications/SEGGER Embedded Studio for ARM 5.66/lib/libdebugio_v7em_fpv4_sp_d16_hard_t_le_eabi.a(mempoll_debug_operations.o)
                              (__do_debug_operation_mempoll)
/Applications/SEGGER Embedded Studio for ARM 5.66/lib/libm_v7em_fpv4_sp_d16_hard_t_le_eabi.a(libm_asm.o)
                              /Applications/SEGGER Embedded Studio for ARM 5.66/lib/libc_v7em_fpv4_sp_d16_hard_t_le_eabi.a(libc2.o) (__aeabi_dadd)
/Applications/SEGGER Embedded Studio for ARM 5.66/lib/libm_v7em_fpv4_sp_d16_hard_t_le_eabi.a(libm2.o)
                              /Applications/SEGGER Embedded Studio for ARM 5.66/lib/libc_v7em_fpv4_sp_d16_hard_t_le_eabi.a(libvfprintf.o) (frexp)

Discarded input sections

 .text          0x0000000000000000        0x0 Output/Release/Obj/flash_fds_s140_pca10056/thumb_crt0.o
 .data          0x0000000000000000        0x0 Output/Release/Obj/flash_fds_s140_pca10056/thumb_crt0.o
 .bss           0x0000000000000000        0x0 Output/Release/Obj/flash_fds_s140_pca10056/thumb_crt0.o
 .text.abort    0x0000000000000000        0x2 Output/Release/Obj/flash_fds_s140_pca10056/thumb_crt0.o
 .text.__assert
                0x0000000000000000        0x2 Output/Release/Obj/flash_fds_s140_pca10056/thumb_crt0.o
 .text.__assert_func
                0x0000000000000000        0x2 Output/Release/Obj/flash_fds_s140_pca10056/thumb_crt0.o
 .text.__aeabi_assert
                0x0000000000000000        0x2 Output/Release/Obj/flash_fds_s140_pca10056/thumb_crt0.o
 .text.__sync_synchronize
                0x0000000000000000        0x2 Output/Release/Obj/flash_fds_s140_pca10056/thumb_crt0.o
 .text.__getchar
                0x0000000000000000        0x4 Output/Release/Obj/flash_fds_s140_pca10056/thumb_crt0.o
 .text.__putchar
                0x0000000000000000        0x4 Output/Release/Obj/flash_fds_s140_pca10056/thumb_crt0.o
 .text.__open   0x0000000000000000        0x4 Output/Release/Obj/flash_fds_s140_pca10056/thumb_crt0.o
 .text.__close  0x0000000000000000        0x4 Output/Release/Obj/flash_fds_s140_pca10056/thumb_crt0.o
 .text.__write  0x0000000000000000        0xa Output/Release/Obj/flash_fds_s140_pca10056/thumb_crt0.o
 .text.__read   0x0000000000000000        0xa Output/Release/Obj/flash_fds_s140_pca10056/thumb_crt0.o
 .text.__seek   0x0000000000000000       0x1a Output/Release/Obj/flash_fds_s140_pca10056/thumb_crt0.o
 .text.remove   0x0000000000000000        0x4 Output/Release/Obj/flash_fds_s140_pca10056/thumb_crt0.o
 .text.rename   0x0000000000000000        0x4 Output/Release/Obj/flash_fds_s140_pca10056/thumb_crt0.o
 .bss.__user_locale_name_buffer
                0x0000000000000000        0x4 Output/Release/Obj/flash_fds_s140_pca10056/thumb_crt0.o
 .stack         0x0000000000000000        0x0 Output/Release/Obj/flash_fds_s140_pca10056/thumb_crt0.o
 .stack_process
                0x0000000000000000        0x0 Output/Release/Obj/flash_fds_s140_pca10056/thumb_crt0.o
 .heap          0x0000000000000000        0x0 Output/Release/Obj/flash_fds_s140_pca10056/thumb_crt0.o
 .group         0x0000000000000000        0xc Output/Release/Obj/flash_fds_s140_pca10056/nrf_log_backend_serial.o
[...]
Memory Configuration

Name             Origin             Length             Attributes
UNPLACED_SECTIONS 0x0000000100000000 0x0000000000000000 xw
RAM1             0x0000000020000000 0x0000000000040000 xw
FLASH1           0x0000000000000000 0x0000000000100000 xw
*default*        0x0000000000000000 0xffffffffffffffff

Linker script and memory map

                0x0000000000000000                __do_debug_operation = __do_debug_operation_mempoll
                0x0000000000000000                __vfprintf = __vfprintf_long
                0x0000000000000000                __vfscanf = __vfscanf_long
                0x0000000020000000                __RAM1_segment_start__ = 0x20000000
                0x0000000020040000                __RAM1_segment_end__ = 0x20040000
                0x0000000000040000                __RAM1_segment_size__ = 0x40000
                0x0000000000000000                __FLASH1_segment_start__ = 0x0
                0x0000000000100000                __FLASH1_segment_end__ = 0x100000
                0x0000000000100000                __FLASH1_segment_size__ = 0x100000
                0x0000000000000200                __HEAPSIZE__ = 0x200
                0x0000000000000000                __STACKSIZE_PROCESS__ = 0x0
                0x0000000000004000                __STACKSIZE__ = 0x4000
                0x0000000020000000                __reserved_ram_load_start__ = 0x20000000

.reserved_ram   0x0000000020000000     0x2260
                0x0000000020000000                __reserved_ram_start__ = .
 *(.reserved_ram .reserved_ram.*)
                0x0000000020002260                . = MAX (((__reserved_ram_start__ + 0x20002260) - 0x20000000), .)
 *fill*         0x0000000020000000     0x2260 
                0x0000000020002260                __reserved_ram_end__ = (__reserved_ram_start__ + SIZEOF (.reserved_ram))
                0x0000000000002260                __reserved_ram_size__ = SIZEOF (.reserved_ram)
                0x0000000020002260                __reserved_ram_load_end__ = __reserved_ram_end__
                0x0000000000000001                . = ASSERT (((__reserved_ram_start__ == __reserved_ram_end__) || ((__reserved_ram_end__ - __RAM1_segment_start__) <= __RAM1_segment_size__)), error: .reserved_ram is too large to fit in RAM1 memory segment)
                0x0000000020002260                __vectors_ram_load_start__ = 0x20002260

.vectors_ram    0x0000000020002260        0x0
                0x0000000020002260                __vectors_ram_start__ = .
                0x0000000020002260                __app_ram_start__ = __vectors_ram_start__
 *(.vectors_ram .vectors_ram.*)
                0x0000000020002260                __vectors_ram_end__ = (__vectors_ram_start__ + SIZEOF (.vectors_ram))
                0x0000000000000000                __vectors_ram_size__ = SIZEOF (.vectors_ram)
                0x0000000020002260                __vectors_ram_load_end__ = __vectors_ram_end__
                0x0000000000000001                . = ASSERT (((__vectors_ram_start__ == __vectors_ram_end__) || ((__vectors_ram_end__ - __RAM1_segment_start__) <= __RAM1_segment_size__)), error: .vectors_ram is too large to fit in RAM1 memory segment)
                0x0000000000000001                . = ASSERT ((__reserved_ram_end__ <= __vectors_ram_start__), error: section .reserved_ram overlaps absolute placed section .vectors_ram)
                0x0000000020002260                __nrf_sections_run_load_start__ = ALIGN (__vectors_ram_end__, 0x4)

.nrf_sections_run
                0x0000000020002260        0x0
                0x0000000020002260                __nrf_sections_run_start__ = .
                0x0000000020002260                __start_nrf_sections_run = __nrf_sections_run_start__
 *(.nrf_sections_run .nrf_sections_run.*)
                0x0000000020002260                __nrf_sections_run_end__ = (__nrf_sections_run_start__ + SIZEOF (.nrf_sections_run))
                0x0000000000000000                __nrf_sections_run_size__ = SIZEOF (.nrf_sections_run)
                0x0000000020002260                __nrf_sections_run_load_end__ = __nrf_sections_run_end__
                0x0000000000000001                . = ASSERT (((__nrf_sections_run_start__ == __nrf_sections_run_end__) || ((__nrf_sections_run_end__ - __RAM1_segment_start__) <= __RAM1_segment_size__)), error: .nrf_sections_run is too large to fit in RAM1 memory segment)
                0x0000000000000000                __reserved_flash_load_start__ = 0x0

.reserved_flash
                0x0000000000000000    0x27000
                0x0000000000000000                __reserved_flash_start__ = .
 *(.reserved_flash .reserved_flash.*)
                0x0000000000027000                . = MAX (((__reserved_flash_start__ + 0x27000) - 0x0), .)
 *fill*         0x0000000000000000    0x27000 
                0x0000000000027000                __reserved_flash_end__ = (__reserved_flash_start__ + SIZEOF (.reserved_flash))
                0x0000000000027000                __reserved_flash_size__ = SIZEOF (.reserved_flash)
                0x0000000000027000                __reserved_flash_load_end__ = __reserved_flash_end__
                0x0000000000000001                . = ASSERT (((__reserved_flash_start__ == __reserved_flash_end__) || ((__reserved_flash_end__ - __FLASH1_segment_start__) <= __FLASH1_segment_size__)), error: .reserved_flash is too large to fit in FLASH1 memory segment)
                0x0000000000027000                __vectors_load_start__ = 0x27000

.vectors        0x0000000000027000      0x200
                0x0000000000027000                __vectors_start__ = .
 *(.vectors .vectors.*)
 .vectors       0x0000000000027000      0x200 Output/Release/Obj/flash_fds_s140_pca10056/ses_startup_nrf52840.o
                0x0000000000027000                _vectors
                0x0000000000027200                __vectors_end__ = (__vectors_start__ + SIZEOF (.vectors))
                0x0000000000000200                __vectors_size__ = SIZEOF (.vectors)
                0x0000000000027200                __vectors_load_end__ = __vectors_end__
                0x0000000000000001                . = ASSERT (((__vectors_start__ == __vectors_end__) || ((__vectors_end__ - __FLASH1_segment_start__) <= __FLASH1_segment_size__)), error: .vectors is too large to fit in FLASH1 memory segment)
                0x0000000000000001                . = ASSERT ((__reserved_flash_end__ <= __vectors_start__), error: section .reserved_flash overlaps absolute placed section .vectors)
                0x0000000000027200                __init_load_start__ = ALIGN (__vectors_end__, 0x4)

.init           0x0000000000027200      0x1d0
                0x0000000000027200                __init_start__ = .
 *(.init .init.*)
 .init          0x0000000000027200      0x15c Output/Release/Obj/flash_fds_s140_pca10056/thumb_crt0.o
                0x0000000000027200                _start
                0x00000000000272b4                exit
 .init          0x000000000002735c       0x18 Output/Release/Obj/flash_fds_s140_pca10056/ses_startup_nrf52840.o
                0x000000000002735c                NMI_Handler
                0x000000000002735e                HardFault_Handler
                0x0000000000027360                MemoryManagement_Handler
                0x0000000000027362                BusFault_Handler
                0x0000000000027364                UsageFault_Handler
                0x0000000000027366                SVC_Handler
                0x0000000000027368                DebugMon_Handler
                0x000000000002736a                PendSV_Handler
                0x000000000002736c                SysTick_Handler
                0x000000000002736e                QDEC_IRQHandler
                0x000000000002736e                TIMER3_IRQHandler
                0x000000000002736e                PWM3_IRQHandler
                0x000000000002736e                FPU_IRQHandler
                0x000000000002736e                USBD_IRQHandler
                0x000000000002736e                SPIM0_SPIS0_TWIM0_TWIS0_SPI0_TWI0_IRQHandler
                0x000000000002736e                TIMER4_IRQHandler
                0x000000000002736e                CRYPTOCELL_IRQHandler
                0x000000000002736e                I2S_IRQHandler
                0x000000000002736e                SWI4_EGU4_IRQHandler
                0x000000000002736e                TIMER0_IRQHandler
                0x000000000002736e                UARTE1_IRQHandler
                0x000000000002736e                Dummy_Handler
                0x000000000002736e                TIMER1_IRQHandler
                0x000000000002736e                SPIM3_IRQHandler
                0x000000000002736e                PWM2_IRQHandler
                0x000000000002736e                ECB_IRQHandler
                0x000000000002736e                SPIM1_SPIS1_TWIM1_TWIS1_SPI1_TWI1_IRQHandler
                0x000000000002736e                SAADC_IRQHandler
                0x000000000002736e                CCM_AAR_IRQHandler
                0x000000000002736e                WDT_IRQHandler
                0x000000000002736e                SWI5_EGU5_IRQHandler
                0x000000000002736e                RNG_IRQHandler
                0x000000000002736e                RTC2_IRQHandler
                0x000000000002736e                PWM0_IRQHandler
                0x000000000002736e                SWI3_EGU3_IRQHandler
                0x000000000002736e                SWI1_EGU1_IRQHandler
                0x000000000002736e                SPIM2_SPIS2_SPI2_IRQHandler
                0x000000000002736e                NFCT_IRQHandler
                0x000000000002736e                MWU_IRQHandler
                0x000000000002736e                COMP_LPCOMP_IRQHandler
                0x000000000002736e                RTC0_IRQHandler
                0x000000000002736e                SWI0_EGU0_IRQHandler
                0x000000000002736e                GPIOTE_IRQHandler
                0x000000000002736e                PWM1_IRQHandler
                0x000000000002736e                POWER_CLOCK_IRQHandler
                0x000000000002736e                RADIO_IRQHandler
                0x000000000002736e                PDM_IRQHandler
                0x000000000002736e                TEMP_IRQHandler
                0x000000000002736e                TIMER2_IRQHandler
                0x000000000002736e                QSPI_IRQHandler
                0x0000000000027370                nRFInitialize
 .init          0x0000000000027374       0x5c Output/Release/Obj/flash_fds_s140_pca10056/ses_startup_nrf_common.o
                0x0000000000027374                Reset_Handler
                0x0000000000027378                afterInitialize
                0x000000000002739c                InitializeUserMemorySections
                0x00000000000273d0                __init_end__ = (__init_start__ + SIZEOF (.init))
                0x00000000000001d0                __init_size__ = SIZEOF (.init)
                0x00000000000273d0                __init_load_end__ = __init_end__
                0x0000000000000001                . = ASSERT (((__init_start__ == __init_end__) || ((__init_end__ - __FLASH1_segment_start__) <= __FLASH1_segment_size__)), error: .init is too large to fit in FLASH1 memory segment)
                0x00000000000273d0                __init_rodata_load_start__ = ALIGN (__init_end__, 0x4)

.init_rodata    0x00000000000273d0        0x0
                0x00000000000273d0                __init_rodata_start__ = .
 *(.init_rodata .init_rodata.*)
                0x00000000000273d0                __init_rodata_end__ = (__init_rodata_start__ + SIZEOF (.init_rodata))
                0x0000000000000000                __init_rodata_size__ = SIZEOF (.init_rodata)
                0x00000000000273d0                __init_rodata_load_end__ = __init_rodata_end__
                0x0000000000000001                . = ASSERT (((__init_rodata_start__ == __init_rodata_end__) || ((__init_rodata_end__ - __FLASH1_segment_start__) <= __FLASH1_segment_size__)), error: .init_rodata is too large to fit in FLASH1 memory segment)
                0x00000000000273d0                __text_load_start__ = ALIGN (__init_rodata_end__, 0x4)

.text           0x00000000000273d0     0x82fc
                0x00000000000273d0                __text_start__ = .
 *(.text .text.* .glue_7t .glue_7 .gnu.linkonce.t.* .gcc_except_table .ARM.extab* .gnu.linkonce.armextab.*)
 .glue_7        0x00000000000273d0        0x0 linker stubs
 .glue_7t       0x00000000000273d0        0x0 linker stubs
 .text.__aeabi_read_tp
                0x00000000000273d0        0x8 Output/Release/Obj/flash_fds_s140_pca10056/thumb_crt0.o
                0x00000000000273d0                __aeabi_read_tp
 .text.nrf_log_backend_serial_put
                0x00000000000273d8       0xc2 Output/Release/Obj/flash_fds_s140_pca10056/nrf_log_backend_serial.o
                0x00000000000273d8                nrf_log_backend_serial_put
 *fill*         0x000000000002749a        0x2 
 .text.uart_evt_handler
                0x000000000002749c        0xc Output/Release/Obj/flash_fds_s140_pca10056/nrf_log_backend_uart.o
 .text.nrf_log_backend_uart_flush
                0x00000000000274a8        0x2 Output/Release/Obj/flash_fds_s140_pca10056/nrf_log_backend_uart.o
 *fill*         0x00000000000274aa        0x2 
 .text.uart_init
                0x00000000000274ac       0x4c Output/Release/Obj/flash_fds_s140_pca10056/nrf_log_backend_uart.o
 .text.nrf_log_backend_uart_put
                0x00000000000274f8       0x1c Output/Release/Obj/flash_fds_s140_pca10056/nrf_log_backend_uart.o
 .text.serial_tx
                0x0000000000027514       0x48 Output/Release/Obj/flash_fds_s140_pca10056/nrf_log_backend_uart.o
 .text.nrf_log_backend_uart_panic_set
                0x000000000002755c       0x2c Output/Release/Obj/flash_fds_s140_pca10056/nrf_log_backend_uart.o
 .text.severity_lvl_get
                0x0000000000027588       0x24 Output/Release/Obj/flash_fds_s140_pca10056/nrf_log_frontend.o
 .text.log_halt
                0x00000000000275ac        0x8 Output/Release/Obj/flash_fds_s140_pca10056/nrf_log_frontend.o
 .text.log_self_halt
                0x00000000000275b4        0xa Output/Release/Obj/flash_fds_s140_pca10056/nrf_log_frontend.o
 .text.log_go   0x00000000000275be        0x8 Output/Release/Obj/flash_fds_s140_pca10056/nrf_log_frontend.o
 .text.log_self_go
                0x00000000000275c6        0xa Output/Release/Obj/flash_fds_s140_pca10056/nrf_log_frontend.o
 .text.backend_name_get
                0x00000000000275d0       0x44 Output/Release/Obj/flash_fds_s140_pca10056/nrf_log_frontend.o
 .text.log_cmd_backends_list
                0x0000000000027614       0x8c Output/Release/Obj/flash_fds_s140_pca10056/nrf_log_frontend.o
 .text.nrf_cli_backend_cmd_execute
                0x00000000000276a0       0x68 Output/Release/Obj/flash_fds_s140_pca10056/nrf_log_frontend.o
 .text.log_backend_status
                0x0000000000027708        0xc Output/Release/Obj/flash_fds_s140_pca10056/nrf_log_frontend.o
 .text.log_backend_halt
                0x0000000000027714        0xc Output/Release/Obj/flash_fds_s140_pca10056/nrf_log_frontend.o
 .text.log_backend_go
                0x0000000000027720        0xc Output/Release/Obj/flash_fds_s140_pca10056/nrf_log_frontend.o
 .text.log_backend_ctrl
                0x000000000002772c        0xc Output/Release/Obj/flash_fds_s140_pca10056/nrf_log_frontend.o
 .text.invalid_packets_omit
                0x0000000000027738       0x3a Output/Release/Obj/flash_fds_s140_pca10056/nrf_log_frontend.o
 *fill*         0x0000000000027772        0x2 
 .text.buf_prealloc
                0x0000000000027774      0x128 Output/Release/Obj/flash_fds_s140_pca10056/nrf_log_frontend.o
 .text.log_cmd  0x000000000002789c       0x44 Output/Release/Obj/flash_fds_s140_pca10056/nrf_log_frontend.o
 .text.module_idx_get
                0x00000000000278e0       0x3c Output/Release/Obj/flash_fds_s140_pca10056/nrf_log_frontend.o
 .text.nrf_log_init
                0x000000000002791c       0xa0 Output/Release/Obj/flash_fds_s140_pca10056/nrf_log_frontend.o
                0x000000000002791c                nrf_log_init
 .text.nrf_log_module_name_get
                0x00000000000279bc       0x24 Output/Release/Obj/flash_fds_s140_pca10056/nrf_log_frontend.o
                0x00000000000279bc                nrf_log_module_name_get
 .text.module_name_get
                0x00000000000279e0       0x1c Output/Release/Obj/flash_fds_s140_pca10056/nrf_log_frontend.o
 .text.nrf_log_color_id_get
                0x00000000000279fc       0x2c Output/Release/Obj/flash_fds_s140_pca10056/nrf_log_frontend.o
                0x00000000000279fc                nrf_log_color_id_get
 .text.nrf_log_module_filter_set
                0x0000000000027a28       0x54 Output/Release/Obj/flash_fds_s140_pca10056/nrf_log_frontend.o
                0x0000000000027a28                nrf_log_module_filter_set
 .text.nrf_log_module_filter_get
                0x0000000000027a7c       0x50 Output/Release/Obj/flash_fds_s140_pca10056/nrf_log_frontend.o
                0x0000000000027a7c                nrf_log_module_filter_get
 .text.log_status
                0x0000000000027acc       0xd0 Output/Release/Obj/flash_fds_s140_pca10056/nrf_log_frontend.o
 .text.log_self_status
                0x0000000000027b9c        0xa Output/Release/Obj/flash_fds_s140_pca10056/nrf_log_frontend.o
 *fill*         0x0000000000027ba6        0x2 
 .text.log_ctrl
                0x0000000000027ba8      0x198 Output/Release/Obj/flash_fds_s140_pca10056/nrf_log_frontend.o
 .text.log_self_ctrl
                0x0000000000027d40        0xa Output/Release/Obj/flash_fds_s140_pca10056/nrf_log_frontend.o
 .text.log_pending_hook
                0x0000000000027d4a        0x2 Output/Release/Obj/flash_fds_s140_pca10056/nrf_log_frontend.o
                0x0000000000027d4a                log_pending_hook
 .text.buffer_is_empty
                0x0000000000027d4c       0x14 Output/Release/Obj/flash_fds_s140_pca10056/nrf_log_frontend.o
                0x0000000000027d4c                buffer_is_empty
 .text.nrf_log_frontend_dequeue
                0x0000000000027d60      0x254 Output/Release/Obj/flash_fds_s140_pca10056/nrf_log_frontend.o
                0x0000000000027d60                nrf_log_frontend_dequeue
 .text.std_n    0x0000000000027fb4       0x90 Output/Release/Obj/flash_fds_s140_pca10056/nrf_log_frontend.o
 .text.nrf_log_frontend_std_0
                0x0000000000028044        0x8 Output/Release/Obj/flash_fds_s140_pca10056/nrf_log_frontend.o
                0x0000000000028044                nrf_log_frontend_std_0
 .text.nrf_log_frontend_std_1
                0x000000000002804c       0x12 Output/Release/Obj/flash_fds_s140_pca10056/nrf_log_frontend.o
                0x000000000002804c                nrf_log_frontend_std_1
 .text.nrf_log_frontend_std_2
                0x000000000002805e       0x14 Output/Release/Obj/flash_fds_s140_pca10056/nrf_log_frontend.o
                0x000000000002805e                nrf_log_frontend_std_2
 .text.nrf_log_frontend_std_3
                0x0000000000028072       0x18 Output/Release/Obj/flash_fds_s140_pca10056/nrf_log_frontend.o
                0x0000000000028072                nrf_log_frontend_std_3
 *fill*         0x000000000002808a        0x2 
 .text.nrf_log_backend_add
                0x000000000002808c       0x80 Output/Release/Obj/flash_fds_s140_pca10056/nrf_log_frontend.o
                0x000000000002808c                nrf_log_backend_add
 .text.nrf_log_panic
                0x000000000002810c       0x28 Output/Release/Obj/flash_fds_s140_pca10056/nrf_log_frontend.o
                0x000000000002810c                nrf_log_panic
 .text.nrf_log_config_store
                0x0000000000028134       0xb0 Output/Release/Obj/flash_fds_s140_pca10056/nrf_log_frontend.o
                0x0000000000028134                nrf_log_config_store
 .text.log_config_store_cmd
                0x00000000000281e4       0x3c Output/Release/Obj/flash_fds_s140_pca10056/nrf_log_frontend.o
 .text.nrf_log_config_load
                0x0000000000028220       0x8c Output/Release/Obj/flash_fds_s140_pca10056/nrf_log_frontend.o
                0x0000000000028220                nrf_log_config_load
 .text.log_config_load_cmd
                0x00000000000282ac       0x3c Output/Release/Obj/flash_fds_s140_pca10056/nrf_log_frontend.o
 .text.prefix_process
                0x00000000000282e8       0x7c Output/Release/Obj/flash_fds_s140_pca10056/nrf_log_str_formatter.o
 .text.postfix_process
                0x0000000000028364       0x44 Output/Release/Obj/flash_fds_s140_pca10056/nrf_log_str_formatter.o
 .text.nrf_log_std_entry_process
                0x00000000000283a8       0xc8 Output/Release/Obj/flash_fds_s140_pca10056/nrf_log_str_formatter.o
                0x00000000000283a8                nrf_log_std_entry_process
 .text.nrf_log_hexdump_entry_process
                0x0000000000028470       0xc0 Output/Release/Obj/flash_fds_s140_pca10056/nrf_log_str_formatter.o
                0x0000000000028470                nrf_log_hexdump_entry_process
 .text.app_error_handler_bare
                0x0000000000028530       0x1a Output/Release/Obj/flash_fds_s140_pca10056/app_error.o
                0x0000000000028530                app_error_handler_bare
 *fill*         0x000000000002854a        0x2 
 .text.app_error_fault_handler
                0x000000000002854c       0x88 Output/Release/Obj/flash_fds_s140_pca10056/app_error_weak.o
                0x000000000002854c                app_error_fault_handler
 .text.compare_func
                0x00000000000285d4       0x18 Output/Release/Obj/flash_fds_s140_pca10056/app_timer2.o
 .text.get_now  0x00000000000285ec       0x38 Output/Release/Obj/flash_fds_s140_pca10056/app_timer2.o
 .text.timer_req_schedule
                0x0000000000028624       0x38 Output/Release/Obj/flash_fds_s140_pca10056/app_timer2.o
 .text.timer_expire
                0x000000000002865c       0xb0 Output/Release/Obj/flash_fds_s140_pca10056/app_timer2.o
 .text.app_timer_init
                0x000000000002870c       0x64 Output/Release/Obj/flash_fds_s140_pca10056/app_timer2.o
                0x000000000002870c                app_timer_init
 .text.app_timer_create
                0x0000000000028770       0x24 Output/Release/Obj/flash_fds_s140_pca10056/app_timer2.o
                0x0000000000028770                app_timer_create
 .text.app_timer_start
                0x0000000000028794       0x5c Output/Release/Obj/flash_fds_s140_pca10056/app_timer2.o
                0x0000000000028794                app_timer_start
 .text.app_timer_stop
                0x00000000000287f0       0x4e Output/Release/Obj/flash_fds_s140_pca10056/app_timer2.o
                0x00000000000287f0                app_timer_stop
 *fill*         0x000000000002883e        0x2 
 .text.app_timer_cnt_get
                0x0000000000028840        0xc Output/Release/Obj/flash_fds_s140_pca10056/app_timer2.o
                0x0000000000028840                app_timer_cnt_get
 .text.rtc_irq  0x000000000002884c      0x1b8 Output/Release/Obj/flash_fds_s140_pca10056/app_timer2.o
 .text.app_util_critical_region_enter
                0x0000000000028a04       0x48 Output/Release/Obj/flash_fds_s140_pca10056/app_util_platform.o
                0x0000000000028a04                app_util_critical_region_enter
 .text.app_util_critical_region_exit
                0x0000000000028a4c       0x2c Output/Release/Obj/flash_fds_s140_pca10056/app_util_platform.o
                0x0000000000028a4c                app_util_critical_region_exit
 .text.crc16_compute
                0x0000000000028a78       0x36 Output/Release/Obj/flash_fds_s140_pca10056/crc16.o
                0x0000000000028a78                crc16_compute
 .text.evt_pending.isra.0
                0x0000000000028aae       0x1a Output/Release/Obj/flash_fds_s140_pca10056/drv_rtc.o
 .text.drv_rtc_init
                0x0000000000028ac8       0xc0 Output/Release/Obj/flash_fds_s140_pca10056/drv_rtc.o
                0x0000000000028ac8                drv_rtc_init
 .text.drv_rtc_start
                0x0000000000028b88        0x8 Output/Release/Obj/flash_fds_s140_pca10056/drv_rtc.o
                0x0000000000028b88                drv_rtc_start
 .text.drv_rtc_stop
                0x0000000000028b90        0x8 Output/Release/Obj/flash_fds_s140_pca10056/drv_rtc.o
                0x0000000000028b90                drv_rtc_stop
 .text.drv_rtc_compare_set
                0x0000000000028b98       0x3e Output/Release/Obj/flash_fds_s140_pca10056/drv_rtc.o
                0x0000000000028b98                drv_rtc_compare_set
 *fill*         0x0000000000028bd6        0x2 
 .text.drv_rtc_windowed_compare_set
                0x0000000000028bd8       0xf0 Output/Release/Obj/flash_fds_s140_pca10056/drv_rtc.o
                0x0000000000028bd8                drv_rtc_windowed_compare_set
 .text.drv_rtc_overflow_enable
                0x0000000000028cc8       0x10 Output/Release/Obj/flash_fds_s140_pca10056/drv_rtc.o
                0x0000000000028cc8                drv_rtc_overflow_enable
 .text.drv_rtc_overflow_pending
                0x0000000000028cd8        0xa Output/Release/Obj/flash_fds_s140_pca10056/drv_rtc.o
                0x0000000000028cd8                drv_rtc_overflow_pending
 .text.drv_rtc_compare_disable
                0x0000000000028ce2       0x14 Output/Release/Obj/flash_fds_s140_pca10056/drv_rtc.o
                0x0000000000028ce2                drv_rtc_compare_disable
 .text.drv_rtc_compare_pending
                0x0000000000028cf6        0xc Output/Release/Obj/flash_fds_s140_pca10056/drv_rtc.o
                0x0000000000028cf6                drv_rtc_compare_pending
 .text.drv_rtc_counter_get
                0x0000000000028d02        0x8 Output/Release/Obj/flash_fds_s140_pca10056/drv_rtc.o
                0x0000000000028d02                drv_rtc_counter_get
 *fill*         0x0000000000028d0a        0x2 
 .text.drv_rtc_irq_trigger
                0x0000000000028d0c       0x24 Output/Release/Obj/flash_fds_s140_pca10056/drv_rtc.o
                0x0000000000028d0c                drv_rtc_irq_trigger
 .text.RTC1_IRQHandler
                0x0000000000028d30       0x14 Output/Release/Obj/flash_fds_s140_pca10056/drv_rtc.o
                0x0000000000028d30                RTC1_IRQHandler
 .text.event_send
                0x0000000000028d44       0x20 Output/Release/Obj/flash_fds_s140_pca10056/fds.o
 .text.header_check
                0x0000000000028d64       0x2c Output/Release/Obj/flash_fds_s140_pca10056/fds.o
 .text.write_space_reserve
                0x0000000000028d90       0x60 Output/Release/Obj/flash_fds_s140_pca10056/fds.o
 .text.gc_page_erase
                0x0000000000028df0       0x40 Output/Release/Obj/flash_fds_s140_pca10056/fds.o
 .text.page_tag_write_swap
                0x0000000000028e30       0x28 Output/Release/Obj/flash_fds_s140_pca10056/fds.o
 .text.page_tag_write_data
                0x0000000000028e58       0x20 Output/Release/Obj/flash_fds_s140_pca10056/fds.o
 .text.record_header_flag_dirty
                0x0000000000028e78       0x38 Output/Release/Obj/flash_fds_s140_pca10056/fds.o
 .text.gc_record_copy
                0x0000000000028eb0       0x38 Output/Release/Obj/flash_fds_s140_pca10056/fds.o
 .text.queue_buf_get
                0x0000000000028ee8       0x1c Output/Release/Obj/flash_fds_s140_pca10056/fds.o
 .text.page_identify
                0x0000000000028f04       0x30 Output/Release/Obj/flash_fds_s140_pca10056/fds.o
 .text.page_scan
                0x0000000000028f34       0x64 Output/Release/Obj/flash_fds_s140_pca10056/fds.o
 .text.record_find_next
                0x0000000000028f98       0x58 Output/Release/Obj/flash_fds_s140_pca10056/fds.o
 .text.record_find_by_desc
                0x0000000000028ff0       0xa4 Output/Release/Obj/flash_fds_s140_pca10056/fds.o
 .text.record_find
                0x0000000000029094       0x88 Output/Release/Obj/flash_fds_s140_pca10056/fds.o
 .text.gc_record_find_next
                0x000000000002911c       0x24 Output/Release/Obj/flash_fds_s140_pca10056/fds.o
 .text.queue_process
                0x0000000000029140      0x4b4 Output/Release/Obj/flash_fds_s140_pca10056/fds.o
 .text.fs_event_handler
                0x00000000000295f4        0x6 Output/Release/Obj/flash_fds_s140_pca10056/fds.o
 *fill*         0x00000000000295fa        0x2 
 .text.queue_start
                0x00000000000295fc       0x1c Output/Release/Obj/flash_fds_s140_pca10056/fds.o
 .text.write_enqueue
                0x0000000000029618      0x128 Output/Release/Obj/flash_fds_s140_pca10056/fds.o
 .text.fds_register
                0x0000000000029740       0x2c Output/Release/Obj/flash_fds_s140_pca10056/fds.o
                0x0000000000029740                fds_register
 .text.fds_init
                0x000000000002976c      0x234 Output/Release/Obj/flash_fds_s140_pca10056/fds.o
                0x000000000002976c                fds_init
 .text.fds_record_open
                0x00000000000299a0       0x7c Output/Release/Obj/flash_fds_s140_pca10056/fds.o
                0x00000000000299a0                fds_record_open
 .text.fds_record_close
                0x0000000000029a1c       0x48 Output/Release/Obj/flash_fds_s140_pca10056/fds.o
                0x0000000000029a1c                fds_record_close
 .text.fds_record_write
                0x0000000000029a64        0x8 Output/Release/Obj/flash_fds_s140_pca10056/fds.o
                0x0000000000029a64                fds_record_write
 .text.fds_record_update
                0x0000000000029a6c       0x10 Output/Release/Obj/flash_fds_s140_pca10056/fds.o
                0x0000000000029a6c                fds_record_update
 .text.fds_record_delete
                0x0000000000029a7c       0x4c Output/Release/Obj/flash_fds_s140_pca10056/fds.o
                0x0000000000029a7c                fds_record_delete
 .text.fds_gc   0x0000000000029ac8       0x4c Output/Release/Obj/flash_fds_s140_pca10056/fds.o
                0x0000000000029ac8                fds_gc
 .text.fds_record_iterate
                0x0000000000029b14        0xc Output/Release/Obj/flash_fds_s140_pca10056/fds.o
                0x0000000000029b14                fds_record_iterate
 .text.fds_record_find
                0x0000000000029b20       0x1a Output/Release/Obj/flash_fds_s140_pca10056/fds.o
                0x0000000000029b20                fds_record_find
 *fill*         0x0000000000029b3a        0x2 
 .text.fds_stat
                0x0000000000029b3c      0x100 Output/Release/Obj/flash_fds_s140_pca10056/fds.o
                0x0000000000029b3c                fds_stat
 .text.nrf_atfifo_init
                0x0000000000029c3c       0x26 Output/Release/Obj/flash_fds_s140_pca10056/nrf_atfifo.o
                0x0000000000029c3c                nrf_atfifo_init
 .text.nrf_atfifo_clear
                0x0000000000029c62       0x44 Output/Release/Obj/flash_fds_s140_pca10056/nrf_atfifo.o
                0x0000000000029c62                nrf_atfifo_clear
 .text.nrf_atfifo_item_alloc
                0x0000000000029ca6       0x54 Output/Release/Obj/flash_fds_s140_pca10056/nrf_atfifo.o
                0x0000000000029ca6                nrf_atfifo_item_alloc
 .text.nrf_atfifo_item_put
                0x0000000000029cfa       0x20 Output/Release/Obj/flash_fds_s140_pca10056/nrf_atfifo.o
                0x0000000000029cfa                nrf_atfifo_item_put
 .text.nrf_atfifo_item_get
                0x0000000000029d1a       0x56 Output/Release/Obj/flash_fds_s140_pca10056/nrf_atfifo.o
                0x0000000000029d1a                nrf_atfifo_item_get
 .text.nrf_atfifo_item_free
                0x0000000000029d70       0x20 Output/Release/Obj/flash_fds_s140_pca10056/nrf_atfifo.o
                0x0000000000029d70                nrf_atfifo_item_free
 .text.nrf_atomic_u32_fetch_store
                0x0000000000029d90       0x16 Output/Release/Obj/flash_fds_s140_pca10056/nrf_atomic.o
                0x0000000000029d90                nrf_atomic_u32_fetch_store
 .text.nrf_atomic_u32_fetch_or
                0x0000000000029da6       0x18 Output/Release/Obj/flash_fds_s140_pca10056/nrf_atomic.o
                0x0000000000029da6                nrf_atomic_u32_fetch_or
 .text.nrf_atomic_u32_or
                0x0000000000029dbe       0x18 Output/Release/Obj/flash_fds_s140_pca10056/nrf_atomic.o
                0x0000000000029dbe                nrf_atomic_u32_or
 .text.nrf_atomic_u32_fetch_and
                0x0000000000029dd6       0x18 Output/Release/Obj/flash_fds_s140_pca10056/nrf_atomic.o
                0x0000000000029dd6                nrf_atomic_u32_fetch_and
 .text.nrf_atomic_u32_and
                0x0000000000029dee       0x18 Output/Release/Obj/flash_fds_s140_pca10056/nrf_atomic.o
                0x0000000000029dee                nrf_atomic_u32_and
 .text.nrf_atomic_u32_fetch_add
                0x0000000000029e06       0x18 Output/Release/Obj/flash_fds_s140_pca10056/nrf_atomic.o
                0x0000000000029e06                nrf_atomic_u32_fetch_add
 .text.nrf_atomic_u32_add
                0x0000000000029e1e       0x18 Output/Release/Obj/flash_fds_s140_pca10056/nrf_atomic.o
                0x0000000000029e1e                nrf_atomic_u32_add
 .text.nrf_atomic_u32_sub
                0x0000000000029e36       0x18 Output/Release/Obj/flash_fds_s140_pca10056/nrf_atomic.o
                0x0000000000029e36                nrf_atomic_u32_sub
 .text.nrf_atomic_flag_set_fetch
                0x0000000000029e4e        0x6 Output/Release/Obj/flash_fds_s140_pca10056/nrf_atomic.o
                0x0000000000029e4e                nrf_atomic_flag_set_fetch
 .text.nrf_atomic_flag_set
                0x0000000000029e54        0x6 Output/Release/Obj/flash_fds_s140_pca10056/nrf_atomic.o
                0x0000000000029e54                nrf_atomic_flag_set
 .text.nrf_atomic_flag_clear_fetch
                0x0000000000029e5a        0x6 Output/Release/Obj/flash_fds_s140_pca10056/nrf_atomic.o
                0x0000000000029e5a                nrf_atomic_flag_clear_fetch
 .text.nrf_atomic_flag_clear
                0x0000000000029e60        0x6 Output/Release/Obj/flash_fds_s140_pca10056/nrf_atomic.o
                0x0000000000029e60                nrf_atomic_flag_clear
 *fill*         0x0000000000029e66        0x2 
 .text.nrf_balloc_status
                0x0000000000029e68       0xb4 Output/Release/Obj/flash_fds_s140_pca10056/nrf_balloc.o
 .text.nrf_balloc_init
                0x0000000000029f1c       0x2e Output/Release/Obj/flash_fds_s140_pca10056/nrf_balloc.o
                0x0000000000029f1c                nrf_balloc_init
 .text.nrf_balloc_alloc
                0x0000000000029f4a       0x48 Output/Release/Obj/flash_fds_s140_pca10056/nrf_balloc.o
                0x0000000000029f4a                nrf_balloc_alloc
 .text.nrf_balloc_free
                0x0000000000029f92       0x34 Output/Release/Obj/flash_fds_s140_pca10056/nrf_balloc.o
                0x0000000000029f92                nrf_balloc_free
 .text.cli_transport_evt_handler
                0x0000000000029fc6       0x12 Output/Release/Obj/flash_fds_s140_pca10056/nrf_cli.o
 .text.nrf_log_backend_cli_panic_set
                0x0000000000029fd8       0x1e Output/Release/Obj/flash_fds_s140_pca10056/nrf_cli.o
 .text.string_cmp
                0x0000000000029ff6        0x8 Output/Release/Obj/flash_fds_s140_pca10056/nrf_cli.o
 *fill*         0x0000000000029ffe        0x2 
 .text.cmd_get  0x000000000002a000       0x80 Output/Release/Obj/flash_fds_s140_pca10056/nrf_cli.o
 .text.history_list_element_oldest_remove
                0x000000000002a080       0x6c Output/Release/Obj/flash_fds_s140_pca10056/nrf_cli.o
 .text.cli_strlen
                0x000000000002a0ec        0x8 Output/Release/Obj/flash_fds_s140_pca10056/nrf_cli.o
 .text.cursor_in_empty_line
                0x000000000002a0f4       0x20 Output/Release/Obj/flash_fds_s140_pca10056/nrf_cli.o
 .text.multiline_console_data_check
                0x000000000002a114       0x40 Output/Release/Obj/flash_fds_s140_pca10056/nrf_cli.o
 .text.full_line_cmd
                0x000000000002a154       0x20 Output/Release/Obj/flash_fds_s140_pca10056/nrf_cli.o
 .text.vt100_color_set.part.0
                0x000000000002a174       0x54 Output/Release/Obj/flash_fds_s140_pca10056/nrf_cli.o
 .text.vt100_color_set
                0x000000000002a1c8       0x20 Output/Release/Obj/flash_fds_s140_pca10056/nrf_cli.o
 .text.vt100_bgcolor_set.part.0
                0x000000000002a1e8       0x48 Output/Release/Obj/flash_fds_s140_pca10056/nrf_cli.o
 .text.make_argv.constprop.0
                0x000000000002a230      0x166 Output/Release/Obj/flash_fds_s140_pca10056/nrf_cli.o
 .text.cli_write.constprop.0
                0x000000000002a396       0x4c Output/Release/Obj/flash_fds_s140_pca10056/nrf_cli.o
 *fill*         0x000000000002a3e2        0x2 
 .text.cursor_right_move.part.0.isra.0
                0x000000000002a3e4        0xc Output/Release/Obj/flash_fds_s140_pca10056/nrf_cli.o
 .text.cursor_right_move
                0x000000000002a3f0        0xa Output/Release/Obj/flash_fds_s140_pca10056/nrf_cli.o
 *fill*         0x000000000002a3fa        0x2 
 .text.cursor_next_line_move.isra.0
                0x000000000002a3fc        0xc Output/Release/Obj/flash_fds_s140_pca10056/nrf_cli.o
 .text.cli_cursor_restore.isra.0
                0x000000000002a408       0x10 Output/Release/Obj/flash_fds_s140_pca10056/nrf_cli.o
 .text.cli_cursor_save.isra.0
                0x000000000002a418       0x10 Output/Release/Obj/flash_fds_s140_pca10056/nrf_cli.o
 .text.cli_clear_eos.isra.0
                0x000000000002a428       0x10 Output/Release/Obj/flash_fds_s140_pca10056/nrf_cli.o
 .text.cursor_up_move
                0x000000000002a438       0x14 Output/Release/Obj/flash_fds_s140_pca10056/nrf_cli.o
 .text.cursor_left_move
                0x000000000002a44c       0x14 Output/Release/Obj/flash_fds_s140_pca10056/nrf_cli.o
 .text.cursor_home_position_move
                0x000000000002a460       0x52 Output/Release/Obj/flash_fds_s140_pca10056/nrf_cli.o
 .text.cursor_position_synchronize
                0x000000000002a4b2       0x5e Output/Release/Obj/flash_fds_s140_pca10056/nrf_cli.o
 .text.format_offset_string_print.part.0
                0x000000000002a510       0xe4 Output/Release/Obj/flash_fds_s140_pca10056/nrf_cli.o
 .text.cursor_position_get
                0x000000000002a5f4      0x11c Output/Release/Obj/flash_fds_s140_pca10056/nrf_cli.o
 .text.cursor_end_position_move
                0x000000000002a710       0x54 Output/Release/Obj/flash_fds_s140_pca10056/nrf_cli.o
 .text.nrf_cli_init
                0x000000000002a764       0xcc Output/Release/Obj/flash_fds_s140_pca10056/nrf_cli.o
                0x000000000002a764                nrf_cli_init
 .text.nrf_cli_print_stream
                0x000000000002a830        0x4 Output/Release/Obj/flash_fds_s140_pca10056/nrf_cli.o
                0x000000000002a830                nrf_cli_print_stream
 .text.nrf_cli_fprintf
                0x000000000002a834       0x58 Output/Release/Obj/flash_fds_s140_pca10056/nrf_cli.o
                0x000000000002a834                nrf_cli_fprintf
 .text.cli_state_set.part.0
                0x000000000002a88c       0x18 Output/Release/Obj/flash_fds_s140_pca10056/nrf_cli.o
 .text.nrf_cli_start
                0x000000000002a8a4       0x4c Output/Release/Obj/flash_fds_s140_pca10056/nrf_cli.o
                0x000000000002a8a4                nrf_cli_start
 .text.completion_insert
                0x000000000002a8f0       0x8c Output/Release/Obj/flash_fds_s140_pca10056/nrf_cli.o
 .text.char_insert
                0x000000000002a97c      0x144 Output/Release/Obj/flash_fds_s140_pca10056/nrf_cli.o
 .text.history_handle
                0x000000000002aac0      0x134 Output/Release/Obj/flash_fds_s140_pca10056/nrf_cli.o
 .text.char_delete
                0x000000000002abf4       0x94 Output/Release/Obj/flash_fds_s140_pca10056/nrf_cli.o
 .text.cli_log_entry_process
                0x000000000002ac88      0x13c Output/Release/Obj/flash_fds_s140_pca10056/nrf_cli.o
 .text.nrf_log_backend_cli_flush
                0x000000000002adc4        0xa Output/Release/Obj/flash_fds_s140_pca10056/nrf_cli.o
 .text.nrf_log_backend_cli_put
                0x000000000002adce       0x40 Output/Release/Obj/flash_fds_s140_pca10056/nrf_cli.o
 *fill*         0x000000000002ae0e        0x2 
 .text.nrf_cli_process
                0x000000000002ae10      0xaa0 Output/Release/Obj/flash_fds_s140_pca10056/nrf_cli.o
                0x000000000002ae10                nrf_cli_process
 .text.nrf_cli_help_print
                0x000000000002b8b0      0x1e4 Output/Release/Obj/flash_fds_s140_pca10056/nrf_cli.o
                0x000000000002b8b0                nrf_cli_help_print
 .text.nrf_cli_cmd_cli_stats.part.0
                0x000000000002ba94        0x8 Output/Release/Obj/flash_fds_s140_pca10056/nrf_cli.o
 .text.nrf_cli_cmd_clear
                0x000000000002ba9c       0x40 Output/Release/Obj/flash_fds_s140_pca10056/nrf_cli.o
 .text.nrf_cli_cmd_cli
                0x000000000002badc       0x24 Output/Release/Obj/flash_fds_s140_pca10056/nrf_cli.o
 .text.nrf_cli_build_in_cmd_common_executed.constprop.0
                0x000000000002bb00       0x34 Output/Release/Obj/flash_fds_s140_pca10056/nrf_cli.o
 .text.nrf_cli_cmd_colors
                0x000000000002bb34       0x40 Output/Release/Obj/flash_fds_s140_pca10056/nrf_cli.o
 .text.nrf_cli_cmd_cli_stats
                0x000000000002bb74       0x44 Output/Release/Obj/flash_fds_s140_pca10056/nrf_cli.o
                0x000000000002bb74                nrf_cli_cmd_cli_stats
 .text.nrf_cli_cmd_resize_default
                0x000000000002bbb8       0x2c Output/Release/Obj/flash_fds_s140_pca10056/nrf_cli.o
 .text.nrf_cli_cmd_resize
                0x000000000002bbe4       0xa8 Output/Release/Obj/flash_fds_s140_pca10056/nrf_cli.o
 .text.nrf_cli_cmd_history
                0x000000000002bc8c       0x70 Output/Release/Obj/flash_fds_s140_pca10056/nrf_cli.o
 .text.nrf_cli_cmd_colors_off
                0x000000000002bcfc       0x20 Output/Release/Obj/flash_fds_s140_pca10056/nrf_cli.o
 .text.nrf_cli_cmd_colors_on
                0x000000000002bd1c       0x20 Output/Release/Obj/flash_fds_s140_pca10056/nrf_cli.o
 .text.nrf_cli_cmd_echo_off
                0x000000000002bd3c       0x20 Output/Release/Obj/flash_fds_s140_pca10056/nrf_cli.o
 .text.nrf_cli_cmd_echo_on
                0x000000000002bd5c       0x20 Output/Release/Obj/flash_fds_s140_pca10056/nrf_cli.o
 .text.nrf_cli_cmd_echo
                0x000000000002bd7c       0x68 Output/Release/Obj/flash_fds_s140_pca10056/nrf_cli.o
 .text.nrf_cli_cmd_cli_stats_reset
                0x000000000002bde4       0x26 Output/Release/Obj/flash_fds_s140_pca10056/nrf_cli.o
                0x000000000002bde4                nrf_cli_cmd_cli_stats_reset
 *fill*         0x000000000002be0a        0x2 
 .text.nrf_cli_cmd_cli_stats_show
                0x000000000002be0c       0x4c Output/Release/Obj/flash_fds_s140_pca10056/nrf_cli.o
                0x000000000002be0c                nrf_cli_cmd_cli_stats_show
 .text.cli_uart_read
                0x000000000002be58        0xa Output/Release/Obj/flash_fds_s140_pca10056/nrf_cli_uart.o
 *fill*         0x000000000002be62        0x2 
 .text.nrf_drv_uart_tx
                0x000000000002be64       0x24 Output/Release/Obj/flash_fds_s140_pca10056/nrf_cli_uart.o
 .text.timer_handler
                0x000000000002be88       0x1c Output/Release/Obj/flash_fds_s140_pca10056/nrf_cli_uart.o
 .text.nrf_drv_uart_uninit
                0x000000000002bea4       0x18 Output/Release/Obj/flash_fds_s140_pca10056/nrf_cli_uart.o
 .text.cli_uart_uninit
                0x000000000002bebc       0x16 Output/Release/Obj/flash_fds_s140_pca10056/nrf_cli_uart.o
 *fill*         0x000000000002bed2        0x2 
 .text.rx_try   0x000000000002bed4       0x50 Output/Release/Obj/flash_fds_s140_pca10056/nrf_cli_uart.o
 .text.cli_uart_enable
                0x000000000002bf24       0x74 Output/Release/Obj/flash_fds_s140_pca10056/nrf_cli_uart.o
 .text.uart_event_handler
                0x000000000002bf98       0x72 Output/Release/Obj/flash_fds_s140_pca10056/nrf_cli_uart.o
 *fill*         0x000000000002c00a        0x2 
 .text.cli_uart_write
                0x000000000002c00c       0x68 Output/Release/Obj/flash_fds_s140_pca10056/nrf_cli_uart.o
 .text.cli_uart_init
                0x000000000002c074       0x44 Output/Release/Obj/flash_fds_s140_pca10056/nrf_cli_uart.o
 .text.nrf_fprintf_buffer_flush
                0x000000000002c0b8       0x16 Output/Release/Obj/flash_fds_s140_pca10056/nrf_fprintf.o
                0x000000000002c0b8                nrf_fprintf_buffer_flush
 .text.nrf_fprintf
                0x000000000002c0ce       0x1c Output/Release/Obj/flash_fds_s140_pca10056/nrf_fprintf.o
                0x000000000002c0ce                nrf_fprintf
 .text.buffer_add
                0x000000000002c0ea       0x2e Output/Release/Obj/flash_fds_s140_pca10056/nrf_fprintf_format.o
 .text.unsigned_print
                0x000000000002c118       0xb4 Output/Release/Obj/flash_fds_s140_pca10056/nrf_fprintf_format.o
 .text.nrf_fprintf_fmt
                0x000000000002c1cc      0x294 Output/Release/Obj/flash_fds_s140_pca10056/nrf_fprintf_format.o
                0x000000000002c1cc                nrf_fprintf_fmt
 .text.nrf_fstorage_init
                0x000000000002c460       0x78 Output/Release/Obj/flash_fds_s140_pca10056/nrf_fstorage.o
                0x000000000002c460                nrf_fstorage_init
 .text.nrf_fstorage_write
                0x000000000002c4d8      0x188 Output/Release/Obj/flash_fds_s140_pca10056/nrf_fstorage.o
                0x000000000002c4d8                nrf_fstorage_write
 .text.nrf_fstorage_erase
                0x000000000002c660      0x10c Output/Release/Obj/flash_fds_s140_pca10056/nrf_fstorage.o
                0x000000000002c660                nrf_fstorage_erase
 .text.sd_flash_write
                0x000000000002c76c        0x4 Output/Release/Obj/flash_fds_s140_pca10056/nrf_fstorage_sd.o
 .text.sd_flash_page_erase
                0x000000000002c770        0x4 Output/Release/Obj/flash_fds_s140_pca10056/nrf_fstorage_sd.o
 .text.event_send
                0x000000000002c774       0x50 Output/Release/Obj/flash_fds_s140_pca10056/nrf_fstorage_sd.o
 .text.rmap     0x000000000002c7c4        0x4 Output/Release/Obj/flash_fds_s140_pca10056/nrf_fstorage_sd.o
 .text.wmap     0x000000000002c7c8        0x4 Output/Release/Obj/flash_fds_s140_pca10056/nrf_fstorage_sd.o
 .text.is_busy  0x000000000002c7cc       0x10 Output/Release/Obj/flash_fds_s140_pca10056/nrf_fstorage_sd.o
 .text.nrf_fstorage_sdh_req_handler
                0x000000000002c7dc       0x14 Output/Release/Obj/flash_fds_s140_pca10056/nrf_fstorage_sd.o
                0x000000000002c7dc                nrf_fstorage_sdh_req_handler
 .text.read     0x000000000002c7f0        0xe Output/Release/Obj/flash_fds_s140_pca10056/nrf_fstorage_sd.o
 *fill*         0x000000000002c7fe        0x2 
 .text.uninit   0x000000000002c800       0x20 Output/Release/Obj/flash_fds_s140_pca10056/nrf_fstorage_sd.o
 .text.init     0x000000000002c820       0x38 Output/Release/Obj/flash_fds_s140_pca10056/nrf_fstorage_sd.o
 .text.queue_process
                0x000000000002c858       0xa0 Output/Release/Obj/flash_fds_s140_pca10056/nrf_fstorage_sd.o
 .text.nrf_fstorage_sys_evt_handler.part.0
                0x000000000002c8f8       0xa0 Output/Release/Obj/flash_fds_s140_pca10056/nrf_fstorage_sd.o
 .text.nrf_fstorage_sys_evt_handler
                0x000000000002c998        0xc Output/Release/Obj/flash_fds_s140_pca10056/nrf_fstorage_sd.o
                0x000000000002c998                nrf_fstorage_sys_evt_handler
 .text.nrf_fstorage_sdh_state_handler
                0x000000000002c9a4       0x20 Output/Release/Obj/flash_fds_s140_pca10056/nrf_fstorage_sd.o
                0x000000000002c9a4                nrf_fstorage_sdh_state_handler
 .text.queue_start
                0x000000000002c9c4       0x20 Output/Release/Obj/flash_fds_s140_pca10056/nrf_fstorage_sd.o
 .text.erase    0x000000000002c9e4       0x50 Output/Release/Obj/flash_fds_s140_pca10056/nrf_fstorage_sd.o
 .text.write    0x000000000002ca34       0x4c Output/Release/Obj/flash_fds_s140_pca10056/nrf_fstorage_sd.o
 .text.memobj_op
                0x000000000002ca80       0x86 Output/Release/Obj/flash_fds_s140_pca10056/nrf_memobj.o
 .text.nrf_memobj_pool_init
                0x000000000002cb06        0x4 Output/Release/Obj/flash_fds_s140_pca10056/nrf_memobj.o
                0x000000000002cb06                nrf_memobj_pool_init
 .text.nrf_memobj_free
                0x000000000002cb0a       0x2c Output/Release/Obj/flash_fds_s140_pca10056/nrf_memobj.o
                0x000000000002cb0a                nrf_memobj_free
 .text.nrf_memobj_alloc
                0x000000000002cb36       0x5e Output/Release/Obj/flash_fds_s140_pca10056/nrf_memobj.o
                0x000000000002cb36                nrf_memobj_alloc
 .text.nrf_memobj_get
                0x000000000002cb94        0x8 Output/Release/Obj/flash_fds_s140_pca10056/nrf_memobj.o
                0x000000000002cb94                nrf_memobj_get
 .text.nrf_memobj_put
                0x000000000002cb9c       0x1c Output/Release/Obj/flash_fds_s140_pca10056/nrf_memobj.o
                0x000000000002cb9c                nrf_memobj_put
 .text.nrf_memobj_write
                0x000000000002cbb8       0x14 Output/Release/Obj/flash_fds_s140_pca10056/nrf_memobj.o
                0x000000000002cbb8                nrf_memobj_write
 .text.nrf_memobj_read
                0x000000000002cbcc       0x14 Output/Release/Obj/flash_fds_s140_pca10056/nrf_memobj.o
                0x000000000002cbcc                nrf_memobj_read
 .text.nrf_pwr_mgmt_feed
                0x000000000002cbe0        0x2 Output/Release/Obj/flash_fds_s140_pca10056/nrf_pwr_mgmt.o
                0x000000000002cbe0                nrf_pwr_mgmt_feed
 .text.queue_utilization_get
                0x000000000002cbe2       0x18 Output/Release/Obj/flash_fds_s140_pca10056/nrf_queue.o
 .text.nrf_queue_is_full
                0x000000000002cbfa       0x18 Output/Release/Obj/flash_fds_s140_pca10056/nrf_queue.o
                0x000000000002cbfa                nrf_queue_is_full
 .text.nrf_queue_push
                0x000000000002cc12       0xaa Output/Release/Obj/flash_fds_s140_pca10056/nrf_queue.o
                0x000000000002cc12                nrf_queue_push
 .text.nrf_queue_utilization_get
                0x000000000002ccbc       0x28 Output/Release/Obj/flash_fds_s140_pca10056/nrf_queue.o
                0x000000000002ccbc                nrf_queue_utilization_get
 .text.nrf_queue_status
                0x000000000002cce4       0xc4 Output/Release/Obj/flash_fds_s140_pca10056/nrf_queue.o
 .text.nrf_queue_is_empty
                0x000000000002cda8        0xe Output/Release/Obj/flash_fds_s140_pca10056/nrf_queue.o
                0x000000000002cda8                nrf_queue_is_empty
 .text.nrf_queue_generic_pop
                0x000000000002cdb6       0x8a Output/Release/Obj/flash_fds_s140_pca10056/nrf_queue.o
                0x000000000002cdb6                nrf_queue_generic_pop
 .text.nrf_queue_max_utilization_get
                0x000000000002ce40        0x6 Output/Release/Obj/flash_fds_s140_pca10056/nrf_queue.o
                0x000000000002ce40                nrf_queue_max_utilization_get
 .text.nrf_queue_max_utilization_reset
                0x000000000002ce46        0x8 Output/Release/Obj/flash_fds_s140_pca10056/nrf_queue.o
                0x000000000002ce46                nrf_queue_max_utilization_reset
 .text.nrf_ringbuf_init
                0x000000000002ce4e       0x12 Output/Release/Obj/flash_fds_s140_pca10056/nrf_ringbuf.o
                0x000000000002ce4e                nrf_ringbuf_init
 .text.nrf_ringbuf_alloc
                0x000000000002ce60       0x70 Output/Release/Obj/flash_fds_s140_pca10056/nrf_ringbuf.o
                0x000000000002ce60                nrf_ringbuf_alloc
 .text.nrf_ringbuf_put
                0x000000000002ced0       0x2e Output/Release/Obj/flash_fds_s140_pca10056/nrf_ringbuf.o
                0x000000000002ced0                nrf_ringbuf_put
 .text.nrf_ringbuf_cpy_put
                0x000000000002cefe       0x7e Output/Release/Obj/flash_fds_s140_pca10056/nrf_ringbuf.o
                0x000000000002cefe                nrf_ringbuf_cpy_put
 .text.nrf_ringbuf_get
                0x000000000002cf7c       0x6e Output/Release/Obj/flash_fds_s140_pca10056/nrf_ringbuf.o
                0x000000000002cf7c                nrf_ringbuf_get
 .text.nrf_ringbuf_cpy_get
                0x000000000002cfea       0x80 Output/Release/Obj/flash_fds_s140_pca10056/nrf_ringbuf.o
                0x000000000002cfea                nrf_ringbuf_cpy_get
 .text.nrf_ringbuf_free
                0x000000000002d06a       0x22 Output/Release/Obj/flash_fds_s140_pca10056/nrf_ringbuf.o
                0x000000000002d06a                nrf_ringbuf_free
 .text.nrf_section_iter_init
                0x000000000002d08c       0x14 Output/Release/Obj/flash_fds_s140_pca10056/nrf_section_iter.o
                0x000000000002d08c                nrf_section_iter_init
 .text.nrf_section_iter_next
                0x000000000002d0a0       0x18 Output/Release/Obj/flash_fds_s140_pca10056/nrf_section_iter.o
                0x000000000002d0a0                nrf_section_iter_next
 .text.nrf_sortlist_add
                0x000000000002d0b8       0x20 Output/Release/Obj/flash_fds_s140_pca10056/nrf_sortlist.o
                0x000000000002d0b8                nrf_sortlist_add
 .text.nrf_sortlist_pop
                0x000000000002d0d8        0xc Output/Release/Obj/flash_fds_s140_pca10056/nrf_sortlist.o
                0x000000000002d0d8                nrf_sortlist_pop
 .text.nrf_sortlist_peek
                0x000000000002d0e4        0x6 Output/Release/Obj/flash_fds_s140_pca10056/nrf_sortlist.o
                0x000000000002d0e4                nrf_sortlist_peek
 .text.nrf_sortlist_remove
                0x000000000002d0ea       0x1a Output/Release/Obj/flash_fds_s140_pca10056/nrf_sortlist.o
                0x000000000002d0ea                nrf_sortlist_remove
 .text.nrf_strerror_find
                0x000000000002d104       0x3c Output/Release/Obj/flash_fds_s140_pca10056/nrf_strerror.o
                0x000000000002d104                nrf_strerror_find
 .text.nrf_strerror_get
                0x000000000002d140       0x14 Output/Release/Obj/flash_fds_s140_pca10056/nrf_strerror.o
                0x000000000002d140                nrf_strerror_get
 .text.uarte_evt_handler
                0x000000000002d154       0x34 Output/Release/Obj/flash_fds_s140_pca10056/nrf_drv_uart.o
 .text.uart_evt_handler
                0x000000000002d188       0x34 Output/Release/Obj/flash_fds_s140_pca10056/nrf_drv_uart.o
 .text.nrf_drv_uart_init
                0x000000000002d1bc       0x7c Output/Release/Obj/flash_fds_s140_pca10056/nrf_drv_uart.o
                0x000000000002d1bc                nrf_drv_uart_init
 .text.UARTE0_UART0_IRQHandler
                0x000000000002d238        0xc Output/Release/Obj/flash_fds_s140_pca10056/nrfx_prs.o
                0x000000000002d238                UARTE0_UART0_IRQHandler
 .text.nrfx_prs_acquire
                0x000000000002d244       0x44 Output/Release/Obj/flash_fds_s140_pca10056/nrfx_prs.o
                0x000000000002d244                nrfx_prs_acquire
 .text.nrfx_prs_release
                0x000000000002d288       0x18 Output/Release/Obj/flash_fds_s140_pca10056/nrfx_prs.o
                0x000000000002d288                nrfx_prs_release
 .text.nrf_uart_event_clear
                0x000000000002d2a0       0x10 Output/Release/Obj/flash_fds_s140_pca10056/nrfx_uart.o
 .text.tx_byte  0x000000000002d2b0       0x1e Output/Release/Obj/flash_fds_s140_pca10056/nrfx_uart.o
 .text.rx_enable
                0x000000000002d2ce       0x20 Output/Release/Obj/flash_fds_s140_pca10056/nrfx_uart.o
 .text.rx_byte  0x000000000002d2ee       0x2c Output/Release/Obj/flash_fds_s140_pca10056/nrfx_uart.o
 *fill*         0x000000000002d31a        0x2 
 .text.rx_done_event.constprop.0
                0x000000000002d31c       0x20 Output/Release/Obj/flash_fds_s140_pca10056/nrfx_uart.o
 .text.nrfx_uart_0_irq_handler
                0x000000000002d33c      0x140 Output/Release/Obj/flash_fds_s140_pca10056/nrfx_uart.o
                0x000000000002d33c                nrfx_uart_0_irq_handler
 .text.nrf_gpio_cfg_default
                0x000000000002d47c       0x20 Output/Release/Obj/flash_fds_s140_pca10056/nrfx_uart.o
 .text.nrfx_uart_init
                0x000000000002d49c      0x1a0 Output/Release/Obj/flash_fds_s140_pca10056/nrfx_uart.o
                0x000000000002d49c                nrfx_uart_init
 .text.nrfx_uart_uninit
                0x000000000002d63c       0xb8 Output/Release/Obj/flash_fds_s140_pca10056/nrfx_uart.o
                0x000000000002d63c                nrfx_uart_uninit
 .text.nrfx_uart_tx_in_progress
                0x000000000002d6f4       0x18 Output/Release/Obj/flash_fds_s140_pca10056/nrfx_uart.o
                0x000000000002d6f4                nrfx_uart_tx_in_progress
 .text.nrfx_uart_tx
                0x000000000002d70c       0xa0 Output/Release/Obj/flash_fds_s140_pca10056/nrfx_uart.o
                0x000000000002d70c                nrfx_uart_tx
 .text.nrfx_uart_rx
                0x000000000002d7ac       0xf4 Output/Release/Obj/flash_fds_s140_pca10056/nrfx_uart.o
                0x000000000002d7ac                nrfx_uart_rx
 .text.nrfx_uart_rx_abort
                0x000000000002d8a0       0x10 Output/Release/Obj/flash_fds_s140_pca10056/nrfx_uart.o
                0x000000000002d8a0                nrfx_uart_rx_abort
 .text.nrf_uarte_event_clear
                0x000000000002d8b0       0x10 Output/Release/Obj/flash_fds_s140_pca10056/nrfx_uarte.o
 .text.rx_done_event.constprop.0
                0x000000000002d8c0       0x20 Output/Release/Obj/flash_fds_s140_pca10056/nrfx_uarte.o
 .text.nrfx_uarte_0_irq_handler
                0x000000000002d8e0      0x118 Output/Release/Obj/flash_fds_s140_pca10056/nrfx_uarte.o
                0x000000000002d8e0                nrfx_uarte_0_irq_handler
 .text.nrf_gpio_cfg_default
                0x000000000002d9f8       0x20 Output/Release/Obj/flash_fds_s140_pca10056/nrfx_uarte.o
 .text.nrfx_uarte_init
                0x000000000002da18      0x1b8 Output/Release/Obj/flash_fds_s140_pca10056/nrfx_uarte.o
                0x000000000002da18                nrfx_uarte_init
 .text.nrfx_uarte_uninit
                0x000000000002dbd0      0x108 Output/Release/Obj/flash_fds_s140_pca10056/nrfx_uarte.o
                0x000000000002dbd0                nrfx_uarte_uninit
 .text.nrfx_uarte_tx_in_progress
                0x000000000002dcd8       0x18 Output/Release/Obj/flash_fds_s140_pca10056/nrfx_uarte.o
                0x000000000002dcd8                nrfx_uarte_tx_in_progress
 .text.nrfx_uarte_tx
                0x000000000002dcf0       0x9c Output/Release/Obj/flash_fds_s140_pca10056/nrfx_uarte.o
                0x000000000002dcf0                nrfx_uarte_tx
 .text.nrfx_uarte_rx
                0x000000000002dd8c       0xd8 Output/Release/Obj/flash_fds_s140_pca10056/nrfx_uarte.o
                0x000000000002dd8c                nrfx_uarte_rx
 .text.nrfx_uarte_rx_abort
                0x000000000002de64       0x28 Output/Release/Obj/flash_fds_s140_pca10056/nrfx_uarte.o
                0x000000000002de64                nrfx_uarte_rx_abort
 .text.cli_wrong_param_count_help
                0x000000000002de8c       0x18 Output/Release/Obj/flash_fds_s140_pca10056/cli.o
 .text.print_all_cmd
                0x000000000002dea4       0xb4 Output/Release/Obj/flash_fds_s140_pca10056/cli.o
 .text.print_cfg_cmd
                0x000000000002df58       0xc8 Output/Release/Obj/flash_fds_s140_pca10056/cli.o
 .text.gc_cmd   0x000000000002e020       0x24 Output/Release/Obj/flash_fds_s140_pca10056/cli.o
 .text.delete_cmd
                0x000000000002e044       0xb8 Output/Release/Obj/flash_fds_s140_pca10056/cli.o
 .text.delete_all_cmd
                0x000000000002e0fc       0x24 Output/Release/Obj/flash_fds_s140_pca10056/cli.o
 .text.stat_cmd
                0x000000000002e120       0x6c Output/Release/Obj/flash_fds_s140_pca10056/cli.o
 .text.update_cmd
                0x000000000002e18c      0x124 Output/Release/Obj/flash_fds_s140_pca10056/cli.o
 .text.write_cmd
                0x000000000002e2b0       0xcc Output/Release/Obj/flash_fds_s140_pca10056/cli.o
 .text.print_cmd
                0x000000000002e37c       0x44 Output/Release/Obj/flash_fds_s140_pca10056/cli.o
 .text.cli_init
                0x000000000002e3c0       0x40 Output/Release/Obj/flash_fds_s140_pca10056/cli.o
                0x000000000002e3c0                cli_init
 .text.cli_start
                0x000000000002e400       0x18 Output/Release/Obj/flash_fds_s140_pca10056/cli.o
                0x000000000002e400                cli_start
 .text.cli_process
                0x000000000002e418        0xc Output/Release/Obj/flash_fds_s140_pca10056/cli.o
                0x000000000002e418                cli_process
 .text.record_delete_next
                0x000000000002e424       0x2e Output/Release/Obj/flash_fds_s140_pca10056/cli.o
                0x000000000002e424                record_delete_next
 .text.sd_app_evt_wait
                0x000000000002e452        0x4 Output/Release/Obj/flash_fds_s140_pca10056/main.o
 *fill*         0x000000000002e456        0x2 
 .text.fds_evt_handler
                0x000000000002e458      0x134 Output/Release/Obj/flash_fds_s140_pca10056/main.o
 .text.fds_err_str
                0x000000000002e58c       0x10 Output/Release/Obj/flash_fds_s140_pca10056/main.o
                0x000000000002e58c                fds_err_str
 .text.delete_all_begin
                0x000000000002e59c        0xc Output/Release/Obj/flash_fds_s140_pca10056/main.o
                0x000000000002e59c                delete_all_begin
 .text.delete_all_process
                0x000000000002e5a8       0x6c Output/Release/Obj/flash_fds_s140_pca10056/main.o
                0x000000000002e5a8                delete_all_process
 .text.startup.main
                0x000000000002e614      0x2c8 Output/Release/Obj/flash_fds_s140_pca10056/main.o
                0x000000000002e614                main
 .text.nrf52_errata_36
                0x000000000002e8dc       0x12 Output/Release/Obj/flash_fds_s140_pca10056/system_nrf52840.o
 *fill*         0x000000000002e8ee        0x2 
 .text.nrf52_errata_98
                0x000000000002e8f0       0x24 Output/Release/Obj/flash_fds_s140_pca10056/system_nrf52840.o
 .text.nvmc_wait
                0x000000000002e914       0x10 Output/Release/Obj/flash_fds_s140_pca10056/system_nrf52840.o
                0x000000000002e914                nvmc_wait
 .text.SystemInit
                0x000000000002e924      0x1e8 Output/Release/Obj/flash_fds_s140_pca10056/system_nrf52840.o
                0x000000000002e924                SystemInit
 .text.sd_softdevice_enable
                0x000000000002eb0c        0x4 Output/Release/Obj/flash_fds_s140_pca10056/nrf_sdh.o
 .text.sd_softdevice_disable
                0x000000000002eb10        0x4 Output/Release/Obj/flash_fds_s140_pca10056/nrf_sdh.o
 .text.sdh_request_observer_notify
                0x000000000002eb14       0x30 Output/Release/Obj/flash_fds_s140_pca10056/nrf_sdh.o
 .text.sdh_state_observer_notify
                0x000000000002eb44       0x28 Output/Release/Obj/flash_fds_s140_pca10056/nrf_sdh.o
 .text.softdevice_evt_irq_disable
                0x000000000002eb6c       0x2c Output/Release/Obj/flash_fds_s140_pca10056/nrf_sdh.o
 .text.softdevices_evt_irq_enable
                0x000000000002eb98       0x38 Output/Release/Obj/flash_fds_s140_pca10056/nrf_sdh.o
 .text.nrf_sdh_enable_request
                0x000000000002ebd0       0x7c Output/Release/Obj/flash_fds_s140_pca10056/nrf_sdh.o
                0x000000000002ebd0                nrf_sdh_enable_request
 .text.nrf_sdh_disable_request
                0x000000000002ec4c       0x60 Output/Release/Obj/flash_fds_s140_pca10056/nrf_sdh.o
                0x000000000002ec4c                nrf_sdh_disable_request
 .text.nrf_sdh_request_continue
                0x000000000002ecac       0x20 Output/Release/Obj/flash_fds_s140_pca10056/nrf_sdh.o
                0x000000000002ecac                nrf_sdh_request_continue
 .text.nrf_sdh_is_enabled
                0x000000000002eccc        0xc Output/Release/Obj/flash_fds_s140_pca10056/nrf_sdh.o
                0x000000000002eccc                nrf_sdh_is_enabled
 .text.nrf_sdh_evts_poll
                0x000000000002ecd8       0x28 Output/Release/Obj/flash_fds_s140_pca10056/nrf_sdh.o
                0x000000000002ecd8                nrf_sdh_evts_poll
 .text.SWI2_EGU2_IRQHandler
                0x000000000002ed00        0x4 Output/Release/Obj/flash_fds_s140_pca10056/nrf_sdh.o
                0x000000000002ed00                SWI2_EGU2_IRQHandler
 .text.sd_ble_enable
                0x000000000002ed04        0x4 Output/Release/Obj/flash_fds_s140_pca10056/nrf_sdh_ble.o
 .text.sd_ble_cfg_set
                0x000000000002ed08        0x4 Output/Release/Obj/flash_fds_s140_pca10056/nrf_sdh_ble.o
 .text.sd_ble_evt_get
                0x000000000002ed0c        0x4 Output/Release/Obj/flash_fds_s140_pca10056/nrf_sdh_ble.o
 .text.nrf_sdh_ble_evts_poll
                0x000000000002ed10       0x58 Output/Release/Obj/flash_fds_s140_pca10056/nrf_sdh_ble.o
 .text.nrf_sdh_ble_default_cfg_set
                0x000000000002ed68      0x158 Output/Release/Obj/flash_fds_s140_pca10056/nrf_sdh_ble.o
                0x000000000002ed68                nrf_sdh_ble_default_cfg_set
 .text.nrf_sdh_ble_enable
                0x000000000002eec0       0xb8 Output/Release/Obj/flash_fds_s140_pca10056/nrf_sdh_ble.o
                0x000000000002eec0                nrf_sdh_ble_enable
 .text.sd_evt_get
                0x000000000002ef78        0x4 Output/Release/Obj/flash_fds_s140_pca10056/nrf_sdh_soc.o
 .text.nrf_sdh_soc_evts_poll
                0x000000000002ef7c       0x40 Output/Release/Obj/flash_fds_s140_pca10056/nrf_sdh_soc.o
 .text.libc.__RAL_ascii_isctype
                0x000000000002efbc       0x1c /Applications/SEGGER Embedded Studio for ARM 5.66/lib/libc_v7em_fpv4_sp_d16_hard_t_le_eabi.a(libc2.o)
 .text.libc.__RAL_ascii_toupper
                0x000000000002efd8        0xc /Applications/SEGGER Embedded Studio for ARM 5.66/lib/libc_v7em_fpv4_sp_d16_hard_t_le_eabi.a(libc2.o)
 .text.libc.__RAL_ascii_tolower
                0x000000000002efe4        0xc /Applications/SEGGER Embedded Studio for ARM 5.66/lib/libc_v7em_fpv4_sp_d16_hard_t_le_eabi.a(libc2.o)
 .text.libc.__RAL_ascii_wctomb
                0x000000000002eff0       0x10 /Applications/SEGGER Embedded Studio for ARM 5.66/lib/libc_v7em_fpv4_sp_d16_hard_t_le_eabi.a(libc2.o)
                0x000000000002eff0                __RAL_ascii_wctomb
 .text.libc.__RAL_ascii_mbtowc
                0x000000000002f000       0x24 /Applications/SEGGER Embedded Studio for ARM 5.66/lib/libc_v7em_fpv4_sp_d16_hard_t_le_eabi.a(libc2.o)
                0x000000000002f000                __RAL_ascii_mbtowc
 .text.libc.__RAL_ascii_towupper
                0x000000000002f024        0xc /Applications/SEGGER Embedded Studio for ARM 5.66/lib/libc_v7em_fpv4_sp_d16_hard_t_le_eabi.a(libc2.o)
 .text.libc.__RAL_ascii_towlower
                0x000000000002f030        0xc /Applications/SEGGER Embedded Studio for ARM 5.66/lib/libc_v7em_fpv4_sp_d16_hard_t_le_eabi.a(libc2.o)
 .text.libc.__RAL_ascii_iswctype
                0x000000000002f03c       0x1c /Applications/SEGGER Embedded Studio for ARM 5.66/lib/libc_v7em_fpv4_sp_d16_hard_t_le_eabi.a(libc2.o)
 .text.libc.isupper
                0x000000000002f058       0x10 /Applications/SEGGER Embedded Studio for ARM 5.66/lib/libc_v7em_fpv4_sp_d16_hard_t_le_eabi.a(libc2.o)
                0x000000000002f058                isupper
 .text.libc.islower
                0x000000000002f068       0x10 /Applications/SEGGER Embedded Studio for ARM 5.66/lib/libc_v7em_fpv4_sp_d16_hard_t_le_eabi.a(libc2.o)
                0x000000000002f068                islower
 .text.libc.isdigit
                0x000000000002f078       0x10 /Applications/SEGGER Embedded Studio for ARM 5.66/lib/libc_v7em_fpv4_sp_d16_hard_t_le_eabi.a(libc2.o)
                0x000000000002f078                isdigit
 .text.libc.__digit
                0x000000000002f088       0x44 /Applications/SEGGER Embedded Studio for ARM 5.66/lib/libc_v7em_fpv4_sp_d16_hard_t_le_eabi.a(libc2.o)
                0x000000000002f088                __digit
 .text.libc.isspace
                0x000000000002f0cc       0x10 /Applications/SEGGER Embedded Studio for ARM 5.66/lib/libc_v7em_fpv4_sp_d16_hard_t_le_eabi.a(libc2.o)
                0x000000000002f0cc                isspace
 .text.libc.isprint
                0x000000000002f0dc       0x10 /Applications/SEGGER Embedded Studio for ARM 5.66/lib/libc_v7em_fpv4_sp_d16_hard_t_le_eabi.a(libc2.o)
                0x000000000002f0dc                isprint
 .text.libc.__aeabi_errno_addr
                0x000000000002f0ec       0x14 /Applications/SEGGER Embedded Studio for ARM 5.66/lib/libc_v7em_fpv4_sp_d16_hard_t_le_eabi.a(libc2.o)
                0x000000000002f0ec                __aeabi_errno_addr
 .text.libc.__strtoul
                0x000000000002f100       0xd4 /Applications/SEGGER Embedded Studio for ARM 5.66/lib/libc_v7em_fpv4_sp_d16_hard_t_le_eabi.a(libc2.o)
                0x000000000002f100                __strtoul
 .text.libc.memmove
                0x000000000002f1d4       0x34 /Applications/SEGGER Embedded Studio for ARM 5.66/lib/libc_v7em_fpv4_sp_d16_hard_t_le_eabi.a(libc2.o)
                0x000000000002f1d4                memmove
                0x000000000002f1d4                __aeabi_memmove8
                0x000000000002f1d4                __aeabi_memmove
                0x000000000002f1d4                __aeabi_memmove4
 .text.libc.qsort
                0x000000000002f208      0x218 /Applications/SEGGER Embedded Studio for ARM 5.66/lib/libc_v7em_fpv4_sp_d16_hard_t_le_eabi.a(libc2.o)
                0x000000000002f208                qsort
 .text.libc.strncmp
                0x000000000002f420       0x48 /Applications/SEGGER Embedded Studio for ARM 5.66/lib/libc_v7em_fpv4_sp_d16_hard_t_le_eabi.a(libc2.o)
                0x000000000002f420                strncmp
 .text.libc.strtol
                0x000000000002f468       0xb8 /Applications/SEGGER Embedded Studio for ARM 5.66/lib/libc_v7em_fpv4_sp_d16_hard_t_le_eabi.a(libc2.o)
                0x000000000002f468                strtol
 .text.libc.memcpy
                0x000000000002f520       0x52 /Applications/SEGGER Embedded Studio for ARM 5.66/lib/libc_v7em_fpv4_sp_d16_hard_t_le_eabi.a(libc2_asm.o)
                0x000000000002f520                memcpy
                0x000000000002f520                __aeabi_memcpy
                0x000000000002f52c                __aeabi_memcpy4
                0x000000000002f52c                __aeabi_memcpy8
 .text.libc.memset
                0x000000000002f572       0x66 /Applications/SEGGER Embedded Studio for ARM 5.66/lib/libc_v7em_fpv4_sp_d16_hard_t_le_eabi.a(libc2_asm.o)
                0x000000000002f572                memset
 .text.libc.strcpy
                0x000000000002f5d8       0x44 /Applications/SEGGER Embedded Studio for ARM 5.66/lib/libc_v7em_fpv4_sp_d16_hard_t_le_eabi.a(libc2_asm.o)
                0x000000000002f5d8                strcpy
 .text.libc.strcmp
                0x000000000002f61c       0x4e /Applications/SEGGER Embedded Studio for ARM 5.66/lib/libc_v7em_fpv4_sp_d16_hard_t_le_eabi.a(libc2_asm.o)
                0x000000000002f61c                strcmp
 .text.libc.strlen
                0x000000000002f66a       0x60 /Applications/SEGGER Embedded Studio for ARM 5.66/lib/libc_v7em_fpv4_sp_d16_hard_t_le_eabi.a(libc2_asm.o)
                0x000000000002f66a                strlen
                0x000000000002f6cc                . = ALIGN (MAX ((__text_start__ + 0x4), .), 0x4)
 *fill*         0x000000000002f6ca        0x2 
                0x000000000002f6cc                __text_end__ = (__text_start__ + SIZEOF (.text))
                0x00000000000082fc                __text_size__ = SIZEOF (.text)
                0x000000000002f6cc                __text_load_end__ = __text_end__

.vfp11_veneer   0x0000000100000000        0x0
 .vfp11_veneer  0x0000000100000000        0x0 linker stubs

.v4_bx          0x0000000100000000        0x0
 .v4_bx         0x0000000100000000        0x0 linker stubs

.iplt           0x0000000100000000        0x0
 .iplt          0x0000000100000000        0x0 Output/Release/Obj/flash_fds_s140_pca10056/thumb_crt0.o
                0x0000000000000001                . = ASSERT (((__text_start__ == __text_end__) || ((__text_end__ - __FLASH1_segment_start__) <= __FLASH1_segment_size__)), error: .text is too large to fit in FLASH1 memory segment)
                0x000000000002f6cc                __sdh_ble_observers_load_start__ = ALIGN (__text_end__, 0x4)

.sdh_ble_observers
                0x000000000002f6cc        0x0
                0x000000000002f6cc                __sdh_ble_observers_start__ = .
                0x000000000002f6cc                __start_sdh_ble_observers = __sdh_ble_observers_start__
 *(SORT_BY_NAME(.sdh_ble_observers*))
                0x000000000002f6cc                __sdh_ble_observers_end__ = (__sdh_ble_observers_start__ + SIZEOF (.sdh_ble_observers))
                0x0000000000000000                __sdh_ble_observers_size__ = SIZEOF (.sdh_ble_observers)
                0x000000000002f6cc                __stop_sdh_ble_observers = __sdh_ble_observers_end__
                0x000000000002f6cc                __sdh_ble_observers_load_end__ = __sdh_ble_observers_end__
                0x0000000000000001                . = ASSERT (((__sdh_ble_observers_start__ == __sdh_ble_observers_end__) || ((__sdh_ble_observers_end__ - __FLASH1_segment_start__) <= __FLASH1_segment_size__)), error: .sdh_ble_observers is too large to fit in FLASH1 memory segment)
                0x000000000002f6cc                __cli_command_load_start__ = ALIGN (__sdh_ble_observers_end__, 0x4)

.cli_command    0x000000000002f6cc       0x70
                0x000000000002f6cc                __cli_command_start__ = .
                0x000000000002f6cc                __start_cli_command = __cli_command_start__
 *(.cli_command*)
 .cli_command   0x000000000002f6cc        0x8 Output/Release/Obj/flash_fds_s140_pca10056/nrf_log_frontend.o
                0x000000000002f6cc                nrf_cli_log_const
 .cli_command   0x000000000002f6d4        0x8 Output/Release/Obj/flash_fds_s140_pca10056/nrf_balloc.o
                0x000000000002f6d4                nrf_cli_balloc_const
 .cli_command   0x000000000002f6dc       0x20 Output/Release/Obj/flash_fds_s140_pca10056/nrf_cli.o
                0x000000000002f6dc                nrf_cli_resize_const
                0x000000000002f6e4                nrf_cli_history_const
                0x000000000002f6ec                nrf_cli_cli_const
                0x000000000002f6f4                nrf_cli_clear_const
 .cli_command   0x000000000002f6fc        0x8 Output/Release/Obj/flash_fds_s140_pca10056/nrf_queue.o
                0x000000000002f6fc                nrf_cli_queue_const
 .cli_command   0x000000000002f704       0x38 Output/Release/Obj/flash_fds_s140_pca10056/cli.o
                0x000000000002f704                nrf_cli_stat_const
                0x000000000002f70c                nrf_cli_gc_const
                0x000000000002f714                nrf_cli_delete_all_const
                0x000000000002f71c                nrf_cli_delete_const
                0x000000000002f724                nrf_cli_update_const
                0x000000000002f72c                nrf_cli_write_const
                0x000000000002f734                nrf_cli_print_const
                0x000000000002f73c                __cli_command_end__ = (__cli_command_start__ + SIZEOF (.cli_command))
                0x0000000000000070                __cli_command_size__ = SIZEOF (.cli_command)
                0x000000000002f73c                __stop_cli_command = __cli_command_end__
                0x000000000002f73c                __cli_command_load_end__ = __cli_command_end__
                0x0000000000000001                . = ASSERT (((__cli_command_start__ == __cli_command_end__) || ((__cli_command_end__ - __FLASH1_segment_start__) <= __FLASH1_segment_size__)), error: .cli_command is too large to fit in FLASH1 memory segment)
                0x000000000002f73c                __pwr_mgmt_data_load_start__ = ALIGN (__cli_command_end__, 0x4)

.pwr_mgmt_data  0x000000000002f73c        0x0
                0x000000000002f73c                __pwr_mgmt_data_start__ = .
                0x000000000002f73c                __start_pwr_mgmt_data = __pwr_mgmt_data_start__
 *(SORT_BY_NAME(.pwr_mgmt_data*))
                0x000000000002f73c                __pwr_mgmt_data_end__ = (__pwr_mgmt_data_start__ + SIZEOF (.pwr_mgmt_data))
                0x0000000000000000                __pwr_mgmt_data_size__ = SIZEOF (.pwr_mgmt_data)
                0x000000000002f73c                __stop_pwr_mgmt_data = __pwr_mgmt_data_end__
                0x000000000002f73c                __pwr_mgmt_data_load_end__ = __pwr_mgmt_data_end__
                0x0000000000000001                . = ASSERT (((__pwr_mgmt_data_start__ == __pwr_mgmt_data_end__) || ((__pwr_mgmt_data_end__ - __FLASH1_segment_start__) <= __FLASH1_segment_size__)), error: .pwr_mgmt_data is too large to fit in FLASH1 memory segment)
                0x000000000002f73c                __nrf_queue_load_start__ = ALIGN (__pwr_mgmt_data_end__, 0x4)

.nrf_queue      0x000000000002f73c       0x1c
                0x000000000002f73c                __nrf_queue_start__ = .
                0x000000000002f73c                __start_nrf_queue = __nrf_queue_start__
 *(.nrf_queue*)
 .nrf_queue     0x000000000002f73c       0x1c Output/Release/Obj/flash_fds_s140_pca10056/cli.o
                0x000000000002f73c                m_cli_uart_log_backend_queue
                0x000000000002f758                __nrf_queue_end__ = (__nrf_queue_start__ + SIZEOF (.nrf_queue))
                0x000000000000001c                __nrf_queue_size__ = SIZEOF (.nrf_queue)
                0x000000000002f758                __stop_nrf_queue = __nrf_queue_end__
                0x000000000002f758                __nrf_queue_load_end__ = __nrf_queue_end__
                0x0000000000000001                . = ASSERT (((__nrf_queue_start__ == __nrf_queue_end__) || ((__nrf_queue_end__ - __FLASH1_segment_start__) <= __FLASH1_segment_size__)), error: .nrf_queue is too large to fit in FLASH1 memory segment)
                0x000000000002f758                __sdh_req_observers_load_start__ = ALIGN (__nrf_queue_end__, 0x4)

.sdh_req_observers
                0x000000000002f758        0x8
                0x000000000002f758                __sdh_req_observers_start__ = .
                0x000000000002f758                __start_sdh_req_observers = __sdh_req_observers_start__
 *(SORT_BY_NAME(.sdh_req_observers*))
 .sdh_req_observers0
                0x000000000002f758        0x8 Output/Release/Obj/flash_fds_s140_pca10056/nrf_fstorage_sd.o
                0x000000000002f758                m_req_obs
                0x000000000002f760                __sdh_req_observers_end__ = (__sdh_req_observers_start__ + SIZEOF (.sdh_req_observers))
                0x0000000000000008                __sdh_req_observers_size__ = SIZEOF (.sdh_req_observers)
                0x000000000002f760                __stop_sdh_req_observers = __sdh_req_observers_end__
                0x000000000002f760                __sdh_req_observers_load_end__ = __sdh_req_observers_end__
                0x0000000000000001                . = ASSERT (((__sdh_req_observers_start__ == __sdh_req_observers_end__) || ((__sdh_req_observers_end__ - __FLASH1_segment_start__) <= __FLASH1_segment_size__)), error: .sdh_req_observers is too large to fit in FLASH1 memory segment)
                0x000000000002f760                __sdh_state_observers_load_start__ = ALIGN (__sdh_req_observers_end__, 0x4)

.sdh_state_observers
                0x000000000002f760        0x8
                0x000000000002f760                __sdh_state_observers_start__ = .
                0x000000000002f760                __start_sdh_state_observers = __sdh_state_observers_start__
 *(SORT_BY_NAME(.sdh_state_observers*))
 .sdh_state_observers0
                0x000000000002f760        0x8 Output/Release/Obj/flash_fds_s140_pca10056/nrf_fstorage_sd.o
                0x000000000002f768                __sdh_state_observers_end__ = (__sdh_state_observers_start__ + SIZEOF (.sdh_state_observers))
                0x0000000000000008                __sdh_state_observers_size__ = SIZEOF (.sdh_state_observers)
                0x000000000002f768                __stop_sdh_state_observers = __sdh_state_observers_end__
                0x000000000002f768                __sdh_state_observers_load_end__ = __sdh_state_observers_end__
                0x0000000000000001                . = ASSERT (((__sdh_state_observers_start__ == __sdh_state_observers_end__) || ((__sdh_state_observers_end__ - __FLASH1_segment_start__) <= __FLASH1_segment_size__)), error: .sdh_state_observers is too large to fit in FLASH1 memory segment)
                0x000000000002f768                __sdh_stack_observers_load_start__ = ALIGN (__sdh_state_observers_end__, 0x4)

.sdh_stack_observers
                0x000000000002f768       0x10
                0x000000000002f768                __sdh_stack_observers_start__ = .
                0x000000000002f768                __start_sdh_stack_observers = __sdh_stack_observers_start__
 *(SORT_BY_NAME(.sdh_stack_observers*))
 .sdh_stack_observers0
                0x000000000002f768        0x8 Output/Release/Obj/flash_fds_s140_pca10056/nrf_sdh_ble.o
 .sdh_stack_observers0
                0x000000000002f770        0x8 Output/Release/Obj/flash_fds_s140_pca10056/nrf_sdh_soc.o
                0x000000000002f778                __sdh_stack_observers_end__ = (__sdh_stack_observers_start__ + SIZEOF (.sdh_stack_observers))
                0x0000000000000010                __sdh_stack_observers_size__ = SIZEOF (.sdh_stack_observers)
                0x000000000002f778                __stop_sdh_stack_observers = __sdh_stack_observers_end__
                0x000000000002f778                __sdh_stack_observers_load_end__ = __sdh_stack_observers_end__
                0x0000000000000001                . = ASSERT (((__sdh_stack_observers_start__ == __sdh_stack_observers_end__) || ((__sdh_stack_observers_end__ - __FLASH1_segment_start__) <= __FLASH1_segment_size__)), error: .sdh_stack_observers is too large to fit in FLASH1 memory segment)
                0x000000000002f778                __log_const_data_load_start__ = ALIGN (__sdh_stack_observers_end__, 0x4)

.log_const_data
                0x000000000002f778       0x98
                0x000000000002f778                __log_const_data_start__ = .
                0x000000000002f778                __start_log_const_data = __log_const_data_start__
 *(SORT_BY_NAME(.log_const_data*))
 .log_const_data_PRS
                0x000000000002f778        0x8 Output/Release/Obj/flash_fds_s140_pca10056/nrfx_prs.o
                0x000000000002f778                m_nrf_log_PRS_logs_data_const
 .log_const_data_UART
                0x000000000002f780        0x8 Output/Release/Obj/flash_fds_s140_pca10056/nrfx_uart.o
                0x000000000002f780                m_nrf_log_UART_logs_data_const
 .log_const_data_UARTE
                0x000000000002f788        0x8 Output/Release/Obj/flash_fds_s140_pca10056/nrfx_uarte.o
                0x000000000002f788                m_nrf_log_UARTE_logs_data_const
 .log_const_data_app
                0x000000000002f790        0x8 Output/Release/Obj/flash_fds_s140_pca10056/nrf_log_frontend.o
                0x000000000002f790                m_nrf_log_app_logs_data_const
 .log_const_data_app_timer
                0x000000000002f798        0x8 Output/Release/Obj/flash_fds_s140_pca10056/app_timer2.o
                0x000000000002f798                m_nrf_log_app_timer_logs_data_const
 .log_const_data_app_timer_cli_uart_timer
                0x000000000002f7a0        0x8 Output/Release/Obj/flash_fds_s140_pca10056/cli.o
                0x000000000002f7a0                m_nrf_log_app_timer_cli_uart_timer_logs_data_const
 .log_const_data_atfifo_m_fifo
                0x000000000002f7a8        0x8 Output/Release/Obj/flash_fds_s140_pca10056/nrf_fstorage_sd.o
                0x000000000002f7a8                m_nrf_log_atfifo_m_fifo_logs_data_const
 .log_const_data_atfifo_m_queue
                0x000000000002f7b0        0x8 Output/Release/Obj/flash_fds_s140_pca10056/fds.o
                0x000000000002f7b0                m_nrf_log_atfifo_m_queue_logs_data_const
 .log_const_data_atfifo_m_req_fifo
                0x000000000002f7b8        0x8 Output/Release/Obj/flash_fds_s140_pca10056/app_timer2.o
                0x000000000002f7b8                m_nrf_log_atfifo_m_req_fifo_logs_data_const
 .log_const_data_balloc_log_mempool
                0x000000000002f7c0        0x8 Output/Release/Obj/flash_fds_s140_pca10056/nrf_log_frontend.o
                0x000000000002f7c0                m_nrf_log_balloc_log_mempool_logs_data_const
 .log_const_data_balloc_m_cli_uart_cmd_hist_memobj
                0x000000000002f7c8        0x8 Output/Release/Obj/flash_fds_s140_pca10056/cli.o
                0x000000000002f7c8                m_nrf_log_balloc_m_cli_uart_cmd_hist_memobj_logs_data_const
 .log_const_data_cli_uart
                0x000000000002f7d0        0x8 Output/Release/Obj/flash_fds_s140_pca10056/nrf_cli_uart.o
                0x000000000002f7d0                m_nrf_log_cli_uart_logs_data_const
 .log_const_data_nrf_fstorage
                0x000000000002f7d8        0x8 Output/Release/Obj/flash_fds_s140_pca10056/nrf_fstorage.o
                0x000000000002f7d8                m_nrf_log_nrf_fstorage_logs_data_const
 .log_const_data_nrf_sdh
                0x000000000002f7e0        0x8 Output/Release/Obj/flash_fds_s140_pca10056/nrf_sdh.o
                0x000000000002f7e0                m_nrf_log_nrf_sdh_logs_data_const
 .log_const_data_nrf_sdh_ble
                0x000000000002f7e8        0x8 Output/Release/Obj/flash_fds_s140_pca10056/nrf_sdh_ble.o
                0x000000000002f7e8                m_nrf_log_nrf_sdh_ble_logs_data_const
 .log_const_data_nrf_sdh_soc
                0x000000000002f7f0        0x8 Output/Release/Obj/flash_fds_s140_pca10056/nrf_sdh_soc.o
                0x000000000002f7f0                m_nrf_log_nrf_sdh_soc_logs_data_const
 .log_const_data_pwr_mgmt
                0x000000000002f7f8        0x8 Output/Release/Obj/flash_fds_s140_pca10056/nrf_pwr_mgmt.o
                0x000000000002f7f8                m_nrf_log_pwr_mgmt_logs_data_const
 .log_const_data_queue_m_cli_uart_log_backend_queue
                0x000000000002f800        0x8 Output/Release/Obj/flash_fds_s140_pca10056/cli.o
                0x000000000002f800                m_nrf_log_queue_m_cli_uart_log_backend_queue_logs_data_const
 .log_const_data_sortlist
                0x000000000002f808        0x8 Output/Release/Obj/flash_fds_s140_pca10056/nrf_sortlist.o
                0x000000000002f808                m_nrf_log_sortlist_logs_data_const
                0x000000000002f810                __log_const_data_end__ = (__log_const_data_start__ + SIZEOF (.log_const_data))
                0x0000000000000098                __log_const_data_size__ = SIZEOF (.log_const_data)
                0x000000000002f810                __stop_log_const_data = __log_const_data_end__
                0x000000000002f810                __log_const_data_load_end__ = __log_const_data_end__
                0x0000000000000001                . = ASSERT (((__log_const_data_start__ == __log_const_data_end__) || ((__log_const_data_end__ - __FLASH1_segment_start__) <= __FLASH1_segment_size__)), error: .log_const_data is too large to fit in FLASH1 memory segment)
                0x000000000002f810                __sdh_soc_observers_load_start__ = ALIGN (__log_const_data_end__, 0x4)

.sdh_soc_observers
                0x000000000002f810        0x8
                0x000000000002f810                __sdh_soc_observers_start__ = .
                0x000000000002f810                __start_sdh_soc_observers = __sdh_soc_observers_start__
 *(SORT_BY_NAME(.sdh_soc_observers*))
 .sdh_soc_observers0
                0x000000000002f810        0x8 Output/Release/Obj/flash_fds_s140_pca10056/nrf_fstorage_sd.o
                0x000000000002f818                __sdh_soc_observers_end__ = (__sdh_soc_observers_start__ + SIZEOF (.sdh_soc_observers))
                0x0000000000000008                __sdh_soc_observers_size__ = SIZEOF (.sdh_soc_observers)
                0x000000000002f818                __stop_sdh_soc_observers = __sdh_soc_observers_end__
                0x000000000002f818                __sdh_soc_observers_load_end__ = __sdh_soc_observers_end__
                0x0000000000000001                . = ASSERT (((__sdh_soc_observers_start__ == __sdh_soc_observers_end__) || ((__sdh_soc_observers_end__ - __FLASH1_segment_start__) <= __FLASH1_segment_size__)), error: .sdh_soc_observers is too large to fit in FLASH1 memory segment)
                0x000000000002f818                __log_backends_load_start__ = ALIGN (__sdh_soc_observers_end__, 0x4)

.log_backends   0x000000000002f818       0x20
                0x000000000002f818                __log_backends_start__ = .
                0x000000000002f818                __start_log_backends = __log_backends_start__
 *(SORT_BY_NAME(.log_backends*))
 .log_backends  0x000000000002f818       0x10 Output/Release/Obj/flash_fds_s140_pca10056/nrf_log_default_backends.o
 .log_backends  0x000000000002f828       0x10 Output/Release/Obj/flash_fds_s140_pca10056/cli.o
                0x000000000002f838                __log_backends_end__ = (__log_backends_start__ + SIZEOF (.log_backends))
                0x0000000000000020                __log_backends_size__ = SIZEOF (.log_backends)
                0x000000000002f838                __stop_log_backends = __log_backends_end__
                0x000000000002f838                __log_backends_load_end__ = __log_backends_end__
                0x0000000000000001                . = ASSERT (((__log_backends_start__ == __log_backends_end__) || ((__log_backends_end__ - __FLASH1_segment_start__) <= __FLASH1_segment_size__)), error: .log_backends is too large to fit in FLASH1 memory segment)
                0x000000000002f838                __nrf_balloc_load_start__ = ALIGN (__log_backends_end__, 0x4)

.nrf_balloc     0x000000000002f838       0x38
                0x000000000002f838                __nrf_balloc_start__ = .
                0x000000000002f838                __start_nrf_balloc = __nrf_balloc_start__
 *(.nrf_balloc*)
 .nrf_balloc    0x000000000002f838       0x1c Output/Release/Obj/flash_fds_s140_pca10056/nrf_log_frontend.o
                0x000000000002f838                log_mempool
 .nrf_balloc    0x000000000002f854       0x1c Output/Release/Obj/flash_fds_s140_pca10056/cli.o
                0x000000000002f854                m_cli_uart_cmd_hist_memobj
                0x000000000002f870                __nrf_balloc_end__ = (__nrf_balloc_start__ + SIZEOF (.nrf_balloc))
                0x0000000000000038                __nrf_balloc_size__ = SIZEOF (.nrf_balloc)
                0x000000000002f870                __stop_nrf_balloc = __nrf_balloc_end__
                0x000000000002f870                __nrf_balloc_load_end__ = __nrf_balloc_end__
                0x0000000000000001                . = ASSERT (((__nrf_balloc_start__ == __nrf_balloc_end__) || ((__nrf_balloc_end__ - __FLASH1_segment_start__) <= __FLASH1_segment_size__)), error: .nrf_balloc is too large to fit in FLASH1 memory segment)
                0x000000000002f870                __nrf_sections_load_start__ = ALIGN (__nrf_balloc_end__, 0x4)

.nrf_sections   0x000000000002f870        0x0
                0x000000000002f870                __nrf_sections_start__ = .
                0x000000000002f870                __start_nrf_sections = __nrf_sections_start__
 *(.nrf_sections .nrf_sections.*)
                0x000000000002f870                __nrf_sections_end__ = (__nrf_sections_start__ + SIZEOF (.nrf_sections))
                0x0000000000000000                __nrf_sections_size__ = SIZEOF (.nrf_sections)
                0x000000000002f870                __nrf_sections_load_end__ = __nrf_sections_end__
                0x0000000000000001                . = ASSERT (((__nrf_sections_start__ == __nrf_sections_end__) || ((__nrf_sections_end__ - __FLASH1_segment_start__) <= __FLASH1_segment_size__)), error: .nrf_sections is too large to fit in FLASH1 memory segment)
                0x000000000002f870                __cli_sorted_cmd_ptrs_load_start__ = ALIGN (__nrf_sections_end__, 0x4)

.cli_sorted_cmd_ptrs
                0x0000000020002260       0x38 load address 0x000000000002f870
                0x0000000020002260                __cli_sorted_cmd_ptrs_start__ = .
 *(.cli_sorted_cmd_ptrs*)
 .cli_sorted_cmd_ptrs
                0x0000000020002260        0x4 Output/Release/Obj/flash_fds_s140_pca10056/nrf_log_frontend.o
                0x0000000020002260                log_str_ptr
 .cli_sorted_cmd_ptrs
                0x0000000020002264        0x4 Output/Release/Obj/flash_fds_s140_pca10056/nrf_balloc.o
                0x0000000020002264                balloc_str_ptr
 .cli_sorted_cmd_ptrs
                0x0000000020002268       0x10 Output/Release/Obj/flash_fds_s140_pca10056/nrf_cli.o
                0x0000000020002268                resize_str_ptr
                0x000000002000226c                history_str_ptr
                0x0000000020002270                cli_str_ptr
                0x0000000020002274                clear_str_ptr
 .cli_sorted_cmd_ptrs
                0x0000000020002278        0x4 Output/Release/Obj/flash_fds_s140_pca10056/nrf_queue.o
                0x0000000020002278                queue_str_ptr
 .cli_sorted_cmd_ptrs
                0x000000002000227c       0x1c Output/Release/Obj/flash_fds_s140_pca10056/cli.o
                0x000000002000227c                stat_str_ptr
                0x0000000020002280                gc_str_ptr