Archive member included to satisfy reference by file (symbol)

/Applications/SEGGER Embedded Studio for ARM 5.66/lib/libc_v7em_fpv4_sp_d16_hard_t_le_eabi.a(libc2.o)
                              Output/Release/Obj/flash_fds_s140_pca10056/fnmatch.o (isupper)
/Applications/SEGGER Embedded Studio for ARM 5.66/lib/libc_v7em_fpv4_sp_d16_hard_t_le_eabi.a(libc2_asm.o)
                              Output/Release/Obj/flash_fds_s140_pca10056/nrf_log_frontend.o (memcpy)
/Applications/SEGGER Embedded Studio for ARM 5.66/lib/libc_v7em_fpv4_sp_d16_hard_t_le_eabi.a(libvfprintf.o)
                              (__vfprintf_long)
/Applications/SEGGER Embedded Studio for ARM 5.66/lib/libc_v7em_fpv4_sp_d16_hard_t_le_eabi.a(libvfscanf.o)
                              (__vfscanf_long)
/Applications/SEGGER Embedded Studio for ARM 5.66/lib/libc_v7em_fpv4_sp_d16_hard_t_le_eabi.a(libc.o)
                              /Applications/SEGGER Embedded Studio for ARM 5.66/lib/libc_v7em_fpv4_sp_d16_hard_t_le_eabi.a(libc2.o) (__heap_lock)
/Applications/SEGGER Embedded Studio for ARM 5.66/lib/libc_v7em_fpv4_sp_d16_hard_t_le_eabi.a(libc_asm.o)
                              /Applications/SEGGER Embedded Studio for ARM 5.66/lib/libc_v7em_fpv4_sp_d16_hard_t_le_eabi.a(libc2.o) (__aeabi_uldivmod)
/Applications/SEGGER Embedded Studio for ARM 5.66/lib/libdebugio_v7em_fpv4_sp_d16_hard_t_le_eabi.a(libdebugio.o)
                              Output/Release/Obj/flash_fds_s140_pca10056/thumb_crt0.o (debug_fopen)
/Applications/SEGGER Embedded Studio for ARM 5.66/lib/libdebugio_v7em_fpv4_sp_d16_hard_t_le_eabi.a(do_nv_debug_operation.o)
                              /Applications/SEGGER Embedded Studio for ARM 5.66/lib/libdebugio_v7em_fpv4_sp_d16_hard_t_le_eabi.a(libdebugio.o) (__do_nvdebug_operation)
/Applications/SEGGER Embedded Studio for ARM 5.66/lib/libdebugio_v7em_fpv4_sp_d16_hard_t_le_eabi.a(mempoll_debug_operations.o)
                              (__do_debug_operation_mempoll)
/Applications/SEGGER Embedded Studio for ARM 5.66/lib/libm_v7em_fpv4_sp_d16_hard_t_le_eabi.a(libm_asm.o)
                              /Applications/SEGGER Embedded Studio for ARM 5.66/lib/libc_v7em_fpv4_sp_d16_hard_t_le_eabi.a(libc2.o) (__aeabi_dadd)
/Applications/SEGGER Embedded Studio for ARM 5.66/lib/libm_v7em_fpv4_sp_d16_hard_t_le_eabi.a(libm2.o)
                              /Applications/SEGGER Embedded Studio for ARM 5.66/lib/libc_v7em_fpv4_sp_d16_hard_t_le_eabi.a(libvfprintf.o) (frexp)

Discarded input sections

 .text          0x0000000000000000        0x0 Output/Release/Obj/flash_fds_s140_pca10056/thumb_crt0.o
 .data          0x0000000000000000        0x0 Output/Release/Obj/flash_fds_s140_pca10056/thumb_crt0.o
 .bss           0x0000000000000000        0x0 Output/Release/Obj/flash_fds_s140_pca10056/thumb_crt0.o
 .text.abort    0x0000000000000000        0x2 Output/Release/Obj/flash_fds_s140_pca10056/thumb_crt0.o
 .text.__assert
                0x0000000000000000        0x2 Output/Release/Obj/flash_fds_s140_pca10056/thumb_crt0.o
 .text.__assert_func
                0x0000000000000000        0x2 Output/Release/Obj/flash_fds_s140_pca10056/thumb_crt0.o
 .text.__aeabi_assert
                0x0000000000000000        0x2 Output/Release/Obj/flash_fds_s140_pca10056/thumb_crt0.o
 .text.__sync_synchronize
                0x0000000000000000        0x2 Output/Release/Obj/flash_fds_s140_pca10056/thumb_crt0.o
 .text.__getchar
                0x0000000000000000        0x4 Output/Release/Obj/flash_fds_s140_pca10056/thumb_crt0.o
 .text.__putchar
                0x0000000000000000        0x4 Output/Release/Obj/flash_fds_s140_pca10056/thumb_crt0.o
 .text.__open   0x0000000000000000        0x4 Output/Release/Obj/flash_fds_s140_pca10056/thumb_crt0.o
 .text.__close  0x0000000000000000        0x4 Output/Release/Obj/flash_fds_s140_pca10056/thumb_crt0.o
 .text.__write  0x0000000000000000        0xa Output/Release/Obj/flash_fds_s140_pca10056/thumb_crt0.o
 .text.__read   0x0000000000000000        0xa Output/Release/Obj/flash_fds_s140_pca10056/thumb_crt0.o
 .text.__seek   0x0000000000000000       0x1a Output/Release/Obj/flash_fds_s140_pca10056/thumb_crt0.o
 .text.remove   0x0000000000000000        0x4 Output/Release/Obj/flash_fds_s140_pca10056/thumb_crt0.o
 .text.rename   0x0000000000000000        0x4 Output/Release/Obj/flash_fds_s140_pca10056/thumb_crt0.o
 .bss.__user_locale_name_buffer
                0x0000000000000000        0x4 Output/Release/Obj/flash_fds_s140_pca10056/thumb_crt0.o
 .stack         0x0000000000000000        0x0 Output/Release/Obj/flash_fds_s140_pca10056/thumb_crt0.o
 .stack_process
                0x0000000000000000        0x0 Output/Release/Obj/flash_fds_s140_pca10056/thumb_crt0.o
 .heap          0x0000000000000000        0x0 Output/Release/Obj/flash_fds_s140_pca10056/thumb_crt0.o
 .group         0x0000000000000000        0xc Output/Release/Obj/flash_fds_s140_pca10056/nrf_log_backend_serial.o
[...]
Memory Configuration

Name             Origin             Length             Attributes
UNPLACED_SECTIONS 0x0000000100000000 0x0000000000000000 xw
RAM1             0x0000000020000000 0x0000000000040000 xw
FLASH1           0x0000000000000000 0x0000000000100000 xw
*default*        0x0000000000000000 0xffffffffffffffff

Linker script and memory map

                0x0000000000000000                __do_debug_operation = __do_debug_operation_mempoll
                0x0000000000000000                __vfprintf = __vfprintf_long
                0x0000000000000000                __vfscanf = __vfscanf_long
                0x0000000020000000                __RAM1_segment_start__ = 0x20000000
                0x0000000020040000                __RAM1_segment_end__ = 0x20040000
                0x0000000000040000                __RAM1_segment_size__ = 0x40000
                0x0000000000000000                __FLASH1_segment_start__ = 0x0
                0x0000000000100000                __FLASH1_segment_end__ = 0x100000
                0x0000000000100000                __FLASH1_segment_size__ = 0x100000
                0x0000000000000200                __HEAPSIZE__ = 0x200
                0x0000000000000000                __STACKSIZE_PROCESS__ = 0x0
                0x0000000000004000                __STACKSIZE__ = 0x4000
                0x0000000020000000                __reserved_ram_load_start__ = 0x20000000

.reserved_ram   0x0000000020000000     0x2260
                0x0000000020000000                __reserved_ram_start__ = .
 *(.reserved_ram .reserved_ram.*)
                0x0000000020002260                . = MAX (((__reserved_ram_start__ + 0x20002260) - 0x20000000), .)
 *fill*         0x0000000020000000     0x2260 
                0x0000000020002260                __reserved_ram_end__ = (__reserved_ram_start__ + SIZEOF (.reserved_ram))
                0x0000000000002260                __reserved_ram_size__ = SIZEOF (.reserved_ram)
                0x0000000020002260                __reserved_ram_load_end__ = __reserved_ram_end__
                0x0000000000000001                . = ASSERT (((__reserved_ram_start__ == __reserved_ram_end__) || ((__reserved_ram_end__ - __RAM1_segment_start__) <= __RAM1_segment_size__)), error: .reserved_ram is too large to fit in RAM1 memory segment)
                0x0000000020002260                __vectors_ram_load_start__ = 0x20002260

.vectors_ram    0x0000000020002260        0x0
                0x0000000020002260                __vectors_ram_start__ = .
                0x0000000020002260                __app_ram_start__ = __vectors_ram_start__
 *(.vectors_ram .vectors_ram.*)
                0x0000000020002260                __vectors_ram_end__ = (__vectors_ram_start__ + SIZEOF (.vectors_ram))
                0x0000000000000000                __vectors_ram_size__ = SIZEOF (.vectors_ram)
                0x0000000020002260                __vectors_ram_load_end__ = __vectors_ram_end__
                0x0000000000000001                . = ASSERT (((__vectors_ram_start__ == __vectors_ram_end__) || ((__vectors_ram_end__ - __RAM1_segment_start__) <= __RAM1_segment_size__)), error: .vectors_ram is too large to fit in RAM1 memory segment)
                0x0000000000000001                . = ASSERT ((__reserved_ram_end__ <= __vectors_ram_start__), error: section .reserved_ram overlaps absolute placed section .vectors_ram)
                0x0000000020002260                __nrf_sections_run_load_start__ = ALIGN (__vectors_ram_end__, 0x4)

.nrf_sections_run
                0x0000000020002260        0x0
                0x0000000020002260                __nrf_sections_run_start__ = .
                0x0000000020002260                __start_nrf_sections_run = __nrf_sections_run_start__
 *(.nrf_sections_run .nrf_sections_run.*)
                0x0000000020002260                __nrf_sections_run_end__ = (__nrf_sections_run_start__ + SIZEOF (.nrf_sections_run))
                0x0000000000000000                __nrf_sections_run_size__ = SIZEOF (.nrf_sections_run)
                0x0000000020002260                __nrf_sections_run_load_end__ = __nrf_sections_run_end__
                0x0000000000000001                . = ASSERT (((__nrf_sections_run_start__ == __nrf_sections_run_end__) || ((__nrf_sections_run_end__ - __RAM1_segment_start__) <= __RAM1_segment_size__)), error: .nrf_sections_run is too large to fit in RAM1 memory segment)
                0x0000000000000000                __reserved_flash_load_start__ = 0x0

.reserved_flash
                0x0000000000000000    0x27000
                0x0000000000000000                __reserved_flash_start__ = .
 *(.reserved_flash .reserved_flash.*)
                0x0000000000027000                . = MAX (((__reserved_flash_start__ + 0x27000) - 0x0), .)
 *fill*         0x0000000000000000    0x27000 
                0x0000000000027000                __reserved_flash_end__ = (__reserved_flash_start__ + SIZEOF (.reserved_flash))
                0x0000000000027000                __reserved_flash_size__ = SIZEOF (.reserved_flash)
                0x0000000000027000                __reserved_flash_load_end__ = __reserved_flash_end__
                0x0000000000000001                . = ASSERT (((__reserved_flash_start__ == __reserved_flash_end__) || ((__reserved_flash_end__ - __FLASH1_segment_start__) <= __FLASH1_segment_size__)), error: .reserved_flash is too large to fit in FLASH1 memory segment)
                0x0000000000027000                __vectors_load_start__ = 0x27000

.vectors        0x0000000000027000      0x200
                0x0000000000027000                __vectors_start__ = .
 *(.vectors .vectors.*)
 .vectors       0x0000000000027000      0x200 Output/Release/Obj/flash_fds_s140_pca10056/ses_startup_nrf52840.o
                0x0000000000027000                _vectors
                0x0000000000027200                __vectors_end__ = (__vectors_start__ + SIZEOF (.vectors))
                0x0000000000000200                __vectors_size__ = SIZEOF (.vectors)
                0x0000000000027200                __vectors_load_end__ = __vectors_end__
                0x0000000000000001                . = ASSERT (((__vectors_start__ == __vectors_end__) || ((__vectors_end__ - __FLASH1_segment_start__) <= __FLASH1_segment_size__)), error: .vectors is too large to fit in FLASH1 memory segment)
                0x0000000000000001                . = ASSERT ((__reserved_flash_end__ <= __vectors_start__), error: section .reserved_flash overlaps absolute placed section .vectors)
                0x0000000000027200                __init_load_start__ = ALIGN (__vectors_end__, 0x4)

.init           0x0000000000027200      0x1d0
                0x0000000000027200                __init_start__ = .
 *(.init .init.*)
 .init          0x0000000000027200      0x15c Output/Release/Obj/flash_fds_s140_pca10056/thumb_crt0.o
                0x0000000000027200                _start
                0x00000000000272b4                exit
 .init          0x000000000002735c       0x18 Output/Release/Obj/flash_fds_s140_pca10056/ses_startup_nrf52840.o
                0x000000000002735c                NMI_Handler
                0x000000000002735e                HardFault_Handler
                0x0000000000027360                MemoryManagement_Handler
                0x0000000000027362                BusFault_Handler
                0x0000000000027364                UsageFault_Handler
                0x0000000000027366                SVC_Handler
                0x0000000000027368                DebugMon_Handler
                0x000000000002736a                PendSV_Handler
                0x000000000002736c                SysTick_Handler
                0x000000000002736e                QDEC_IRQHandler
                0x000000000002736e                TIMER3_IRQHandler
                0x000000000002736e                PWM3_IRQHandler
                0x000000000002736e                FPU_IRQHandler
                0x000000000002736e                USBD_IRQHandler
                0x000000000002736e                SPIM0_SPIS0_TWIM0_TWIS0_SPI0_TWI0_IRQHandler
                0x000000000002736e                TIMER4_IRQHandler
                0x000000000002736e                CRYPTOCELL_IRQHandler
                0x000000000002736e                I2S_IRQHandler
                0x000000000002736e                SWI4_EGU4_IRQHandler
                0x000000000002736e                TIMER0_IRQHandler
                0x000000000002736e                UARTE1_IRQHandler
                0x000000000002736e                Dummy_Handler
                0x000000000002736e                TIMER1_IRQHandler
                0x000000000002736e                SPIM3_IRQHandler
                0x000000000002736e                PWM2_IRQHandler
                0x000000000002736e                ECB_IRQHandler
                0x000000000002736e                SPIM1_SPIS1_TWIM1_TWIS1_SPI1_TWI1_IRQHandler
                0x000000000002736e                SAADC_IRQHandler
                0x000000000002736e                CCM_AAR_IRQHandler
                0x000000000002736e                WDT_IRQHandler
                0x000000000002736e                SWI5_EGU5_IRQHandler
                0x000000000002736e                RNG_IRQHandler
                0x000000000002736e                RTC2_IRQHandler
                0x000000000002736e                PWM0_IRQHandler
                0x000000000002736e                SWI3_EGU3_IRQHandler
                0x000000000002736e                SWI1_EGU1_IRQHandler
                0x000000000002736e                SPIM2_SPIS2_SPI2_IRQHandler
                0x000000000002736e                NFCT_IRQHandler
                0x000000000002736e                MWU_IRQHandler
                0x000000000002736e                COMP_LPCOMP_IRQHandler
                0x000000000002736e                RTC0_IRQHandler
                0x000000000002736e                SWI0_EGU0_IRQHandler
                0x000000000002736e                GPIOTE_IRQHandler
                0x000000000002736e                PWM1_IRQHandler
                0x000000000002736e                POWER_CLOCK_IRQHandler
                0x000000000002736e                RADIO_IRQHandler
                0x000000000002736e                PDM_IRQHandler
                0x000000000002736e                TEMP_IRQHandler
                0x000000000002736e                TIMER2_IRQHandler
                0x000000000002736e                QSPI_IRQHandler
                0x0000000000027370                nRFInitialize
 .init          0x0000000000027374       0x5c Output/Release/Obj/flash_fds_s140_pca10056/ses_startup_nrf_common.o
                0x0000000000027374                Reset_Handler
                0x0000000000027378                afterInitialize
                0x000000000002739c                InitializeUserMemorySections
                0x00000000000273d0                __init_end__ = (__init_start__ + SIZEOF (.init))
                0x00000000000001d0                __init_size__ = SIZEOF (.init)
                0x00000000000273d0                __init_load_end__ = __init_end__
                0x0000000000000001                . = ASSERT (((__init_start__ == __init_end__) || ((__init_end__ - __FLASH1_segment_start__) <= __FLASH1_segment_size__)), error: .init is too large to fit in FLASH1 memory segment)
                0x00000000000273d0                __init_rodata_load_start__ = ALIGN (__init_end__, 0x4)

.init_rodata    0x00000000000273d0        0x0
                0x00000000000273d0                __init_rodata_start__ = .
 *(.init_rodata .init_rodata.*)
                0x00000000000273d0                __init_rodata_end__ = (__init_rodata_start__ + SIZEOF (.init_rodata))
                0x0000000000000000                __init_rodata_size__ = SIZEOF (.init_rodata)
                0x00000000000273d0                __init_rodata_load_end__ = __init_rodata_end__
                0x0000000000000001                . = ASSERT (((__init_rodata_start__ == __init_rodata_end__) || ((__init_rodata_end__ - __FLASH1_segment_start__) <= __FLASH1_segment_size__)), error: .init_rodata is too large to fit in FLASH1 memory segment)
                0x00000000000273d0                __text_load_start__ = ALIGN (__init_rodata_end__, 0x4)

.text           0x00000000000273d0     0x8104
                0x00000000000273d0                __text_start__ = .
 *(.text .text.* .glue_7t .glue_7 .gnu.linkonce.t.* .gcc_except_table .ARM.extab* .gnu.linkonce.armextab.*)
 .glue_7        0x00000000000273d0        0x0 linker stubs
 .glue_7t       0x00000000000273d0        0x0 linker stubs
 .text.__aeabi_read_tp
                0x00000000000273d0        0x8 Output/Release/Obj/flash_fds_s140_pca10056/thumb_crt0.o
                0x00000000000273d0                __aeabi_read_tp
 .text.nrf_log_backend_serial_put
                0x00000000000273d8       0xc2 Output/Release/Obj/flash_fds_s140_pca10056/nrf_log_backend_serial.o
                0x00000000000273d8                nrf_log_backend_serial_put
 .text.nrf_log_backend_uart_flush
                0x000000000002749a        0x2 Output/Release/Obj/flash_fds_s140_pca10056/nrf_log_backend_uart.o
 .text.nrf_log_backend_uart_put
                0x000000000002749c       0x1c Output/Release/Obj/flash_fds_s140_pca10056/nrf_log_backend_uart.o
 .text.uart_init.constprop.0
                0x00000000000274b8       0x40 Output/Release/Obj/flash_fds_s140_pca10056/nrf_log_backend_uart.o
 .text.serial_tx
                0x00000000000274f8       0x48 Output/Release/Obj/flash_fds_s140_pca10056/nrf_log_backend_uart.o
 .text.nrf_log_backend_uart_panic_set
                0x0000000000027540       0x2c Output/Release/Obj/flash_fds_s140_pca10056/nrf_log_backend_uart.o
 .text.severity_lvl_get
                0x000000000002756c       0x24 Output/Release/Obj/flash_fds_s140_pca10056/nrf_log_frontend.o
 .text.log_halt
                0x0000000000027590        0x8 Output/Release/Obj/flash_fds_s140_pca10056/nrf_log_frontend.o
 .text.log_self_halt
                0x0000000000027598        0xa Output/Release/Obj/flash_fds_s140_pca10056/nrf_log_frontend.o
 .text.log_go   0x00000000000275a2        0x8 Output/Release/Obj/flash_fds_s140_pca10056/nrf_log_frontend.o
 .text.log_self_go
                0x00000000000275aa        0xa Output/Release/Obj/flash_fds_s140_pca10056/nrf_log_frontend.o
 .text.backend_name_get
                0x00000000000275b4       0x44 Output/Release/Obj/flash_fds_s140_pca10056/nrf_log_frontend.o
 .text.log_cmd_backends_list
                0x00000000000275f8       0x8c Output/Release/Obj/flash_fds_s140_pca10056/nrf_log_frontend.o
 .text.nrf_cli_backend_cmd_execute
                0x0000000000027684       0x68 Output/Release/Obj/flash_fds_s140_pca10056/nrf_log_frontend.o
 .text.log_backend_status
                0x00000000000276ec        0xc Output/Release/Obj/flash_fds_s140_pca10056/nrf_log_frontend.o
 .text.log_backend_halt
                0x00000000000276f8        0xc Output/Release/Obj/flash_fds_s140_pca10056/nrf_log_frontend.o
 .text.log_backend_go
                0x0000000000027704        0xc Output/Release/Obj/flash_fds_s140_pca10056/nrf_log_frontend.o
 .text.log_backend_ctrl
                0x0000000000027710        0xc Output/Release/Obj/flash_fds_s140_pca10056/nrf_log_frontend.o
 .text.invalid_packets_omit
                0x000000000002771c       0x3a Output/Release/Obj/flash_fds_s140_pca10056/nrf_log_frontend.o
 *fill*         0x0000000000027756        0x2 
 .text.buf_prealloc
                0x0000000000027758      0x128 Output/Release/Obj/flash_fds_s140_pca10056/nrf_log_frontend.o
 .text.log_cmd  0x0000000000027880       0x44 Output/Release/Obj/flash_fds_s140_pca10056/nrf_log_frontend.o
 .text.module_idx_get
                0x00000000000278c4       0x3c Output/Release/Obj/flash_fds_s140_pca10056/nrf_log_frontend.o
 .text.nrf_log_init
                0x0000000000027900       0xa0 Output/Release/Obj/flash_fds_s140_pca10056/nrf_log_frontend.o
                0x0000000000027900                nrf_log_init
 .text.nrf_log_module_name_get
                0x00000000000279a0       0x24 Output/Release/Obj/flash_fds_s140_pca10056/nrf_log_frontend.o
                0x00000000000279a0                nrf_log_module_name_get
 .text.module_name_get
                0x00000000000279c4       0x1c Output/Release/Obj/flash_fds_s140_pca10056/nrf_log_frontend.o
 .text.nrf_log_color_id_get
                0x00000000000279e0       0x2c Output/Release/Obj/flash_fds_s140_pca10056/nrf_log_frontend.o
                0x00000000000279e0                nrf_log_color_id_get
 .text.nrf_log_module_filter_set
                0x0000000000027a0c       0x54 Output/Release/Obj/flash_fds_s140_pca10056/nrf_log_frontend.o
                0x0000000000027a0c                nrf_log_module_filter_set
 .text.nrf_log_module_filter_get
                0x0000000000027a60       0x50 Output/Release/Obj/flash_fds_s140_pca10056/nrf_log_frontend.o
                0x0000000000027a60                nrf_log_module_filter_get
 .text.log_status
                0x0000000000027ab0       0xd0 Output/Release/Obj/flash_fds_s140_pca10056/nrf_log_frontend.o
 .text.log_self_status
                0x0000000000027b80        0xa Output/Release/Obj/flash_fds_s140_pca10056/nrf_log_frontend.o
 *fill*         0x0000000000027b8a        0x2 
 .text.log_ctrl
                0x0000000000027b8c      0x198 Output/Release/Obj/flash_fds_s140_pca10056/nrf_log_frontend.o
 .text.log_self_ctrl
                0x0000000000027d24        0xa Output/Release/Obj/flash_fds_s140_pca10056/nrf_log_frontend.o
 *fill*         0x0000000000027d2e        0x2 
 .text.buffer_is_empty
                0x0000000000027d30       0x14 Output/Release/Obj/flash_fds_s140_pca10056/nrf_log_frontend.o
                0x0000000000027d30                buffer_is_empty
 .text.nrf_log_frontend_dequeue
                0x0000000000027d44      0x254 Output/Release/Obj/flash_fds_s140_pca10056/nrf_log_frontend.o
                0x0000000000027d44                nrf_log_frontend_dequeue
 .text.std_n    0x0000000000027f98       0x8c Output/Release/Obj/flash_fds_s140_pca10056/nrf_log_frontend.o
 .text.nrf_log_frontend_std_0
                0x0000000000028024        0x8 Output/Release/Obj/flash_fds_s140_pca10056/nrf_log_frontend.o
                0x0000000000028024                nrf_log_frontend_std_0
 .text.nrf_log_frontend_std_1
                0x000000000002802c       0x12 Output/Release/Obj/flash_fds_s140_pca10056/nrf_log_frontend.o
                0x000000000002802c                nrf_log_frontend_std_1
 .text.nrf_log_frontend_std_2
                0x000000000002803e       0x14 Output/Release/Obj/flash_fds_s140_pca10056/nrf_log_frontend.o
                0x000000000002803e                nrf_log_frontend_std_2
 .text.nrf_log_frontend_std_3
                0x0000000000028052       0x18 Output/Release/Obj/flash_fds_s140_pca10056/nrf_log_frontend.o
                0x0000000000028052                nrf_log_frontend_std_3
 *fill*         0x000000000002806a        0x2 
 .text.nrf_log_backend_add
                0x000000000002806c       0x80 Output/Release/Obj/flash_fds_s140_pca10056/nrf_log_frontend.o
                0x000000000002806c                nrf_log_backend_add
 .text.nrf_log_panic
                0x00000000000280ec       0x28 Output/Release/Obj/flash_fds_s140_pca10056/nrf_log_frontend.o
                0x00000000000280ec                nrf_log_panic
 .text.nrf_log_config_store
                0x0000000000028114       0xb0 Output/Release/Obj/flash_fds_s140_pca10056/nrf_log_frontend.o
                0x0000000000028114                nrf_log_config_store
 .text.log_config_store_cmd
                0x00000000000281c4       0x3c Output/Release/Obj/flash_fds_s140_pca10056/nrf_log_frontend.o
 .text.nrf_log_config_load
                0x0000000000028200       0x8c Output/Release/Obj/flash_fds_s140_pca10056/nrf_log_frontend.o
                0x0000000000028200                nrf_log_config_load
 .text.log_config_load_cmd
                0x000000000002828c       0x3c Output/Release/Obj/flash_fds_s140_pca10056/nrf_log_frontend.o
 .text.prefix_process
                0x00000000000282c8       0x7c Output/Release/Obj/flash_fds_s140_pca10056/nrf_log_str_formatter.o
 .text.postfix_process
                0x0000000000028344       0x44 Output/Release/Obj/flash_fds_s140_pca10056/nrf_log_str_formatter.o
 .text.nrf_log_std_entry_process
                0x0000000000028388       0xc8 Output/Release/Obj/flash_fds_s140_pca10056/nrf_log_str_formatter.o
                0x0000000000028388                nrf_log_std_entry_process
 .text.nrf_log_hexdump_entry_process
                0x0000000000028450       0xc0 Output/Release/Obj/flash_fds_s140_pca10056/nrf_log_str_formatter.o
                0x0000000000028450                nrf_log_hexdump_entry_process
 .text.app_error_handler_bare
                0x0000000000028510       0x1a Output/Release/Obj/flash_fds_s140_pca10056/app_error.o
                0x0000000000028510                app_error_handler_bare
 *fill*         0x000000000002852a        0x2 
 .text.app_error_fault_handler
                0x000000000002852c       0x88 Output/Release/Obj/flash_fds_s140_pca10056/app_error_weak.o
                0x000000000002852c                app_error_fault_handler
 .text.compare_func
                0x00000000000285b4       0x18 Output/Release/Obj/flash_fds_s140_pca10056/app_timer2.o
 .text.get_now  0x00000000000285cc       0x38 Output/Release/Obj/flash_fds_s140_pca10056/app_timer2.o
 .text.timer_req_schedule
                0x0000000000028604       0x38 Output/Release/Obj/flash_fds_s140_pca10056/app_timer2.o
 .text.timer_expire
                0x000000000002863c       0xb0 Output/Release/Obj/flash_fds_s140_pca10056/app_timer2.o
 .text.app_timer_init
                0x00000000000286ec       0x64 Output/Release/Obj/flash_fds_s140_pca10056/app_timer2.o
                0x00000000000286ec                app_timer_init
 .text.app_timer_create
                0x0000000000028750       0x24 Output/Release/Obj/flash_fds_s140_pca10056/app_timer2.o
                0x0000000000028750                app_timer_create
 .text.app_timer_start
                0x0000000000028774       0x5c Output/Release/Obj/flash_fds_s140_pca10056/app_timer2.o
                0x0000000000028774                app_timer_start
 .text.app_timer_stop
                0x00000000000287d0       0x4e Output/Release/Obj/flash_fds_s140_pca10056/app_timer2.o
                0x00000000000287d0                app_timer_stop
 *fill*         0x000000000002881e        0x2 
 .text.app_timer_cnt_get
                0x0000000000028820        0xc Output/Release/Obj/flash_fds_s140_pca10056/app_timer2.o
                0x0000000000028820                app_timer_cnt_get
 .text.rtc_irq  0x000000000002882c      0x1b8 Output/Release/Obj/flash_fds_s140_pca10056/app_timer2.o
 .text.app_util_critical_region_enter
                0x00000000000289e4       0x48 Output/Release/Obj/flash_fds_s140_pca10056/app_util_platform.o
                0x00000000000289e4                app_util_critical_region_enter
 .text.app_util_critical_region_exit
                0x0000000000028a2c       0x2c Output/Release/Obj/flash_fds_s140_pca10056/app_util_platform.o
                0x0000000000028a2c                app_util_critical_region_exit
 .text.crc16_compute
                0x0000000000028a58       0x36 Output/Release/Obj/flash_fds_s140_pca10056/crc16.o
                0x0000000000028a58                crc16_compute
 .text.evt_pending.isra.0
                0x0000000000028a8e       0x1a Output/Release/Obj/flash_fds_s140_pca10056/drv_rtc.o
 .text.drv_rtc_init
                0x0000000000028aa8       0xc0 Output/Release/Obj/flash_fds_s140_pca10056/drv_rtc.o
                0x0000000000028aa8                drv_rtc_init
 .text.drv_rtc_start
                0x0000000000028b68        0x8 Output/Release/Obj/flash_fds_s140_pca10056/drv_rtc.o
                0x0000000000028b68                drv_rtc_start
 .text.drv_rtc_stop
                0x0000000000028b70        0x8 Output/Release/Obj/flash_fds_s140_pca10056/drv_rtc.o
                0x0000000000028b70                drv_rtc_stop
 .text.drv_rtc_compare_set
                0x0000000000028b78       0x3e Output/Release/Obj/flash_fds_s140_pca10056/drv_rtc.o
                0x0000000000028b78                drv_rtc_compare_set
 *fill*         0x0000000000028bb6        0x2 
 .text.drv_rtc_windowed_compare_set
                0x0000000000028bb8       0xf0 Output/Release/Obj/flash_fds_s140_pca10056/drv_rtc.o
                0x0000000000028bb8                drv_rtc_windowed_compare_set
 .text.drv_rtc_overflow_enable
                0x0000000000028ca8       0x10 Output/Release/Obj/flash_fds_s140_pca10056/drv_rtc.o
                0x0000000000028ca8                drv_rtc_overflow_enable
 .text.drv_rtc_overflow_pending
                0x0000000000028cb8        0xa Output/Release/Obj/flash_fds_s140_pca10056/drv_rtc.o
                0x0000000000028cb8                drv_rtc_overflow_pending
 .text.drv_rtc_compare_disable
                0x0000000000028cc2       0x14 Output/Release/Obj/flash_fds_s140_pca10056/drv_rtc.o
                0x0000000000028cc2                drv_rtc_compare_disable
 .text.drv_rtc_compare_pending
                0x0000000000028cd6        0xc Output/Release/Obj/flash_fds_s140_pca10056/drv_rtc.o
                0x0000000000028cd6                drv_rtc_compare_pending
 .text.drv_rtc_counter_get
                0x0000000000028ce2        0x8 Output/Release/Obj/flash_fds_s140_pca10056/drv_rtc.o
                0x0000000000028ce2                drv_rtc_counter_get
 *fill*         0x0000000000028cea        0x2 
 .text.drv_rtc_irq_trigger
                0x0000000000028cec       0x24 Output/Release/Obj/flash_fds_s140_pca10056/drv_rtc.o
                0x0000000000028cec                drv_rtc_irq_trigger
 .text.RTC1_IRQHandler
                0x0000000000028d10       0x14 Output/Release/Obj/flash_fds_s140_pca10056/drv_rtc.o
                0x0000000000028d10                RTC1_IRQHandler
 .text.event_send
                0x0000000000028d24       0x20 Output/Release/Obj/flash_fds_s140_pca10056/fds.o
 .text.header_check
                0x0000000000028d44       0x2c Output/Release/Obj/flash_fds_s140_pca10056/fds.o
 .text.write_space_reserve
                0x0000000000028d70       0x60 Output/Release/Obj/flash_fds_s140_pca10056/fds.o
 .text.gc_page_erase
                0x0000000000028dd0       0x40 Output/Release/Obj/flash_fds_s140_pca10056/fds.o
 .text.page_tag_write_swap
                0x0000000000028e10       0x28 Output/Release/Obj/flash_fds_s140_pca10056/fds.o
 .text.page_tag_write_data
                0x0000000000028e38       0x20 Output/Release/Obj/flash_fds_s140_pca10056/fds.o
 .text.record_header_flag_dirty
                0x0000000000028e58       0x38 Output/Release/Obj/flash_fds_s140_pca10056/fds.o
 .text.gc_record_copy
                0x0000000000028e90       0x38 Output/Release/Obj/flash_fds_s140_pca10056/fds.o
 .text.queue_buf_get
                0x0000000000028ec8       0x1c Output/Release/Obj/flash_fds_s140_pca10056/fds.o
 .text.page_identify
                0x0000000000028ee4       0x30 Output/Release/Obj/flash_fds_s140_pca10056/fds.o
 .text.page_scan
                0x0000000000028f14       0x64 Output/Release/Obj/flash_fds_s140_pca10056/fds.o
 .text.record_find_next
                0x0000000000028f78       0x58 Output/Release/Obj/flash_fds_s140_pca10056/fds.o
 .text.record_find_by_desc
                0x0000000000028fd0       0xa4 Output/Release/Obj/flash_fds_s140_pca10056/fds.o
 .text.record_find
                0x0000000000029074       0x88 Output/Release/Obj/flash_fds_s140_pca10056/fds.o
 .text.gc_record_find_next
                0x00000000000290fc       0x24 Output/Release/Obj/flash_fds_s140_pca10056/fds.o
 .text.queue_process
                0x0000000000029120      0x4b4 Output/Release/Obj/flash_fds_s140_pca10056/fds.o
 .text.fs_event_handler
                0x00000000000295d4        0x6 Output/Release/Obj/flash_fds_s140_pca10056/fds.o
 *fill*         0x00000000000295da        0x2 
 .text.queue_start
                0x00000000000295dc       0x1c Output/Release/Obj/flash_fds_s140_pca10056/fds.o
 .text.write_enqueue
                0x00000000000295f8      0x128 Output/Release/Obj/flash_fds_s140_pca10056/fds.o
 .text.fds_register
                0x0000000000029720       0x2c Output/Release/Obj/flash_fds_s140_pca10056/fds.o
                0x0000000000029720                fds_register
 .text.fds_init
                0x000000000002974c      0x234 Output/Release/Obj/flash_fds_s140_pca10056/fds.o
                0x000000000002974c                fds_init
 .text.fds_record_open
                0x0000000000029980       0x7c Output/Release/Obj/flash_fds_s140_pca10056/fds.o
                0x0000000000029980                fds_record_open
 .text.fds_record_close
                0x00000000000299fc       0x48 Output/Release/Obj/flash_fds_s140_pca10056/fds.o
                0x00000000000299fc                fds_record_close
 .text.fds_record_write
                0x0000000000029a44        0x8 Output/Release/Obj/flash_fds_s140_pca10056/fds.o
                0x0000000000029a44                fds_record_write
 .text.fds_record_update
                0x0000000000029a4c       0x10 Output/Release/Obj/flash_fds_s140_pca10056/fds.o
                0x0000000000029a4c                fds_record_update
 .text.fds_record_delete
                0x0000000000029a5c       0x4c Output/Release/Obj/flash_fds_s140_pca10056/fds.o
                0x0000000000029a5c                fds_record_delete
 .text.fds_gc   0x0000000000029aa8       0x4c Output/Release/Obj/flash_fds_s140_pca10056/fds.o
                0x0000000000029aa8                fds_gc
 .text.fds_record_iterate
                0x0000000000029af4        0xc Output/Release/Obj/flash_fds_s140_pca10056/fds.o
                0x0000000000029af4                fds_record_iterate
 .text.fds_record_find
                0x0000000000029b00       0x1a Output/Release/Obj/flash_fds_s140_pca10056/fds.o
                0x0000000000029b00                fds_record_find
 *fill*         0x0000000000029b1a        0x2 
 .text.fds_stat
                0x0000000000029b1c      0x100 Output/Release/Obj/flash_fds_s140_pca10056/fds.o
                0x0000000000029b1c                fds_stat
 .text.nrf_atfifo_init
                0x0000000000029c1c       0x26 Output/Release/Obj/flash_fds_s140_pca10056/nrf_atfifo.o
                0x0000000000029c1c                nrf_atfifo_init
 .text.nrf_atfifo_clear
                0x0000000000029c42       0x44 Output/Release/Obj/flash_fds_s140_pca10056/nrf_atfifo.o
                0x0000000000029c42                nrf_atfifo_clear
 .text.nrf_atfifo_item_alloc
                0x0000000000029c86       0x54 Output/Release/Obj/flash_fds_s140_pca10056/nrf_atfifo.o
                0x0000000000029c86                nrf_atfifo_item_alloc
 .text.nrf_atfifo_item_put
                0x0000000000029cda       0x20 Output/Release/Obj/flash_fds_s140_pca10056/nrf_atfifo.o
                0x0000000000029cda                nrf_atfifo_item_put
 .text.nrf_atfifo_item_get
                0x0000000000029cfa       0x56 Output/Release/Obj/flash_fds_s140_pca10056/nrf_atfifo.o
                0x0000000000029cfa                nrf_atfifo_item_get
 .text.nrf_atfifo_item_free
                0x0000000000029d50       0x20 Output/Release/Obj/flash_fds_s140_pca10056/nrf_atfifo.o
                0x0000000000029d50                nrf_atfifo_item_free
 .text.nrf_atomic_u32_fetch_store
                0x0000000000029d70       0x16 Output/Release/Obj/flash_fds_s140_pca10056/nrf_atomic.o
                0x0000000000029d70                nrf_atomic_u32_fetch_store
 .text.nrf_atomic_u32_fetch_or
                0x0000000000029d86       0x18 Output/Release/Obj/flash_fds_s140_pca10056/nrf_atomic.o
                0x0000000000029d86                nrf_atomic_u32_fetch_or
 .text.nrf_atomic_u32_or
                0x0000000000029d9e       0x18 Output/Release/Obj/flash_fds_s140_pca10056/nrf_atomic.o
                0x0000000000029d9e                nrf_atomic_u32_or
 .text.nrf_atomic_u32_fetch_and
                0x0000000000029db6       0x18 Output/Release/Obj/flash_fds_s140_pca10056/nrf_atomic.o
                0x0000000000029db6                nrf_atomic_u32_fetch_and
 .text.nrf_atomic_u32_and
                0x0000000000029dce       0x18 Output/Release/Obj/flash_fds_s140_pca10056/nrf_atomic.o
                0x0000000000029dce                nrf_atomic_u32_and
 .text.nrf_atomic_u32_fetch_add
                0x0000000000029de6       0x18 Output/Release/Obj/flash_fds_s140_pca10056/nrf_atomic.o
                0x0000000000029de6                nrf_atomic_u32_fetch_add
 .text.nrf_atomic_u32_add
                0x0000000000029dfe       0x18 Output/Release/Obj/flash_fds_s140_pca10056/nrf_atomic.o
                0x0000000000029dfe                nrf_atomic_u32_add
 .text.nrf_atomic_u32_sub
                0x0000000000029e16       0x18 Output/Release/Obj/flash_fds_s140_pca10056/nrf_atomic.o
                0x0000000000029e16                nrf_atomic_u32_sub
 .text.nrf_atomic_flag_set_fetch
                0x0000000000029e2e        0x6 Output/Release/Obj/flash_fds_s140_pca10056/nrf_atomic.o
                0x0000000000029e2e                nrf_atomic_flag_set_fetch
 .text.nrf_atomic_flag_set
                0x0000000000029e34        0x6 Output/Release/Obj/flash_fds_s140_pca10056/nrf_atomic.o
                0x0000000000029e34                nrf_atomic_flag_set
 .text.nrf_atomic_flag_clear_fetch
                0x0000000000029e3a        0x6 Output/Release/Obj/flash_fds_s140_pca10056/nrf_atomic.o
                0x0000000000029e3a                nrf_atomic_flag_clear_fetch
 .text.nrf_atomic_flag_clear
                0x0000000000029e40        0x6 Output/Release/Obj/flash_fds_s140_pca10056/nrf_atomic.o
                0x0000000000029e40                nrf_atomic_flag_clear
 *fill*         0x0000000000029e46        0x2 
 .text.nrf_balloc_status
                0x0000000000029e48       0xb4 Output/Release/Obj/flash_fds_s140_pca10056/nrf_balloc.o
 .text.nrf_balloc_init
                0x0000000000029efc       0x2e Output/Release/Obj/flash_fds_s140_pca10056/nrf_balloc.o
                0x0000000000029efc                nrf_balloc_init
 .text.nrf_balloc_alloc
                0x0000000000029f2a       0x48 Output/Release/Obj/flash_fds_s140_pca10056/nrf_balloc.o
                0x0000000000029f2a                nrf_balloc_alloc
 .text.nrf_balloc_free
                0x0000000000029f72       0x34 Output/Release/Obj/flash_fds_s140_pca10056/nrf_balloc.o
                0x0000000000029f72                nrf_balloc_free
 .text.cli_transport_evt_handler
                0x0000000000029fa6       0x12 Output/Release/Obj/flash_fds_s140_pca10056/nrf_cli.o
 .text.nrf_log_backend_cli_panic_set
                0x0000000000029fb8       0x1e Output/Release/Obj/flash_fds_s140_pca10056/nrf_cli.o
 .text.string_cmp
                0x0000000000029fd6        0x8 Output/Release/Obj/flash_fds_s140_pca10056/nrf_cli.o
 *fill*         0x0000000000029fde        0x2 
 .text.cmd_get  0x0000000000029fe0       0x80 Output/Release/Obj/flash_fds_s140_pca10056/nrf_cli.o
 .text.history_list_element_oldest_remove
                0x000000000002a060       0x6c Output/Release/Obj/flash_fds_s140_pca10056/nrf_cli.o
 .text.cli_strlen
                0x000000000002a0cc        0x8 Output/Release/Obj/flash_fds_s140_pca10056/nrf_cli.o
 .text.cursor_in_empty_line
                0x000000000002a0d4       0x20 Output/Release/Obj/flash_fds_s140_pca10056/nrf_cli.o
 .text.multiline_console_data_check
                0x000000000002a0f4       0x40 Output/Release/Obj/flash_fds_s140_pca10056/nrf_cli.o
 .text.full_line_cmd
                0x000000000002a134       0x20 Output/Release/Obj/flash_fds_s140_pca10056/nrf_cli.o
 .text.vt100_color_set.part.0
                0x000000000002a154       0x54 Output/Release/Obj/flash_fds_s140_pca10056/nrf_cli.o
 .text.vt100_color_set
                0x000000000002a1a8       0x20 Output/Release/Obj/flash_fds_s140_pca10056/nrf_cli.o
 .text.vt100_bgcolor_set.part.0
                0x000000000002a1c8       0x48 Output/Release/Obj/flash_fds_s140_pca10056/nrf_cli.o
 .text.make_argv.constprop.0
                0x000000000002a210      0x166 Output/Release/Obj/flash_fds_s140_pca10056/nrf_cli.o
 .text.cli_write.constprop.0
                0x000000000002a376       0x4c Output/Release/Obj/flash_fds_s140_pca10056/nrf_cli.o
 *fill*         0x000000000002a3c2        0x2 
 .text.cursor_right_move.part.0.isra.0
                0x000000000002a3c4        0xc Output/Release/Obj/flash_fds_s140_pca10056/nrf_cli.o
 .text.cursor_right_move
                0x000000000002a3d0        0xa Output/Release/Obj/flash_fds_s140_pca10056/nrf_cli.o
 *fill*         0x000000000002a3da        0x2 
 .text.cursor_next_line_move.isra.0
                0x000000000002a3dc        0xc Output/Release/Obj/flash_fds_s140_pca10056/nrf_cli.o
 .text.cli_cursor_restore.isra.0
                0x000000000002a3e8       0x10 Output/Release/Obj/flash_fds_s140_pca10056/nrf_cli.o
 .text.cli_cursor_save.isra.0
                0x000000000002a3f8       0x10 Output/Release/Obj/flash_fds_s140_pca10056/nrf_cli.o
 .text.cli_clear_eos.isra.0
                0x000000000002a408       0x10 Output/Release/Obj/flash_fds_s140_pca10056/nrf_cli.o
 .text.cursor_up_move
                0x000000000002a418       0x14 Output/Release/Obj/flash_fds_s140_pca10056/nrf_cli.o
 .text.cursor_left_move
                0x000000000002a42c       0x14 Output/Release/Obj/flash_fds_s140_pca10056/nrf_cli.o
 .text.cursor_home_position_move
                0x000000000002a440       0x52 Output/Release/Obj/flash_fds_s140_pca10056/nrf_cli.o
 .text.cursor_position_synchronize
                0x000000000002a492       0x5e Output/Release/Obj/flash_fds_s140_pca10056/nrf_cli.o
 .text.format_offset_string_print.part.0
                0x000000000002a4f0       0xe4 Output/Release/Obj/flash_fds_s140_pca10056/nrf_cli.o
 .text.cursor_position_get
                0x000000000002a5d4      0x11c Output/Release/Obj/flash_fds_s140_pca10056/nrf_cli.o
 .text.cursor_end_position_move
                0x000000000002a6f0       0x54 Output/Release/Obj/flash_fds_s140_pca10056/nrf_cli.o
 .text.nrf_cli_init
                0x000000000002a744       0xcc Output/Release/Obj/flash_fds_s140_pca10056/nrf_cli.o
                0x000000000002a744                nrf_cli_init
 .text.nrf_cli_print_stream
                0x000000000002a810        0x4 Output/Release/Obj/flash_fds_s140_pca10056/nrf_cli.o
                0x000000000002a810                nrf_cli_print_stream
 .text.nrf_cli_fprintf
                0x000000000002a814       0x58 Output/Release/Obj/flash_fds_s140_pca10056/nrf_cli.o
                0x000000000002a814                nrf_cli_fprintf
 .text.cli_state_set.part.0
                0x000000000002a86c       0x18 Output/Release/Obj/flash_fds_s140_pca10056/nrf_cli.o
 .text.completion_insert
                0x000000000002a884       0x8c Output/Release/Obj/flash_fds_s140_pca10056/nrf_cli.o
 .text.char_insert
                0x000000000002a910      0x144 Output/Release/Obj/flash_fds_s140_pca10056/nrf_cli.o
 .text.history_handle
                0x000000000002aa54      0x134 Output/Release/Obj/flash_fds_s140_pca10056/nrf_cli.o
 .text.char_delete
                0x000000000002ab88       0x94 Output/Release/Obj/flash_fds_s140_pca10056/nrf_cli.o
 .text.cli_log_entry_process
                0x000000000002ac1c      0x13c Output/Release/Obj/flash_fds_s140_pca10056/nrf_cli.o
 .text.nrf_log_backend_cli_flush
                0x000000000002ad58        0xa Output/Release/Obj/flash_fds_s140_pca10056/nrf_cli.o
 .text.nrf_log_backend_cli_put
                0x000000000002ad62       0x40 Output/Release/Obj/flash_fds_s140_pca10056/nrf_cli.o
 *fill*         0x000000000002ada2        0x2 
 .text.nrf_cli_process
                0x000000000002ada4      0xaa0 Output/Release/Obj/flash_fds_s140_pca10056/nrf_cli.o
                0x000000000002ada4                nrf_cli_process
 .text.nrf_cli_help_print
                0x000000000002b844      0x1e4 Output/Release/Obj/flash_fds_s140_pca10056/nrf_cli.o
                0x000000000002b844                nrf_cli_help_print
 .text.nrf_cli_cmd_cli_stats.part.0
                0x000000000002ba28        0x8 Output/Release/Obj/flash_fds_s140_pca10056/nrf_cli.o
 .text.nrf_cli_cmd_clear
                0x000000000002ba30       0x40 Output/Release/Obj/flash_fds_s140_pca10056/nrf_cli.o
 .text.nrf_cli_cmd_cli
                0x000000000002ba70       0x24 Output/Release/Obj/flash_fds_s140_pca10056/nrf_cli.o
 .text.nrf_cli_build_in_cmd_common_executed.constprop.0
                0x000000000002ba94       0x34 Output/Release/Obj/flash_fds_s140_pca10056/nrf_cli.o
 .text.nrf_cli_cmd_colors
                0x000000000002bac8       0x40 Output/Release/Obj/flash_fds_s140_pca10056/nrf_cli.o
 .text.nrf_cli_cmd_cli_stats
                0x000000000002bb08       0x44 Output/Release/Obj/flash_fds_s140_pca10056/nrf_cli.o
                0x000000000002bb08                nrf_cli_cmd_cli_stats
 .text.nrf_cli_cmd_resize_default
                0x000000000002bb4c       0x2c Output/Release/Obj/flash_fds_s140_pca10056/nrf_cli.o
 .text.nrf_cli_cmd_resize
                0x000000000002bb78       0xa8 Output/Release/Obj/flash_fds_s140_pca10056/nrf_cli.o
 .text.nrf_cli_cmd_history
                0x000000000002bc20       0x70 Output/Release/Obj/flash_fds_s140_pca10056/nrf_cli.o
 .text.nrf_cli_cmd_colors_off
                0x000000000002bc90       0x20 Output/Release/Obj/flash_fds_s140_pca10056/nrf_cli.o
 .text.nrf_cli_cmd_colors_on
                0x000000000002bcb0       0x20 Output/Release/Obj/flash_fds_s140_pca10056/nrf_cli.o
 .text.nrf_cli_cmd_echo_off
                0x000000000002bcd0       0x20 Output/Release/Obj/flash_fds_s140_pca10056/nrf_cli.o
 .text.nrf_cli_cmd_echo_on
                0x000000000002bcf0       0x20 Output/Release/Obj/flash_fds_s140_pca10056/nrf_cli.o
 .text.nrf_cli_cmd_echo
                0x000000000002bd10       0x68 Output/Release/Obj/flash_fds_s140_pca10056/nrf_cli.o
 .text.nrf_cli_cmd_cli_stats_reset
                0x000000000002bd78       0x26 Output/Release/Obj/flash_fds_s140_pca10056/nrf_cli.o
                0x000000000002bd78                nrf_cli_cmd_cli_stats_reset
 *fill*         0x000000000002bd9e        0x2 
 .text.nrf_cli_cmd_cli_stats_show
                0x000000000002bda0       0x4c Output/Release/Obj/flash_fds_s140_pca10056/nrf_cli.o
                0x000000000002bda0                nrf_cli_cmd_cli_stats_show
 .text.cli_uart_read
                0x000000000002bdec        0xa Output/Release/Obj/flash_fds_s140_pca10056/nrf_cli_uart.o
 *fill*         0x000000000002bdf6        0x2 
 .text.nrf_drv_uart_tx
                0x000000000002bdf8       0x24 Output/Release/Obj/flash_fds_s140_pca10056/nrf_cli_uart.o
 .text.timer_handler
                0x000000000002be1c       0x1c Output/Release/Obj/flash_fds_s140_pca10056/nrf_cli_uart.o
 .text.nrf_drv_uart_uninit
                0x000000000002be38       0x18 Output/Release/Obj/flash_fds_s140_pca10056/nrf_cli_uart.o
 .text.cli_uart_uninit
                0x000000000002be50       0x16 Output/Release/Obj/flash_fds_s140_pca10056/nrf_cli_uart.o
 *fill*         0x000000000002be66        0x2 
 .text.rx_try   0x000000000002be68       0x50 Output/Release/Obj/flash_fds_s140_pca10056/nrf_cli_uart.o
 .text.cli_uart_enable
                0x000000000002beb8       0x74 Output/Release/Obj/flash_fds_s140_pca10056/nrf_cli_uart.o
 .text.uart_event_handler
                0x000000000002bf2c       0x72 Output/Release/Obj/flash_fds_s140_pca10056/nrf_cli_uart.o
 *fill*         0x000000000002bf9e        0x2 
 .text.cli_uart_write
                0x000000000002bfa0       0x68 Output/Release/Obj/flash_fds_s140_pca10056/nrf_cli_uart.o
 .text.cli_uart_init
                0x000000000002c008       0x44 Output/Release/Obj/flash_fds_s140_pca10056/nrf_cli_uart.o
 .text.nrf_fprintf_buffer_flush
                0x000000000002c04c       0x16 Output/Release/Obj/flash_fds_s140_pca10056/nrf_fprintf.o
                0x000000000002c04c                nrf_fprintf_buffer_flush
 .text.nrf_fprintf
                0x000000000002c062       0x1c Output/Release/Obj/flash_fds_s140_pca10056/nrf_fprintf.o
                0x000000000002c062                nrf_fprintf
 .text.buffer_add
                0x000000000002c07e       0x2e Output/Release/Obj/flash_fds_s140_pca10056/nrf_fprintf_format.o
 .text.unsigned_print
                0x000000000002c0ac       0xb4 Output/Release/Obj/flash_fds_s140_pca10056/nrf_fprintf_format.o
 .text.nrf_fprintf_fmt
                0x000000000002c160      0x294 Output/Release/Obj/flash_fds_s140_pca10056/nrf_fprintf_format.o
                0x000000000002c160                nrf_fprintf_fmt
 .text.nrf_fstorage_init
                0x000000000002c3f4       0x78 Output/Release/Obj/flash_fds_s140_pca10056/nrf_fstorage.o
                0x000000000002c3f4                nrf_fstorage_init
 .text.nrf_fstorage_write
                0x000000000002c46c      0x188 Output/Release/Obj/flash_fds_s140_pca10056/nrf_fstorage.o
                0x000000000002c46c                nrf_fstorage_write
 .text.nrf_fstorage_erase
                0x000000000002c5f4      0x10c Output/Release/Obj/flash_fds_s140_pca10056/nrf_fstorage.o
                0x000000000002c5f4                nrf_fstorage_erase
 .text.sd_flash_write
                0x000000000002c700        0x4 Output/Release/Obj/flash_fds_s140_pca10056/nrf_fstorage_sd.o
 .text.sd_flash_page_erase
                0x000000000002c704        0x4 Output/Release/Obj/flash_fds_s140_pca10056/nrf_fstorage_sd.o
 .text.event_send
                0x000000000002c708       0x50 Output/Release/Obj/flash_fds_s140_pca10056/nrf_fstorage_sd.o
 .text.rmap     0x000000000002c758        0x4 Output/Release/Obj/flash_fds_s140_pca10056/nrf_fstorage_sd.o
 .text.wmap     0x000000000002c75c        0x4 Output/Release/Obj/flash_fds_s140_pca10056/nrf_fstorage_sd.o
 .text.is_busy  0x000000000002c760       0x10 Output/Release/Obj/flash_fds_s140_pca10056/nrf_fstorage_sd.o
 .text.nrf_fstorage_sdh_req_handler
                0x000000000002c770       0x14 Output/Release/Obj/flash_fds_s140_pca10056/nrf_fstorage_sd.o
                0x000000000002c770                nrf_fstorage_sdh_req_handler
 .text.read     0x000000000002c784        0xe Output/Release/Obj/flash_fds_s140_pca10056/nrf_fstorage_sd.o
 *fill*         0x000000000002c792        0x2 
 .text.uninit   0x000000000002c794       0x20 Output/Release/Obj/flash_fds_s140_pca10056/nrf_fstorage_sd.o
 .text.init     0x000000000002c7b4       0x38 Output/Release/Obj/flash_fds_s140_pca10056/nrf_fstorage_sd.o
 .text.queue_process
                0x000000000002c7ec       0xa0 Output/Release/Obj/flash_fds_s140_pca10056/nrf_fstorage_sd.o
 .text.nrf_fstorage_sys_evt_handler.part.0
                0x000000000002c88c       0xa0 Output/Release/Obj/flash_fds_s140_pca10056/nrf_fstorage_sd.o
 .text.nrf_fstorage_sys_evt_handler
                0x000000000002c92c        0xc Output/Release/Obj/flash_fds_s140_pca10056/nrf_fstorage_sd.o
                0x000000000002c92c                nrf_fstorage_sys_evt_handler
 .text.nrf_fstorage_sdh_state_handler
                0x000000000002c938       0x20 Output/Release/Obj/flash_fds_s140_pca10056/nrf_fstorage_sd.o
                0x000000000002c938                nrf_fstorage_sdh_state_handler
 .text.queue_start
                0x000000000002c958       0x20 Output/Release/Obj/flash_fds_s140_pca10056/nrf_fstorage_sd.o
 .text.erase    0x000000000002c978       0x50 Output/Release/Obj/flash_fds_s140_pca10056/nrf_fstorage_sd.o
 .text.write    0x000000000002c9c8       0x4c Output/Release/Obj/flash_fds_s140_pca10056/nrf_fstorage_sd.o
 .text.memobj_op
                0x000000000002ca14       0x86 Output/Release/Obj/flash_fds_s140_pca10056/nrf_memobj.o
 .text.nrf_memobj_pool_init
                0x000000000002ca9a        0x4 Output/Release/Obj/flash_fds_s140_pca10056/nrf_memobj.o
                0x000000000002ca9a                nrf_memobj_pool_init
 .text.nrf_memobj_free
                0x000000000002ca9e       0x2c Output/Release/Obj/flash_fds_s140_pca10056/nrf_memobj.o
                0x000000000002ca9e                nrf_memobj_free
 .text.nrf_memobj_alloc
                0x000000000002caca       0x5e Output/Release/Obj/flash_fds_s140_pca10056/nrf_memobj.o
                0x000000000002caca                nrf_memobj_alloc
 .text.nrf_memobj_get
                0x000000000002cb28        0x8 Output/Release/Obj/flash_fds_s140_pca10056/nrf_memobj.o
                0x000000000002cb28                nrf_memobj_get
 .text.nrf_memobj_put
                0x000000000002cb30       0x1c Output/Release/Obj/flash_fds_s140_pca10056/nrf_memobj.o
                0x000000000002cb30                nrf_memobj_put
 .text.nrf_memobj_write
                0x000000000002cb4c       0x14 Output/Release/Obj/flash_fds_s140_pca10056/nrf_memobj.o
                0x000000000002cb4c                nrf_memobj_write
 .text.nrf_memobj_read
                0x000000000002cb60       0x14 Output/Release/Obj/flash_fds_s140_pca10056/nrf_memobj.o
                0x000000000002cb60                nrf_memobj_read
 .text.nrf_pwr_mgmt_feed
                0x000000000002cb74        0x2 Output/Release/Obj/flash_fds_s140_pca10056/nrf_pwr_mgmt.o
                0x000000000002cb74                nrf_pwr_mgmt_feed
 .text.queue_utilization_get
                0x000000000002cb76       0x18 Output/Release/Obj/flash_fds_s140_pca10056/nrf_queue.o
 .text.nrf_queue_is_full
                0x000000000002cb8e       0x18 Output/Release/Obj/flash_fds_s140_pca10056/nrf_queue.o
                0x000000000002cb8e                nrf_queue_is_full
 .text.nrf_queue_push
                0x000000000002cba6       0xaa Output/Release/Obj/flash_fds_s140_pca10056/nrf_queue.o
                0x000000000002cba6                nrf_queue_push
 .text.nrf_queue_utilization_get
                0x000000000002cc50       0x28 Output/Release/Obj/flash_fds_s140_pca10056/nrf_queue.o
                0x000000000002cc50                nrf_queue_utilization_get
 .text.nrf_queue_status
                0x000000000002cc78       0xc4 Output/Release/Obj/flash_fds_s140_pca10056/nrf_queue.o
 .text.nrf_queue_is_empty
                0x000000000002cd3c        0xe Output/Release/Obj/flash_fds_s140_pca10056/nrf_queue.o
                0x000000000002cd3c                nrf_queue_is_empty
 .text.nrf_queue_generic_pop
                0x000000000002cd4a       0x8a Output/Release/Obj/flash_fds_s140_pca10056/nrf_queue.o
                0x000000000002cd4a                nrf_queue_generic_pop
 .text.nrf_queue_max_utilization_get
                0x000000000002cdd4        0x6 Output/Release/Obj/flash_fds_s140_pca10056/nrf_queue.o
                0x000000000002cdd4                nrf_queue_max_utilization_get
 .text.nrf_queue_max_utilization_reset
                0x000000000002cdda        0x8 Output/Release/Obj/flash_fds_s140_pca10056/nrf_queue.o
                0x000000000002cdda                nrf_queue_max_utilization_reset
 .text.nrf_ringbuf_init
                0x000000000002cde2       0x12 Output/Release/Obj/flash_fds_s140_pca10056/nrf_ringbuf.o
                0x000000000002cde2                nrf_ringbuf_init
 .text.nrf_ringbuf_alloc
                0x000000000002cdf4       0x70 Output/Release/Obj/flash_fds_s140_pca10056/nrf_ringbuf.o
                0x000000000002cdf4                nrf_ringbuf_alloc
 .text.nrf_ringbuf_put
                0x000000000002ce64       0x2e Output/Release/Obj/flash_fds_s140_pca10056/nrf_ringbuf.o
                0x000000000002ce64                nrf_ringbuf_put
 .text.nrf_ringbuf_cpy_put
                0x000000000002ce92       0x7e Output/Release/Obj/flash_fds_s140_pca10056/nrf_ringbuf.o
                0x000000000002ce92                nrf_ringbuf_cpy_put
 .text.nrf_ringbuf_get
                0x000000000002cf10       0x6e Output/Release/Obj/flash_fds_s140_pca10056/nrf_ringbuf.o
                0x000000000002cf10                nrf_ringbuf_get
 .text.nrf_ringbuf_cpy_get
                0x000000000002cf7e       0x80 Output/Release/Obj/flash_fds_s140_pca10056/nrf_ringbuf.o
                0x000000000002cf7e                nrf_ringbuf_cpy_get
 .text.nrf_ringbuf_free
                0x000000000002cffe       0x22 Output/Release/Obj/flash_fds_s140_pca10056/nrf_ringbuf.o
                0x000000000002cffe                nrf_ringbuf_free
 .text.nrf_section_iter_init
                0x000000000002d020       0x14 Output/Release/Obj/flash_fds_s140_pca10056/nrf_section_iter.o
                0x000000000002d020                nrf_section_iter_init
 .text.nrf_section_iter_next
                0x000000000002d034       0x18 Output/Release/Obj/flash_fds_s140_pca10056/nrf_section_iter.o
                0x000000000002d034                nrf_section_iter_next
 .text.nrf_sortlist_add
                0x000000000002d04c       0x20 Output/Release/Obj/flash_fds_s140_pca10056/nrf_sortlist.o
                0x000000000002d04c                nrf_sortlist_add
 .text.nrf_sortlist_pop
                0x000000000002d06c        0xc Output/Release/Obj/flash_fds_s140_pca10056/nrf_sortlist.o
                0x000000000002d06c                nrf_sortlist_pop
 .text.nrf_sortlist_peek
                0x000000000002d078        0x6 Output/Release/Obj/flash_fds_s140_pca10056/nrf_sortlist.o
                0x000000000002d078                nrf_sortlist_peek
 .text.nrf_sortlist_remove
                0x000000000002d07e       0x1a Output/Release/Obj/flash_fds_s140_pca10056/nrf_sortlist.o
                0x000000000002d07e                nrf_sortlist_remove
 .text.nrf_strerror_find
                0x000000000002d098       0x3c Output/Release/Obj/flash_fds_s140_pca10056/nrf_strerror.o
                0x000000000002d098                nrf_strerror_find
 .text.nrf_strerror_get
                0x000000000002d0d4       0x14 Output/Release/Obj/flash_fds_s140_pca10056/nrf_strerror.o
                0x000000000002d0d4                nrf_strerror_get
 .text.uarte_evt_handler
                0x000000000002d0e8       0x34 Output/Release/Obj/flash_fds_s140_pca10056/nrf_drv_uart.o
 .text.uart_evt_handler
                0x000000000002d11c       0x34 Output/Release/Obj/flash_fds_s140_pca10056/nrf_drv_uart.o
 .text.nrf_drv_uart_init
                0x000000000002d150       0x7c Output/Release/Obj/flash_fds_s140_pca10056/nrf_drv_uart.o
                0x000000000002d150                nrf_drv_uart_init
 .text.UARTE0_UART0_IRQHandler
                0x000000000002d1cc        0xc Output/Release/Obj/flash_fds_s140_pca10056/nrfx_prs.o
                0x000000000002d1cc                UARTE0_UART0_IRQHandler
 .text.nrfx_prs_acquire
                0x000000000002d1d8       0x44 Output/Release/Obj/flash_fds_s140_pca10056/nrfx_prs.o
                0x000000000002d1d8                nrfx_prs_acquire
 .text.nrfx_prs_release
                0x000000000002d21c       0x18 Output/Release/Obj/flash_fds_s140_pca10056/nrfx_prs.o
                0x000000000002d21c                nrfx_prs_release
 .text.nrf_uart_event_clear
                0x000000000002d234       0x10 Output/Release/Obj/flash_fds_s140_pca10056/nrfx_uart.o
 .text.tx_byte  0x000000000002d244       0x1e Output/Release/Obj/flash_fds_s140_pca10056/nrfx_uart.o
 .text.rx_enable
                0x000000000002d262       0x20 Output/Release/Obj/flash_fds_s140_pca10056/nrfx_uart.o
 .text.rx_byte  0x000000000002d282       0x2c Output/Release/Obj/flash_fds_s140_pca10056/nrfx_uart.o
 *fill*         0x000000000002d2ae        0x2 
 .text.rx_done_event.constprop.0
                0x000000000002d2b0       0x20 Output/Release/Obj/flash_fds_s140_pca10056/nrfx_uart.o
 .text.nrfx_uart_0_irq_handler
                0x000000000002d2d0      0x140 Output/Release/Obj/flash_fds_s140_pca10056/nrfx_uart.o
                0x000000000002d2d0                nrfx_uart_0_irq_handler
 .text.nrf_gpio_cfg_default
                0x000000000002d410       0x20 Output/Release/Obj/flash_fds_s140_pca10056/nrfx_uart.o
 .text.nrfx_uart_init
                0x000000000002d430      0x1a0 Output/Release/Obj/flash_fds_s140_pca10056/nrfx_uart.o
                0x000000000002d430                nrfx_uart_init
 .text.nrfx_uart_uninit
                0x000000000002d5d0       0xb8 Output/Release/Obj/flash_fds_s140_pca10056/nrfx_uart.o
                0x000000000002d5d0                nrfx_uart_uninit
 .text.nrfx_uart_tx_in_progress
                0x000000000002d688       0x18 Output/Release/Obj/flash_fds_s140_pca10056/nrfx_uart.o
                0x000000000002d688                nrfx_uart_tx_in_progress
 .text.nrfx_uart_tx
                0x000000000002d6a0       0xa0 Output/Release/Obj/flash_fds_s140_pca10056/nrfx_uart.o
                0x000000000002d6a0                nrfx_uart_tx
 .text.nrfx_uart_rx
                0x000000000002d740       0xf4 Output/Release/Obj/flash_fds_s140_pca10056/nrfx_uart.o
                0x000000000002d740                nrfx_uart_rx
 .text.nrfx_uart_rx_abort
                0x000000000002d834       0x10 Output/Release/Obj/flash_fds_s140_pca10056/nrfx_uart.o
                0x000000000002d834                nrfx_uart_rx_abort
 .text.nrf_uarte_event_clear
                0x000000000002d844       0x10 Output/Release/Obj/flash_fds_s140_pca10056/nrfx_uarte.o
 .text.rx_done_event.constprop.0
                0x000000000002d854       0x20 Output/Release/Obj/flash_fds_s140_pca10056/nrfx_uarte.o
 .text.nrfx_uarte_0_irq_handler
                0x000000000002d874      0x118 Output/Release/Obj/flash_fds_s140_pca10056/nrfx_uarte.o
                0x000000000002d874                nrfx_uarte_0_irq_handler
 .text.nrf_gpio_cfg_default
                0x000000000002d98c       0x20 Output/Release/Obj/flash_fds_s140_pca10056/nrfx_uarte.o
 .text.nrfx_uarte_init
                0x000000000002d9ac      0x1b8 Output/Release/Obj/flash_fds_s140_pca10056/nrfx_uarte.o
                0x000000000002d9ac                nrfx_uarte_init
 .text.nrfx_uarte_uninit
                0x000000000002db64      0x108 Output/Release/Obj/flash_fds_s140_pca10056/nrfx_uarte.o
                0x000000000002db64                nrfx_uarte_uninit
 .text.nrfx_uarte_tx_in_progress
                0x000000000002dc6c       0x18 Output/Release/Obj/flash_fds_s140_pca10056/nrfx_uarte.o
                0x000000000002dc6c                nrfx_uarte_tx_in_progress
 .text.nrfx_uarte_tx
                0x000000000002dc84       0x9c Output/Release/Obj/flash_fds_s140_pca10056/nrfx_uarte.o
                0x000000000002dc84                nrfx_uarte_tx
 .text.nrfx_uarte_rx
                0x000000000002dd20       0xd8 Output/Release/Obj/flash_fds_s140_pca10056/nrfx_uarte.o
                0x000000000002dd20                nrfx_uarte_rx
 .text.nrfx_uarte_rx_abort
                0x000000000002ddf8       0x28 Output/Release/Obj/flash_fds_s140_pca10056/nrfx_uarte.o
                0x000000000002ddf8                nrfx_uarte_rx_abort
 .text.cli_wrong_param_count_help
                0x000000000002de20       0x18 Output/Release/Obj/flash_fds_s140_pca10056/cli.o
 .text.print_all_cmd
                0x000000000002de38       0xb4 Output/Release/Obj/flash_fds_s140_pca10056/cli.o
 .text.print_cfg_cmd
                0x000000000002deec       0xc8 Output/Release/Obj/flash_fds_s140_pca10056/cli.o
 .text.gc_cmd   0x000000000002dfb4       0x24 Output/Release/Obj/flash_fds_s140_pca10056/cli.o
 .text.delete_cmd
                0x000000000002dfd8       0xb8 Output/Release/Obj/flash_fds_s140_pca10056/cli.o
 .text.delete_all_cmd
                0x000000000002e090       0x24 Output/Release/Obj/flash_fds_s140_pca10056/cli.o
 .text.stat_cmd
                0x000000000002e0b4       0x6c Output/Release/Obj/flash_fds_s140_pca10056/cli.o
 .text.update_cmd
                0x000000000002e120      0x124 Output/Release/Obj/flash_fds_s140_pca10056/cli.o
 .text.write_cmd
                0x000000000002e244       0xcc Output/Release/Obj/flash_fds_s140_pca10056/cli.o
 .text.print_cmd
                0x000000000002e310       0x44 Output/Release/Obj/flash_fds_s140_pca10056/cli.o
 .text.cli_init
                0x000000000002e354       0x40 Output/Release/Obj/flash_fds_s140_pca10056/cli.o
                0x000000000002e354                cli_init
 .text.cli_process
                0x000000000002e394        0xc Output/Release/Obj/flash_fds_s140_pca10056/cli.o
                0x000000000002e394                cli_process
 .text.record_delete_next
                0x000000000002e3a0       0x2e Output/Release/Obj/flash_fds_s140_pca10056/cli.o
                0x000000000002e3a0                record_delete_next
 .text.sd_app_evt_wait
                0x000000000002e3ce        0x4 Output/Release/Obj/flash_fds_s140_pca10056/main.o
 *fill*         0x000000000002e3d2        0x2 
 .text.fds_evt_handler
                0x000000000002e3d4      0x134 Output/Release/Obj/flash_fds_s140_pca10056/main.o
 .text.fds_err_str
                0x000000000002e508       0x10 Output/Release/Obj/flash_fds_s140_pca10056/main.o
                0x000000000002e508                fds_err_str
 .text.delete_all_begin
                0x000000000002e518        0xc Output/Release/Obj/flash_fds_s140_pca10056/main.o
                0x000000000002e518                delete_all_begin
 .text.delete_all_process
                0x000000000002e524       0x6c Output/Release/Obj/flash_fds_s140_pca10056/main.o
                0x000000000002e524                delete_all_process
 .text.startup.main
                0x000000000002e590      0x154 Output/Release/Obj/flash_fds_s140_pca10056/main.o
                0x000000000002e590                main
 .text.nrf52_errata_36
                0x000000000002e6e4       0x12 Output/Release/Obj/flash_fds_s140_pca10056/system_nrf52840.o
 *fill*         0x000000000002e6f6        0x2 
 .text.nrf52_errata_98
                0x000000000002e6f8       0x24 Output/Release/Obj/flash_fds_s140_pca10056/system_nrf52840.o
 .text.nvmc_wait
                0x000000000002e71c       0x10 Output/Release/Obj/flash_fds_s140_pca10056/system_nrf52840.o
                0x000000000002e71c                nvmc_wait
 .text.SystemInit
                0x000000000002e72c      0x1e8 Output/Release/Obj/flash_fds_s140_pca10056/system_nrf52840.o
                0x000000000002e72c                SystemInit
 .text.sd_softdevice_enable
                0x000000000002e914        0x4 Output/Release/Obj/flash_fds_s140_pca10056/nrf_sdh.o
 .text.sd_softdevice_disable
                0x000000000002e918        0x4 Output/Release/Obj/flash_fds_s140_pca10056/nrf_sdh.o
 .text.sdh_request_observer_notify
                0x000000000002e91c       0x30 Output/Release/Obj/flash_fds_s140_pca10056/nrf_sdh.o
 .text.sdh_state_observer_notify
                0x000000000002e94c       0x28 Output/Release/Obj/flash_fds_s140_pca10056/nrf_sdh.o
 .text.softdevice_evt_irq_disable
                0x000000000002e974       0x2c Output/Release/Obj/flash_fds_s140_pca10056/nrf_sdh.o
 .text.softdevices_evt_irq_enable
                0x000000000002e9a0       0x38 Output/Release/Obj/flash_fds_s140_pca10056/nrf_sdh.o
 .text.nrf_sdh_enable_request
                0x000000000002e9d8       0x7c Output/Release/Obj/flash_fds_s140_pca10056/nrf_sdh.o
                0x000000000002e9d8                nrf_sdh_enable_request
 .text.nrf_sdh_disable_request
                0x000000000002ea54       0x60 Output/Release/Obj/flash_fds_s140_pca10056/nrf_sdh.o
                0x000000000002ea54                nrf_sdh_disable_request
 .text.nrf_sdh_request_continue
                0x000000000002eab4       0x20 Output/Release/Obj/flash_fds_s140_pca10056/nrf_sdh.o
                0x000000000002eab4                nrf_sdh_request_continue
 .text.nrf_sdh_is_enabled
                0x000000000002ead4        0xc Output/Release/Obj/flash_fds_s140_pca10056/nrf_sdh.o
                0x000000000002ead4                nrf_sdh_is_enabled
 .text.nrf_sdh_evts_poll
                0x000000000002eae0       0x28 Output/Release/Obj/flash_fds_s140_pca10056/nrf_sdh.o
                0x000000000002eae0                nrf_sdh_evts_poll
 .text.SWI2_EGU2_IRQHandler
                0x000000000002eb08        0x4 Output/Release/Obj/flash_fds_s140_pca10056/nrf_sdh.o
                0x000000000002eb08                SWI2_EGU2_IRQHandler
 .text.sd_ble_enable
                0x000000000002eb0c        0x4 Output/Release/Obj/flash_fds_s140_pca10056/nrf_sdh_ble.o
 .text.sd_ble_cfg_set
                0x000000000002eb10        0x4 Output/Release/Obj/flash_fds_s140_pca10056/nrf_sdh_ble.o
 .text.sd_ble_evt_get
                0x000000000002eb14        0x4 Output/Release/Obj/flash_fds_s140_pca10056/nrf_sdh_ble.o
 .text.nrf_sdh_ble_evts_poll
                0x000000000002eb18       0x58 Output/Release/Obj/flash_fds_s140_pca10056/nrf_sdh_ble.o
 .text.nrf_sdh_ble_default_cfg_set
                0x000000000002eb70      0x158 Output/Release/Obj/flash_fds_s140_pca10056/nrf_sdh_ble.o
                0x000000000002eb70                nrf_sdh_ble_default_cfg_set
 .text.nrf_sdh_ble_enable
                0x000000000002ecc8       0xb8 Output/Release/Obj/flash_fds_s140_pca10056/nrf_sdh_ble.o
                0x000000000002ecc8                nrf_sdh_ble_enable
 .text.sd_evt_get
                0x000000000002ed80        0x4 Output/Release/Obj/flash_fds_s140_pca10056/nrf_sdh_soc.o
 .text.nrf_sdh_soc_evts_poll
                0x000000000002ed84       0x40 Output/Release/Obj/flash_fds_s140_pca10056/nrf_sdh_soc.o
 .text.libc.__RAL_ascii_isctype
                0x000000000002edc4       0x1c /Applications/SEGGER Embedded Studio for ARM 5.66/lib/libc_v7em_fpv4_sp_d16_hard_t_le_eabi.a(libc2.o)
 .text.libc.__RAL_ascii_toupper
                0x000000000002ede0        0xc /Applications/SEGGER Embedded Studio for ARM 5.66/lib/libc_v7em_fpv4_sp_d16_hard_t_le_eabi.a(libc2.o)
 .text.libc.__RAL_ascii_tolower
                0x000000000002edec        0xc /Applications/SEGGER Embedded Studio for ARM 5.66/lib/libc_v7em_fpv4_sp_d16_hard_t_le_eabi.a(libc2.o)
 .text.libc.__RAL_ascii_wctomb
                0x000000000002edf8       0x10 /Applications/SEGGER Embedded Studio for ARM 5.66/lib/libc_v7em_fpv4_sp_d16_hard_t_le_eabi.a(libc2.o)
                0x000000000002edf8                __RAL_ascii_wctomb
 .text.libc.__RAL_ascii_mbtowc
                0x000000000002ee08       0x24 /Applications/SEGGER Embedded Studio for ARM 5.66/lib/libc_v7em_fpv4_sp_d16_hard_t_le_eabi.a(libc2.o)
                0x000000000002ee08                __RAL_ascii_mbtowc
 .text.libc.__RAL_ascii_towupper
                0x000000000002ee2c        0xc /Applications/SEGGER Embedded Studio for ARM 5.66/lib/libc_v7em_fpv4_sp_d16_hard_t_le_eabi.a(libc2.o)
 .text.libc.__RAL_ascii_towlower
                0x000000000002ee38        0xc /Applications/SEGGER Embedded Studio for ARM 5.66/lib/libc_v7em_fpv4_sp_d16_hard_t_le_eabi.a(libc2.o)
 .text.libc.__RAL_ascii_iswctype
                0x000000000002ee44       0x1c /Applications/SEGGER Embedded Studio for ARM 5.66/lib/libc_v7em_fpv4_sp_d16_hard_t_le_eabi.a(libc2.o)
 .text.libc.isupper
                0x000000000002ee60       0x10 /Applications/SEGGER Embedded Studio for ARM 5.66/lib/libc_v7em_fpv4_sp_d16_hard_t_le_eabi.a(libc2.o)
                0x000000000002ee60                isupper
 .text.libc.islower
                0x000000000002ee70       0x10 /Applications/SEGGER Embedded Studio for ARM 5.66/lib/libc_v7em_fpv4_sp_d16_hard_t_le_eabi.a(libc2.o)
                0x000000000002ee70                islower
 .text.libc.isdigit
                0x000000000002ee80       0x10 /Applications/SEGGER Embedded Studio for ARM 5.66/lib/libc_v7em_fpv4_sp_d16_hard_t_le_eabi.a(libc2.o)
                0x000000000002ee80                isdigit
 .text.libc.__digit
                0x000000000002ee90       0x44 /Applications/SEGGER Embedded Studio for ARM 5.66/lib/libc_v7em_fpv4_sp_d16_hard_t_le_eabi.a(libc2.o)
                0x000000000002ee90                __digit
 .text.libc.isspace
                0x000000000002eed4       0x10 /Applications/SEGGER Embedded Studio for ARM 5.66/lib/libc_v7em_fpv4_sp_d16_hard_t_le_eabi.a(libc2.o)
                0x000000000002eed4                isspace
 .text.libc.isprint
                0x000000000002eee4       0x10 /Applications/SEGGER Embedded Studio for ARM 5.66/lib/libc_v7em_fpv4_sp_d16_hard_t_le_eabi.a(libc2.o)
                0x000000000002eee4                isprint
 .text.libc.__aeabi_errno_addr
                0x000000000002eef4       0x14 /Applications/SEGGER Embedded Studio for ARM 5.66/lib/libc_v7em_fpv4_sp_d16_hard_t_le_eabi.a(libc2.o)
                0x000000000002eef4                __aeabi_errno_addr
 .text.libc.__strtoul
                0x000000000002ef08       0xd4 /Applications/SEGGER Embedded Studio for ARM 5.66/lib/libc_v7em_fpv4_sp_d16_hard_t_le_eabi.a(libc2.o)
                0x000000000002ef08                __strtoul
 .text.libc.memmove
                0x000000000002efdc       0x34 /Applications/SEGGER Embedded Studio for ARM 5.66/lib/libc_v7em_fpv4_sp_d16_hard_t_le_eabi.a(libc2.o)
                0x000000000002efdc                memmove
                0x000000000002efdc                __aeabi_memmove8
                0x000000000002efdc                __aeabi_memmove
                0x000000000002efdc                __aeabi_memmove4
 .text.libc.qsort
                0x000000000002f010      0x218 /Applications/SEGGER Embedded Studio for ARM 5.66/lib/libc_v7em_fpv4_sp_d16_hard_t_le_eabi.a(libc2.o)
                0x000000000002f010                qsort
 .text.libc.strncmp
                0x000000000002f228       0x48 /Applications/SEGGER Embedded Studio for ARM 5.66/lib/libc_v7em_fpv4_sp_d16_hard_t_le_eabi.a(libc2.o)
                0x000000000002f228                strncmp
 .text.libc.strtol
                0x000000000002f270       0xb8 /Applications/SEGGER Embedded Studio for ARM 5.66/lib/libc_v7em_fpv4_sp_d16_hard_t_le_eabi.a(libc2.o)
                0x000000000002f270                strtol
 .text.libc.memcpy
                0x000000000002f328       0x52 /Applications/SEGGER Embedded Studio for ARM 5.66/lib/libc_v7em_fpv4_sp_d16_hard_t_le_eabi.a(libc2_asm.o)
                0x000000000002f328                memcpy
                0x000000000002f328                __aeabi_memcpy
                0x000000000002f334                __aeabi_memcpy4
                0x000000000002f334                __aeabi_memcpy8
 .text.libc.memset
                0x000000000002f37a       0x66 /Applications/SEGGER Embedded Studio for ARM 5.66/lib/libc_v7em_fpv4_sp_d16_hard_t_le_eabi.a(libc2_asm.o)
                0x000000000002f37a                memset
 .text.libc.strcpy
                0x000000000002f3e0       0x44 /Applications/SEGGER Embedded Studio for ARM 5.66/lib/libc_v7em_fpv4_sp_d16_hard_t_le_eabi.a(libc2_asm.o)
                0x000000000002f3e0                strcpy
 .text.libc.strcmp
                0x000000000002f424       0x4e /Applications/SEGGER Embedded Studio for ARM 5.66/lib/libc_v7em_fpv4_sp_d16_hard_t_le_eabi.a(libc2_asm.o)
                0x000000000002f424                strcmp
 .text.libc.strlen
                0x000000000002f472       0x60 /Applications/SEGGER Embedded Studio for ARM 5.66/lib/libc_v7em_fpv4_sp_d16_hard_t_le_eabi.a(libc2_asm.o)
                0x000000000002f472                strlen
                0x000000000002f4d4                . = ALIGN (MAX ((__text_start__ + 0x4), .), 0x4)
 *fill*         0x000000000002f4d2        0x2 
                0x000000000002f4d4                __text_end__ = (__text_start__ + SIZEOF (.text))
                0x0000000000008104                __text_size__ = SIZEOF (.text)
                0x000000000002f4d4                __text_load_end__ = __text_end__

.vfp11_veneer   0x0000000100000000        0x0
 .vfp11_veneer  0x0000000100000000        0x0 linker stubs

.v4_bx          0x0000000100000000        0x0
 .v4_bx         0x0000000100000000        0x0 linker stubs

.iplt           0x0000000100000000        0x0
 .iplt          0x0000000100000000        0x0 Output/Release/Obj/flash_fds_s140_pca10056/thumb_crt0.o
                0x0000000000000001                . = ASSERT (((__text_start__ == __text_end__) || ((__text_end__ - __FLASH1_segment_start__) <= __FLASH1_segment_size__)), error: .text is too large to fit in FLASH1 memory segment)
                0x000000000002f4d4                __sdh_ble_observers_load_start__ = ALIGN (__text_end__, 0x4)

.sdh_ble_observers
                0x000000000002f4d4        0x0
                0x000000000002f4d4                __sdh_ble_observers_start__ = .
                0x000000000002f4d4                __start_sdh_ble_observers = __sdh_ble_observers_start__
 *(SORT_BY_NAME(.sdh_ble_observers*))
                0x000000000002f4d4                __sdh_ble_observers_end__ = (__sdh_ble_observers_start__ + SIZEOF (.sdh_ble_observers))
                0x0000000000000000                __sdh_ble_observers_size__ = SIZEOF (.sdh_ble_observers)
                0x000000000002f4d4                __stop_sdh_ble_observers = __sdh_ble_observers_end__
                0x000000000002f4d4                __sdh_ble_observers_load_end__ = __sdh_ble_observers_end__
                0x0000000000000001                . = ASSERT (((__sdh_ble_observers_start__ == __sdh_ble_observers_end__) || ((__sdh_ble_observers_end__ - __FLASH1_segment_start__) <= __FLASH1_segment_size__)), error: .sdh_ble_observers is too large to fit in FLASH1 memory segment)
                0x000000000002f4d4                __cli_command_load_start__ = ALIGN (__sdh_ble_observers_end__, 0x4)

.cli_command    0x000000000002f4d4       0x70
                0x000000000002f4d4                __cli_command_start__ = .
                0x000000000002f4d4                __start_cli_command = __cli_command_start__
 *(.cli_command*)
 .cli_command   0x000000000002f4d4        0x8 Output/Release/Obj/flash_fds_s140_pca10056/nrf_log_frontend.o
                0x000000000002f4d4                nrf_cli_log_const
 .cli_command   0x000000000002f4dc        0x8 Output/Release/Obj/flash_fds_s140_pca10056/nrf_balloc.o
                0x000000000002f4dc                nrf_cli_balloc_const
 .cli_command   0x000000000002f4e4       0x20 Output/Release/Obj/flash_fds_s140_pca10056/nrf_cli.o
                0x000000000002f4e4                nrf_cli_resize_const
                0x000000000002f4ec                nrf_cli_history_const
                0x000000000002f4f4                nrf_cli_cli_const
                0x000000000002f4fc                nrf_cli_clear_const
 .cli_command   0x000000000002f504        0x8 Output/Release/Obj/flash_fds_s140_pca10056/nrf_queue.o
                0x000000000002f504                nrf_cli_queue_const
 .cli_command   0x000000000002f50c       0x38 Output/Release/Obj/flash_fds_s140_pca10056/cli.o
                0x000000000002f50c                nrf_cli_stat_const
                0x000000000002f514                nrf_cli_gc_const
                0x000000000002f51c                nrf_cli_delete_all_const
                0x000000000002f524                nrf_cli_delete_const
                0x000000000002f52c                nrf_cli_update_const
                0x000000000002f534                nrf_cli_write_const
                0x000000000002f53c                nrf_cli_print_const
                0x000000000002f544                __cli_command_end__ = (__cli_command_start__ + SIZEOF (.cli_command))
                0x0000000000000070                __cli_command_size__ = SIZEOF (.cli_command)
                0x000000000002f544                __stop_cli_command = __cli_command_end__
                0x000000000002f544                __cli_command_load_end__ = __cli_command_end__
                0x0000000000000001                . = ASSERT (((__cli_command_start__ == __cli_command_end__) || ((__cli_command_end__ - __FLASH1_segment_start__) <= __FLASH1_segment_size__)), error: .cli_command is too large to fit in FLASH1 memory segment)
                0x000000000002f544                __pwr_mgmt_data_load_start__ = ALIGN (__cli_command_end__, 0x4)

.pwr_mgmt_data  0x000000000002f544        0x0
                0x000000000002f544                __pwr_mgmt_data_start__ = .
                0x000000000002f544                __start_pwr_mgmt_data = __pwr_mgmt_data_start__
 *(SORT_BY_NAME(.pwr_mgmt_data*))
                0x000000000002f544                __pwr_mgmt_data_end__ = (__pwr_mgmt_data_start__ + SIZEOF (.pwr_mgmt_data))
                0x0000000000000000                __pwr_mgmt_data_size__ = SIZEOF (.pwr_mgmt_data)
                0x000000000002f544                __stop_pwr_mgmt_data = __pwr_mgmt_data_end__
                0x000000000002f544                __pwr_mgmt_data_load_end__ = __pwr_mgmt_data_end__
                0x0000000000000001                . = ASSERT (((__pwr_mgmt_data_start__ == __pwr_mgmt_data_end__) || ((__pwr_mgmt_data_end__ - __FLASH1_segment_start__) <= __FLASH1_segment_size__)), error: .pwr_mgmt_data is too large to fit in FLASH1 memory segment)
                0x000000000002f544                __nrf_queue_load_start__ = ALIGN (__pwr_mgmt_data_end__, 0x4)

.nrf_queue      0x000000000002f544       0x1c
                0x000000000002f544                __nrf_queue_start__ = .
                0x000000000002f544                __start_nrf_queue = __nrf_queue_start__
 *(.nrf_queue*)
 .nrf_queue     0x000000000002f544       0x1c Output/Release/Obj/flash_fds_s140_pca10056/cli.o
                0x000000000002f544                m_cli_uart_log_backend_queue
                0x000000000002f560                __nrf_queue_end__ = (__nrf_queue_start__ + SIZEOF (.nrf_queue))
                0x000000000000001c                __nrf_queue_size__ = SIZEOF (.nrf_queue)
                0x000000000002f560                __stop_nrf_queue = __nrf_queue_end__
                0x000000000002f560                __nrf_queue_load_end__ = __nrf_queue_end__
                0x0000000000000001                . = ASSERT (((__nrf_queue_start__ == __nrf_queue_end__) || ((__nrf_queue_end__ - __FLASH1_segment_start__) <= __FLASH1_segment_size__)), error: .nrf_queue is too large to fit in FLASH1 memory segment)
                0x000000000002f560                __sdh_req_observers_load_start__ = ALIGN (__nrf_queue_end__, 0x4)

.sdh_req_observers
                0x000000000002f560        0x8
                0x000000000002f560                __sdh_req_observers_start__ = .
                0x000000000002f560                __start_sdh_req_observers = __sdh_req_observers_start__
 *(SORT_BY_NAME(.sdh_req_observers*))
 .sdh_req_observers0
                0x000000000002f560        0x8 Output/Release/Obj/flash_fds_s140_pca10056/nrf_fstorage_sd.o
                0x000000000002f560                m_req_obs
                0x000000000002f568                __sdh_req_observers_end__ = (__sdh_req_observers_start__ + SIZEOF (.sdh_req_observers))
                0x0000000000000008                __sdh_req_observers_size__ = SIZEOF (.sdh_req_observers)
                0x000000000002f568                __stop_sdh_req_observers = __sdh_req_observers_end__
                0x000000000002f568                __sdh_req_observers_load_end__ = __sdh_req_observers_end__
                0x0000000000000001                . = ASSERT (((__sdh_req_observers_start__ == __sdh_req_observers_end__) || ((__sdh_req_observers_end__ - __FLASH1_segment_start__) <= __FLASH1_segment_size__)), error: .sdh_req_observers is too large to fit in FLASH1 memory segment)
                0x000000000002f568                __sdh_state_observers_load_start__ = ALIGN (__sdh_req_observers_end__, 0x4)

.sdh_state_observers
                0x000000000002f568        0x8
                0x000000000002f568                __sdh_state_observers_start__ = .
                0x000000000002f568                __start_sdh_state_observers = __sdh_state_observers_start__
 *(SORT_BY_NAME(.sdh_state_observers*))
 .sdh_state_observers0
                0x000000000002f568        0x8 Output/Release/Obj/flash_fds_s140_pca10056/nrf_fstorage_sd.o
                0x000000000002f570                __sdh_state_observers_end__ = (__sdh_state_observers_start__ + SIZEOF (.sdh_state_observers))
                0x0000000000000008                __sdh_state_observers_size__ = SIZEOF (.sdh_state_observers)
                0x000000000002f570                __stop_sdh_state_observers = __sdh_state_observers_end__
                0x000000000002f570                __sdh_state_observers_load_end__ = __sdh_state_observers_end__
                0x0000000000000001                . = ASSERT (((__sdh_state_observers_start__ == __sdh_state_observers_end__) || ((__sdh_state_observers_end__ - __FLASH1_segment_start__) <= __FLASH1_segment_size__)), error: .sdh_state_observers is too large to fit in FLASH1 memory segment)
                0x000000000002f570                __sdh_stack_observers_load_start__ = ALIGN (__sdh_state_observers_end__, 0x4)

.sdh_stack_observers
                0x000000000002f570       0x10
                0x000000000002f570                __sdh_stack_observers_start__ = .
                0x000000000002f570                __start_sdh_stack_observers = __sdh_stack_observers_start__
 *(SORT_BY_NAME(.sdh_stack_observers*))
 .sdh_stack_observers0
                0x000000000002f570        0x8 Output/Release/Obj/flash_fds_s140_pca10056/nrf_sdh_ble.o
 .sdh_stack_observers0
                0x000000000002f578        0x8 Output/Release/Obj/flash_fds_s140_pca10056/nrf_sdh_soc.o
                0x000000000002f580                __sdh_stack_observers_end__ = (__sdh_stack_observers_start__ + SIZEOF (.sdh_stack_observers))
                0x0000000000000010                __sdh_stack_observers_size__ = SIZEOF (.sdh_stack_observers)
                0x000000000002f580                __stop_sdh_stack_observers = __sdh_stack_observers_end__
                0x000000000002f580                __sdh_stack_observers_load_end__ = __sdh_stack_observers_end__
                0x0000000000000001                . = ASSERT (((__sdh_stack_observers_start__ == __sdh_stack_observers_end__) || ((__sdh_stack_observers_end__ - __FLASH1_segment_start__) <= __FLASH1_segment_size__)), error: .sdh_stack_observers is too large to fit in FLASH1 memory segment)
                0x000000000002f580                __log_const_data_load_start__ = ALIGN (__sdh_stack_observers_end__, 0x4)

.log_const_data
                0x000000000002f580       0x98
                0x000000000002f580                __log_const_data_start__ = .
                0x000000000002f580                __start_log_const_data = __log_const_data_start__
 *(SORT_BY_NAME(.log_const_data*))
 .log_const_data_PRS
                0x000000000002f580        0x8 Output/Release/Obj/flash_fds_s140_pca10056/nrfx_prs.o
                0x000000000002f580                m_nrf_log_PRS_logs_data_const
 .log_const_data_UART
                0x000000000002f588        0x8 Output/Release/Obj/flash_fds_s140_pca10056/nrfx_uart.o
                0x000000000002f588                m_nrf_log_UART_logs_data_const
 .log_const_data_UARTE
                0x000000000002f590        0x8 Output/Release/Obj/flash_fds_s140_pca10056/nrfx_uarte.o
                0x000000000002f590                m_nrf_log_UARTE_logs_data_const
 .log_const_data_app
                0x000000000002f598        0x8 Output/Release/Obj/flash_fds_s140_pca10056/nrf_log_frontend.o
                0x000000000002f598                m_nrf_log_app_logs_data_const
 .log_const_data_app_timer
                0x000000000002f5a0        0x8 Output/Release/Obj/flash_fds_s140_pca10056/app_timer2.o
                0x000000000002f5a0                m_nrf_log_app_timer_logs_data_const
 .log_const_data_app_timer_cli_uart_timer
                0x000000000002f5a8        0x8 Output/Release/Obj/flash_fds_s140_pca10056/cli.o
                0x000000000002f5a8                m_nrf_log_app_timer_cli_uart_timer_logs_data_const
 .log_const_data_atfifo_m_fifo
                0x000000000002f5b0        0x8 Output/Release/Obj/flash_fds_s140_pca10056/nrf_fstorage_sd.o
                0x000000000002f5b0                m_nrf_log_atfifo_m_fifo_logs_data_const
 .log_const_data_atfifo_m_queue
                0x000000000002f5b8        0x8 Output/Release/Obj/flash_fds_s140_pca10056/fds.o
                0x000000000002f5b8                m_nrf_log_atfifo_m_queue_logs_data_const
 .log_const_data_atfifo_m_req_fifo
                0x000000000002f5c0        0x8 Output/Release/Obj/flash_fds_s140_pca10056/app_timer2.o
                0x000000000002f5c0                m_nrf_log_atfifo_m_req_fifo_logs_data_const
 .log_const_data_balloc_log_mempool
                0x000000000002f5c8        0x8 Output/Release/Obj/flash_fds_s140_pca10056/nrf_log_frontend.o
                0x000000000002f5c8                m_nrf_log_balloc_log_mempool_logs_data_const
 .log_const_data_balloc_m_cli_uart_cmd_hist_memobj
                0x000000000002f5d0        0x8 Output/Release/Obj/flash_fds_s140_pca10056/cli.o
                0x000000000002f5d0                m_nrf_log_balloc_m_cli_uart_cmd_hist_memobj_logs_data_const
 .log_const_data_cli_uart
                0x000000000002f5d8        0x8 Output/Release/Obj/flash_fds_s140_pca10056/nrf_cli_uart.o
                0x000000000002f5d8                m_nrf_log_cli_uart_logs_data_const
 .log_const_data_nrf_fstorage
                0x000000000002f5e0        0x8 Output/Release/Obj/flash_fds_s140_pca10056/nrf_fstorage.o
                0x000000000002f5e0                m_nrf_log_nrf_fstorage_logs_data_const
 .log_const_data_nrf_sdh
                0x000000000002f5e8        0x8 Output/Release/Obj/flash_fds_s140_pca10056/nrf_sdh.o
                0x000000000002f5e8                m_nrf_log_nrf_sdh_logs_data_const
 .log_const_data_nrf_sdh_ble
                0x000000000002f5f0        0x8 Output/Release/Obj/flash_fds_s140_pca10056/nrf_sdh_ble.o
                0x000000000002f5f0                m_nrf_log_nrf_sdh_ble_logs_data_const
 .log_const_data_nrf_sdh_soc
                0x000000000002f5f8        0x8 Output/Release/Obj/flash_fds_s140_pca10056/nrf_sdh_soc.o
                0x000000000002f5f8                m_nrf_log_nrf_sdh_soc_logs_data_const
 .log_const_data_pwr_mgmt
                0x000000000002f600        0x8 Output/Release/Obj/flash_fds_s140_pca10056/nrf_pwr_mgmt.o
                0x000000000002f600                m_nrf_log_pwr_mgmt_logs_data_const
 .log_const_data_queue_m_cli_uart_log_backend_queue
                0x000000000002f608        0x8 Output/Release/Obj/flash_fds_s140_pca10056/cli.o
                0x000000000002f608                m_nrf_log_queue_m_cli_uart_log_backend_queue_logs_data_const
 .log_const_data_sortlist
                0x000000000002f610        0x8 Output/Release/Obj/flash_fds_s140_pca10056/nrf_sortlist.o
                0x000000000002f610                m_nrf_log_sortlist_logs_data_const
                0x000000000002f618                __log_const_data_end__ = (__log_const_data_start__ + SIZEOF (.log_const_data))
                0x0000000000000098                __log_const_data_size__ = SIZEOF (.log_const_data)
                0x000000000002f618                __stop_log_const_data = __log_const_data_end__
                0x000000000002f618                __log_const_data_load_end__ = __log_const_data_end__
                0x0000000000000001                . = ASSERT (((__log_const_data_start__ == __log_const_data_end__) || ((__log_const_data_end__ - __FLASH1_segment_start__) <= __FLASH1_segment_size__)), error: .log_const_data is too large to fit in FLASH1 memory segment)
                0x000000000002f618                __sdh_soc_observers_load_start__ = ALIGN (__log_const_data_end__, 0x4)

.sdh_soc_observers
                0x000000000002f618        0x8
                0x000000000002f618                __sdh_soc_observers_start__ = .
                0x000000000002f618                __start_sdh_soc_observers = __sdh_soc_observers_start__
 *(SORT_BY_NAME(.sdh_soc_observers*))
 .sdh_soc_observers0
                0x000000000002f618        0x8 Output/Release/Obj/flash_fds_s140_pca10056/nrf_fstorage_sd.o
                0x000000000002f620                __sdh_soc_observers_end__ = (__sdh_soc_observers_start__ + SIZEOF (.sdh_soc_observers))
                0x0000000000000008                __sdh_soc_observers_size__ = SIZEOF (.sdh_soc_observers)
                0x000000000002f620                __stop_sdh_soc_observers = __sdh_soc_observers_end__
                0x000000000002f620                __sdh_soc_observers_load_end__ = __sdh_soc_observers_end__
                0x0000000000000001                . = ASSERT (((__sdh_soc_observers_start__ == __sdh_soc_observers_end__) || ((__sdh_soc_observers_end__ - __FLASH1_segment_start__) <= __FLASH1_segment_size__)), error: .sdh_soc_observers is too large to fit in FLASH1 memory segment)
                0x000000000002f620                __log_backends_load_start__ = ALIGN (__sdh_soc_observers_end__, 0x4)

.log_backends   0x000000000002f620       0x20
                0x000000000002f620                __log_backends_start__ = .
                0x000000000002f620                __start_log_backends = __log_backends_start__
 *(SORT_BY_NAME(.log_backends*))
 .log_backends  0x000000000002f620       0x10 Output/Release/Obj/flash_fds_s140_pca10056/nrf_log_default_backends.o
 .log_backends  0x000000000002f630       0x10 Output/Release/Obj/flash_fds_s140_pca10056/cli.o
                0x000000000002f640                __log_backends_end__ = (__log_backends_start__ + SIZEOF (.log_backends))
                0x0000000000000020                __log_backends_size__ = SIZEOF (.log_backends)
                0x000000000002f640                __stop_log_backends = __log_backends_end__
                0x000000000002f640                __log_backends_load_end__ = __log_backends_end__
                0x0000000000000001                . = ASSERT (((__log_backends_start__ == __log_backends_end__) || ((__log_backends_end__ - __FLASH1_segment_start__) <= __FLASH1_segment_size__)), error: .log_backends is too large to fit in FLASH1 memory segment)
                0x000000000002f640                __nrf_balloc_load_start__ = ALIGN (__log_backends_end__, 0x4)

.nrf_balloc     0x000000000002f640       0x38
                0x000000000002f640                __nrf_balloc_start__ = .
                0x000000000002f640                __start_nrf_balloc = __nrf_balloc_start__
 *(.nrf_balloc*)
 .nrf_balloc    0x000000000002f640       0x1c Output/Release/Obj/flash_fds_s140_pca10056/nrf_log_frontend.o
                0x000000000002f640                log_mempool
 .nrf_balloc    0x000000000002f65c       0x1c Output/Release/Obj/flash_fds_s140_pca10056/cli.o
                0x000000000002f65c                m_cli_uart_cmd_hist_memobj
                0x000000000002f678                __nrf_balloc_end__ = (__nrf_balloc_start__ + SIZEOF (.nrf_balloc))
                0x0000000000000038                __nrf_balloc_size__ = SIZEOF (.nrf_balloc)
                0x000000000002f678                __stop_nrf_balloc = __nrf_balloc_end__
                0x000000000002f678                __nrf_balloc_load_end__ = __nrf_balloc_end__
                0x0000000000000001                . = ASSERT (((__nrf_balloc_start__ == __nrf_balloc_end__) || ((__nrf_balloc_end__ - __FLASH1_segment_start__) <= __FLASH1_segment_size__)), error: .nrf_balloc is too large to fit in FLASH1 memory segment)
                0x000000000002f678                __nrf_sections_load_start__ = ALIGN (__nrf_balloc_end__, 0x4)

.nrf_sections   0x000000000002f678        0x0
                0x000000000002f678                __nrf_sections_start__ = .
                0x000000000002f678                __start_nrf_sections = __nrf_sections_start__
 *(.nrf_sections .nrf_sections.*)
                0x000000000002f678                __nrf_sections_end__ = (__nrf_sections_start__ + SIZEOF (.nrf_sections))
                0x0000000000000000                __nrf_sections_size__ = SIZEOF (.nrf_sections)
                0x000000000002f678                __nrf_sections_load_end__ = __nrf_sections_end__
                0x0000000000000001                . = ASSERT (((__nrf_sections_start__ == __nrf_sections_end__) || ((__nrf_sections_end__ - __FLASH1_segment_start__) <= __FLASH1_segment_size__)), error: .nrf_sections is too large to fit in FLASH1 memory segment)
                0x000000000002f678                __cli_sorted_cmd_ptrs_load_start__ = ALIGN (__nrf_sections_end__, 0x4)

.cli_sorted_cmd_ptrs
                0x0000000020002260       0x38 load address 0x000000000002f678
                0x0000000020002260                __cli_sorted_cmd_ptrs_start__ = .
 *(.cli_sorted_cmd_ptrs*)
 .cli_sorted_cmd_ptrs
                0x0000000020002260        0x4 Output/Release/Obj/flash_fds_s140_pca10056/nrf_log_frontend.o
                0x0000000020002260                log_str_ptr
 .cli_sorted_cmd_ptrs
                0x0000000020002264        0x4 Output/Release/Obj/flash_fds_s140_pca10056/nrf_balloc.o
                0x0000000020002264                balloc_str_ptr
 .cli_sorted_cmd_ptrs
                0x0000000020002268       0x10 Output/Release/Obj/flash_fds_s140_pca10056/nrf_cli.o
                0x0000000020002268                resize_str_ptr
                0x000000002000226c                history_str_ptr
                0x0000000020002270                cli_str_ptr
                0x0000000020002274                clear_str_ptr
 .cli_sorted_cmd_ptrs
                0x0000000020002278        0x4 Output/Release/Obj/flash_fds_s140_pca10056/nrf_queue.o
                0x0000000020002278                queue_str_ptr
 .cli_sorted_cmd_ptrs
                0x000000002000227c       0x1c Output/Release/Obj/flash_fds_s140_pca10056/cli.o
                0x000000002000227c                stat_str_ptr
                0x0000000020002280                gc_str_ptr
                0x0000000020002284                delete_all_str_ptr
                0x0000000020002288                delete_str_ptr
                0x000000002000228c                update_str_ptr
                0x0000000020002290                write_str_ptr
                0x0000000020002294                print_str_ptr
                0x0000000020002298                __cli_sorted_cmd_ptrs_end__ = (__cli_sorted_cmd_ptrs_start__ + SIZEOF (.cli_sorted_cmd_ptrs))
                0x0000000000000038                __cli_sorted_cmd_ptrs_size__ = SIZEOF (.cli_sorted_cmd_ptrs)